<html>
<body>
<pre>
<h1>µVision Build Log</h1>
<h2>Tool Versions:</h2>
IDE-Version: ¦ÌVision V5.39.0.0
Copyright (C) 2023 ARM Ltd and ARM Germany GmbH. All rights reserved.
License Information: 1 11, 1, LIC=HN0AE-5LIS3-DY6V3-ARFGA-C2LWH-W9L8E
 
Tool Versions:
Toolchain:       MDK-ARM Plus  Version: 5.39.0.0
Toolchain Path:  D:\keil5\ARM\ARMCLANG\Bin
C Compiler:      ArmClang.exe V6.21
Assembler:       Armasm.exe V6.21
Linker/Locator:  ArmLink.exe V6.21
Library Manager: ArmAr.exe V6.21
Hex Converter:   FromElf.exe V6.21
CPU DLL:         SARMCM3.DLL V5.39.0.0
Dialog DLL:      DCM.DLL V1.17.5.0
Target DLL:      UL2CM3.DLL V1.164.9.0
Dialog DLL:      TCM.DLL V1.56.4.0
 
<h2>Project:</h2>
C:\Users\wu.xiao\Desktop\Project\project-lwip\pcs.uvprojx
Project File Date:  04/09/2026

<h2>Output:</h2>
*** Using Compiler 'V6.21', folder: 'D:\keil5\ARM\ARMCLANG\Bin'
Build target 'PCS'
compiling dns.c...
compiling ip.c...
compiling init.c...
compiling altcp_tcp.c...
compiling altcp.c...
compiling mem.c...
compiling memp.c...
compiling def.c...
compiling enet_setup.c...
compiling netif.c...
compiling raw.c...
compiling pbuf.c...
compiling sys.c...
compiling stats.c...
compiling acd.c...
compiling igmp.c...
compiling timeouts.c...
compiling udp.c...
compiling icmp.c...
compiling tcp_in.c...
compiling ip4.c...
compiling tcp.c...
compiling tcp_out.c...
compiling api_lib.c...
compiling dhcp.c...
compiling netifapi.c...
compiling if_api.c...
compiling netbuf.c...
compiling tcpip.c...
compiling ethernet.c...
compiling api_msg.c...
compiling sockets.c...
linking...
Program Size: Code=44080 RO-data=1296 RW-data=20 ZI-data=74564  
".\Objects\pcs.axf" - 0 Error(s), 0 Warning(s).

<h2>Software Packages used:</h2>

Package Vendor: GigaDevice
                https://gd32mcu.com/data/documents/pack/GigaDevice.GD32F30x_DFP.2.2.1.pack
                GigaDevice::GD32F30x_DFP@2.2.1
                GigaDevice GD32F30x Series Device Support and Examples

<h2>Collection of Component include folders:</h2>
  D:/keil5/Packs/GigaDevice/GD32F30x_DFP/2.2.1/Device/Include

<h2>Collection of Component Files used:</h2>
Build Time Elapsed:  00:00:02
</pre>
</body>
</html>
