Component: Arm Compiler for Embedded 6.21 Tool: armlink [5ec1fa00]

==============================================================================

Section Cross References

    main.o(.text.main) refers to bsp_debuguart.o(.text.bsp_debuguart_init) for bsp_debuguart_init
    main.o(.text.main) refers to puts.o(i.puts) for puts
    main.o(.text.main) refers to enet_setup.o(.text.enet_system_setup) for enet_system_setup
    main.o(.text.main) refers to netconf.o(.text.lwip_stack_init) for lwip_stack_init
    main.o(.text.main) refers to main.o(.text.tcp_server_task) for tcp_server_task
    main.o(.text.main) refers to tasks.o(.text.xTaskCreate) for xTaskCreate
    main.o(.text.main) refers to tasks.o(.text.vTaskStartScheduler) for vTaskStartScheduler
    main.o(.ARM.exidx.text.main) refers to main.o(.text.main) for [Anonymous Symbol]
    main.o(.text.tcp_server_task) refers to printf8.o(i.__0printf$8) for __2printf
    main.o(.text.tcp_server_task) refers to tasks.o(.text.vTaskDelay) for vTaskDelay
    main.o(.text.tcp_server_task) refers to main.o(.rodata.str1.1) for .L.str.13
    main.o(.text.tcp_server_task) refers to puts.o(i.puts) for puts
    main.o(.text.tcp_server_task) refers to sockets.o(.text.lwip_socket) for lwip_socket
    main.o(.text.tcp_server_task) refers to def.o(.text.lwip_htonl) for lwip_htonl
    main.o(.text.tcp_server_task) refers to def.o(.text.lwip_htons) for lwip_htons
    main.o(.text.tcp_server_task) refers to sockets.o(.text.lwip_bind) for lwip_bind
    main.o(.text.tcp_server_task) refers to sockets.o(.text.lwip_listen) for lwip_listen
    main.o(.text.tcp_server_task) refers to sockets.o(.text.lwip_accept) for lwip_accept
    main.o(.text.tcp_server_task) refers to memseta.o(.text) for __aeabi_memclr4
    main.o(.text.tcp_server_task) refers to sockets.o(.text.lwip_recv) for lwip_recv
    main.o(.text.tcp_server_task) refers to sockets.o(.text.lwip_close) for lwip_close
    main.o(.ARM.exidx.text.tcp_server_task) refers to main.o(.text.tcp_server_task) for [Anonymous Symbol]
    netconf.o(.text.lwip_stack_init) refers to mem.o(.text.mem_init) for mem_init
    netconf.o(.text.lwip_stack_init) refers to memp.o(.text.memp_init) for memp_init
    netconf.o(.text.lwip_stack_init) refers to netconf.o(.text.tcpip_init_done_callback) for tcpip_init_done_callback
    netconf.o(.text.lwip_stack_init) refers to tcpip.o(.text.tcpip_init) for tcpip_init
    netconf.o(.ARM.exidx.text.lwip_stack_init) refers to netconf.o(.text.lwip_stack_init) for [Anonymous Symbol]
    netconf.o(.text.tcpip_init_done_callback) refers to netconf.o(.text.netif_setup_callback) for netif_setup_callback
    netconf.o(.text.tcpip_init_done_callback) refers to tcpip.o(.text.tcpip_callback) for tcpip_callback
    netconf.o(.ARM.exidx.text.tcpip_init_done_callback) refers to netconf.o(.text.tcpip_init_done_callback) for [Anonymous Symbol]
    netconf.o(.text.ENET_IRQHandler) refers to gd32f30x_enet.o(.text.enet_interrupt_flag_get) for enet_interrupt_flag_get
    netconf.o(.text.ENET_IRQHandler) refers to gd32f30x_enet.o(.bss.dma_current_rxdesc) for dma_current_rxdesc
    netconf.o(.text.ENET_IRQHandler) refers to netconf.o(.bss.g_mynetif) for g_mynetif
    netconf.o(.text.ENET_IRQHandler) refers to ethernetif.o(.text.ethernetif_input) for ethernetif_input
    netconf.o(.text.ENET_IRQHandler) refers to gd32f30x_enet.o(.text.enet_interrupt_flag_clear) for enet_interrupt_flag_clear
    netconf.o(.ARM.exidx.text.ENET_IRQHandler) refers to netconf.o(.text.ENET_IRQHandler) for [Anonymous Symbol]
    netconf.o(.text.netif_setup_callback) refers to ethernetif.o(.text.ethernetif_init) for ethernetif_init
    netconf.o(.text.netif_setup_callback) refers to netconf.o(.bss.g_mynetif) for g_mynetif
    netconf.o(.text.netif_setup_callback) refers to tcpip.o(.text.tcpip_input) for tcpip_input
    netconf.o(.text.netif_setup_callback) refers to netif.o(.text.netif_add) for netif_add
    netconf.o(.text.netif_setup_callback) refers to netif.o(.text.netif_set_default) for netif_set_default
    netconf.o(.text.netif_setup_callback) refers to netif.o(.text.netif_set_link_up) for netif_set_link_up
    netconf.o(.text.netif_setup_callback) refers to netif.o(.text.netif_set_up) for netif_set_up
    netconf.o(.ARM.exidx.text.netif_setup_callback) refers to netconf.o(.text.netif_setup_callback) for [Anonymous Symbol]
    enet_setup.o(.text.enet_system_setup) refers to gd32f30x_misc.o(.text.nvic_irq_enable) for nvic_irq_enable
    enet_setup.o(.text.enet_system_setup) refers to gd32f30x_rcu.o(.text.rcu_periph_clock_enable) for rcu_periph_clock_enable
    enet_setup.o(.text.enet_system_setup) refers to gd32f30x_gpio.o(.text.gpio_ethernet_phy_select) for gpio_ethernet_phy_select
    enet_setup.o(.text.enet_system_setup) refers to gd32f30x_gpio.o(.text.gpio_init) for gpio_init
    enet_setup.o(.text.enet_system_setup) refers to gd32f30x_enet.o(.text.enet_phy_write_read) for enet_phy_write_read
[...]
    pbuf_alloc                               0x080061c9   Thumb Code   394  pbuf.o(.text.pbuf_alloc)
    pbuf_alloced_custom                      0x08006355   Thumb Code    62  pbuf.o(.text.pbuf_alloced_custom)
    pbuf_cat                                 0x08006395   Thumb Code    68  pbuf.o(.text.pbuf_cat)
    pbuf_chain                               0x080063d9   Thumb Code    78  pbuf.o(.text.pbuf_chain)
    pbuf_clen                                0x08006429   Thumb Code    16  pbuf.o(.text.pbuf_clen)
    pbuf_clone                               0x08006439   Thumb Code    54  pbuf.o(.text.pbuf_clone)
    pbuf_copy                                0x08006471   Thumb Code    30  pbuf.o(.text.pbuf_copy)
    pbuf_copy_partial                        0x08006491   Thumb Code   116  pbuf.o(.text.pbuf_copy_partial)
    pbuf_copy_partial_pbuf                   0x08006549   Thumb Code   236  pbuf.o(.text.pbuf_copy_partial_pbuf)
    pbuf_free                                0x08006655   Thumb Code    96  pbuf.o(.text.pbuf_free)
    pbuf_free_header                         0x080066b5   Thumb Code   154  pbuf.o(.text.pbuf_free_header)
    pbuf_header_force                        0x08006751   Thumb Code   132  pbuf.o(.text.pbuf_header_force)
    pbuf_realloc                             0x080067d5   Thumb Code   170  pbuf.o(.text.pbuf_realloc)
    pbuf_ref                                 0x08006881   Thumb Code    14  pbuf.o(.text.pbuf_ref)
    pbuf_remove_header                       0x08006891   Thumb Code    64  pbuf.o(.text.pbuf_remove_header)
    pvPortMalloc                             0x08007079   Thumb Code   496  heap_4.o(.text.pvPortMalloc)
    pvTaskIncrementMutexHeldCount            0x08007269   Thumb Code    24  tasks.o(.text.pvTaskIncrementMutexHeldCount)
    pxPortInitialiseStack                    0x08007281   Thumb Code    36  port.o(.text.pxPortInitialiseStack)
    rcu_clock_freq_get                       0x080072a5   Thumb Code   288  gd32f30x_rcu.o(.text.rcu_clock_freq_get)
    rcu_periph_clock_enable                  0x080073d5   Thumb Code    30  gd32f30x_rcu.o(.text.rcu_periph_clock_enable)
    rcu_periph_reset_disable                 0x080073f5   Thumb Code    32  gd32f30x_rcu.o(.text.rcu_periph_reset_disable)
    rcu_periph_reset_enable                  0x08007415   Thumb Code    30  gd32f30x_rcu.o(.text.rcu_periph_reset_enable)
    sys_arch_mbox_fetch                      0x08007565   Thumb Code    58  sys_arch.o(.text.sys_arch_mbox_fetch)
    sys_arch_mbox_tryfetch                   0x080075a1   Thumb Code    42  sys_arch.o(.text.sys_arch_mbox_tryfetch)
    sys_arch_sem_wait                        0x080075cd   Thumb Code    42  sys_arch.o(.text.sys_arch_sem_wait)
    sys_check_timeouts                       0x080075f9   Thumb Code    78  timeouts.o(.text.sys_check_timeouts)
    sys_init                                 0x08007649   Thumb Code     2  sys_arch.o(.text.sys_init)
    sys_mbox_free                            0x0800764d   Thumb Code     6  sys_arch.o(.text.sys_mbox_free)
    sys_mbox_new                             0x08007655   Thumb Code    32  sys_arch.o(.text.sys_mbox_new)
    sys_mbox_post                            0x08007675   Thumb Code    34  sys_arch.o(.text.sys_mbox_post)
    sys_mbox_trypost                         0x08007699   Thumb Code    38  sys_arch.o(.text.sys_mbox_trypost)
    sys_mutex_lock                           0x080076c1   Thumb Code    14  sys_arch.o(.text.sys_mutex_lock)
    sys_mutex_new                            0x080076d1   Thumb Code    26  sys_arch.o(.text.sys_mutex_new)
    sys_mutex_unlock                         0x080076ed   Thumb Code     6  sys_arch.o(.text.sys_mutex_unlock)
    sys_now                                  0x080076f5   Thumb Code     8  sys_arch.o(.text.sys_now)
    sys_sem_free                             0x080076fd   Thumb Code    16  sys_arch.o(.text.sys_sem_free)
    sys_sem_new                              0x0800770d   Thumb Code    52  sys_arch.o(.text.sys_sem_new)
    sys_sem_signal                           0x08007741   Thumb Code    28  sys_arch.o(.text.sys_sem_signal)
    sys_thread_new                           0x0800775d   Thumb Code    34  sys_arch.o(.text.sys_thread_new)
    sys_timeouts_init                        0x08007781   Thumb Code   124  timeouts.o(.text.sys_timeouts_init)
    sys_timeouts_sleeptime                   0x080077fd   Thumb Code    36  timeouts.o(.text.sys_timeouts_sleeptime)
    tcp_abandon                              0x08007821   Thumb Code   408  tcp.o(.text.tcp_abandon)
    tcp_abort                                0x080079d5   Thumb Code     6  tcp.o(.text.tcp_abort)
    tcp_accept                               0x080079dd   Thumb Code    16  tcp.o(.text.tcp_accept)
    tcp_alloc                                0x080079fd   Thumb Code   474  tcp.o(.text.tcp_alloc)
    tcp_arg                                  0x08007bd9   Thumb Code     8  tcp.o(.text.tcp_arg)
    tcp_bind                                 0x08007be1   Thumb Code   264  tcp.o(.text.tcp_bind)
    tcp_close                                0x08007d29   Thumb Code    36  tcp.o(.text.tcp_close)
    tcp_eff_send_mss_netif                   0x08008005   Thumb Code    26  tcp.o(.text.tcp_eff_send_mss_netif)
    tcp_enqueue_flags                        0x08008021   Thumb Code   126  tcp_out.o(.text.tcp_enqueue_flags)
    tcp_err                                  0x080080a1   Thumb Code    10  tcp.o(.text.tcp_err)
    tcp_fasttmr                              0x080080ad   Thumb Code   258  tcp.o(.text.tcp_fasttmr)
    tcp_free                                 0x080081b1   Thumb Code     8  tcp.o(.text.tcp_free)
    tcp_init                                 0x08008235   Thumb Code     2  tcp.o(.text.tcp_init)
    tcp_input                                0x08008239   Thumb Code  1194  tcp_in.o(.text.tcp_input)
    tcp_keepalive                            0x08008729   Thumb Code   106  tcp_out.o(.text.tcp_keepalive)
    tcp_listen_with_backlog_and_err          0x080088f9   Thumb Code   160  tcp.o(.text.tcp_listen_with_backlog_and_err)
    tcp_netif_ip_addr_changed                0x08008a01   Thumb Code   132  tcp.o(.text.tcp_netif_ip_addr_changed)
    tcp_new_ip_type                          0x08008a85   Thumb Code     6  tcp.o(.text.tcp_new_ip_type)
    tcp_next_iss                             0x08008a8d   Thumb Code    26  tcp.o(.text.tcp_next_iss)
    tcp_output                               0x08008aa9   Thumb Code   746  tcp_out.o(.text.tcp_output)
    tcp_pcb_purge                            0x08008f79   Thumb Code   128  tcp.o(.text.tcp_pcb_purge)
    tcp_pcb_remove                           0x08009015   Thumb Code    74  tcp.o(.text.tcp_pcb_remove)
    tcp_poll                                 0x08009061   Thumb Code    20  tcp.o(.text.tcp_poll)
    tcp_process_refused_data                 0x08009531   Thumb Code   128  tcp.o(.text.tcp_process_refused_data)
    tcp_recv                                 0x080099d9   Thumb Code    10  tcp.o(.text.tcp_recv)
    tcp_recv_null                            0x080099e5   Thumb Code   168  tcp.o(.text.tcp_recv_null)
    tcp_recved                               0x08009aa9   Thumb Code   124  tcp.o(.text.tcp_recved)
    tcp_rexmit                               0x08009b3d   Thumb Code   116  tcp_out.o(.text.tcp_rexmit)
    tcp_rexmit_fast                          0x08009bb1   Thumb Code   194  tcp_out.o(.text.tcp_rexmit_fast)
    tcp_rexmit_rto                           0x08009c75   Thumb Code   124  tcp_out.o(.text.tcp_rexmit_rto)
    tcp_rexmit_rto_commit                    0x08009cf1   Thumb Code    20  tcp_out.o(.text.tcp_rexmit_rto_commit)
    tcp_rexmit_rto_prepare                   0x08009d05   Thumb Code   102  tcp_out.o(.text.tcp_rexmit_rto_prepare)
    tcp_rst                                  0x08009d6d   Thumb Code   100  tcp_out.o(.text.tcp_rst)
    tcp_rst_netif                            0x08009e31   Thumb Code    68  tcp_out.o(.text.tcp_rst_netif)
    tcp_seg_free                             0x08009e75   Thumb Code    32  tcp.o(.text.tcp_seg_free)
    tcp_segs_free                            0x08009e95   Thumb Code    44  tcp.o(.text.tcp_segs_free)
    tcp_send_empty_ack                       0x08009ec1   Thumb Code   126  tcp_out.o(.text.tcp_send_empty_ack)
    tcp_send_fin                             0x08009f41   Thumb Code    68  tcp_out.o(.text.tcp_send_fin)
    tcp_sent                                 0x08009f85   Thumb Code     8  tcp.o(.text.tcp_sent)
    tcp_shutdown                             0x0800a16d   Thumb Code   112  tcp.o(.text.tcp_shutdown)
    tcp_slowtmr                              0x0800a1f9   Thumb Code   868  tcp.o(.text.tcp_slowtmr)
    tcp_split_unsent_seg                     0x0800a575   Thumb Code   326  tcp_out.o(.text.tcp_split_unsent_seg)
    tcp_timer_needed                         0x0800a6bd   Thumb Code   136  timeouts.o(.text.tcp_timer_needed)
    tcp_tmr                                  0x0800a7e9   Thumb Code    34  tcp.o(.text.tcp_tmr)
    tcp_trigger_input_pcb_close              0x0800a80d   Thumb Code    18  tcp_in.o(.text.tcp_trigger_input_pcb_close)
    tcp_update_rcv_ann_wnd                   0x0800a821   Thumb Code    66  tcp.o(.text.tcp_update_rcv_ann_wnd)
    tcp_write                                0x0800a865   Thumb Code  1284  tcp_out.o(.text.tcp_write)
    tcp_zero_window_probe                    0x0800adb5   Thumb Code   218  tcp_out.o(.text.tcp_zero_window_probe)
    tcpip_callback                           0x0800ae91   Thumb Code    48  tcpip.o(.text.tcpip_callback)
    tcpip_init                               0x0800aec1   Thumb Code    84  tcpip.o(.text.tcpip_init)
    tcpip_input                              0x0800af35   Thumb Code    94  tcpip.o(.text.tcpip_input)
    tcpip_send_msg_wait_sem                  0x0800af95   Thumb Code    34  tcpip.o(.text.tcpip_send_msg_wait_sem)
    udp_bind                                 0x0800b0fd   Thumb Code   232  udp.o(.text.udp_bind)
    udp_connect                              0x0800b1fd   Thumb Code    96  udp.o(.text.udp_connect)
    udp_init                                 0x0800b295   Thumb Code     2  udp.o(.text.udp_init)
    udp_input                                0x0800b299   Thumb Code   356  udp.o(.text.udp_input)
    udp_netif_ip_addr_changed                0x0800b3fd   Thumb Code    62  udp.o(.text.udp_netif_ip_addr_changed)
    udp_new                                  0x0800b43d   Thumb Code    38  udp.o(.text.udp_new)
    udp_new_ip_type                          0x0800b465   Thumb Code    38  udp.o(.text.udp_new_ip_type)
    udp_recv                                 0x0800b48d   Thumb Code    16  udp.o(.text.udp_recv)
    udp_remove                               0x0800b4b5   Thumb Code    56  udp.o(.text.udp_remove)
    udp_sendto_if                            0x0800b505   Thumb Code    88  udp.o(.text.udp_sendto_if)
    udp_sendto_if_src                        0x0800b5d5   Thumb Code   228  udp.o(.text.udp_sendto_if_src)
    usart_baudrate_set                       0x0800b745   Thumb Code   106  gd32f30x_usart.o(.text.usart_baudrate_set)
    usart_data_transmit                      0x0800b7b1   Thumb Code     8  gd32f30x_usart.o(.text.usart_data_transmit)
    usart_enable                             0x0800b7b9   Thumb Code    10  gd32f30x_usart.o(.text.usart_enable)
    usart_flag_get                           0x0800b7c5   Thumb Code    16  gd32f30x_usart.o(.text.usart_flag_get)
    usart_parity_config                      0x0800b7d5   Thumb Code    16  gd32f30x_usart.o(.text.usart_parity_config)
    usart_receive_config                     0x0800b7e5   Thumb Code    20  gd32f30x_usart.o(.text.usart_receive_config)
    usart_stop_bit_set                       0x0800b7f9   Thumb Code    16  gd32f30x_usart.o(.text.usart_stop_bit_set)
    usart_transmit_config                    0x0800b809   Thumb Code    20  gd32f30x_usart.o(.text.usart_transmit_config)
    usart_word_length_set                    0x0800b81d   Thumb Code    16  gd32f30x_usart.o(.text.usart_word_length_set)
    uxListRemove                             0x0800b82d   Thumb Code    34  list.o(.text.uxListRemove)
    vApplicationGetTimerTaskMemory           0x0800b851   Thumb Code    26  tasks.o(.text.vApplicationGetTimerTaskMemory)
    vListInitialise                          0x0800b86d   Thumb Code    24  list.o(.text.vListInitialise)
    vListInitialiseItem                      0x0800b885   Thumb Code     6  list.o(.text.vListInitialiseItem)
    vListInsert                              0x0800b88d   Thumb Code    62  list.o(.text.vListInsert)
    vPortEnterCritical                       0x0800b8e1   Thumb Code    70  port.o(.text.vPortEnterCritical)
    vPortExitCritical                        0x0800b929   Thumb Code    46  port.o(.text.vPortExitCritical)
    vPortFree                                0x0800b959   Thumb Code   286  heap_4.o(.text.vPortFree)
    vPortSetupTimerInterrupt                 0x0800ba79   Thumb Code    30  port.o(.text.vPortSetupTimerInterrupt)
    vQueueDelete                             0x0800ba99   Thumb Code    34  queue.o(.text.vQueueDelete)
    vQueueWaitForMessageRestricted           0x0800babd   Thumb Code    78  queue.o(.text.vQueueWaitForMessageRestricted)
    vTaskDelay                               0x0800bb0d   Thumb Code   214  tasks.o(.text.vTaskDelay)
    vTaskInternalSetTimeOutState             0x0800bbe5   Thumb Code    30  tasks.o(.text.vTaskInternalSetTimeOutState)
    vTaskMissedYield                         0x0800bc05   Thumb Code    14  tasks.o(.text.vTaskMissedYield)
    vTaskPlaceOnEventList                    0x0800bc15   Thumb Code    58  tasks.o(.text.vTaskPlaceOnEventList)
    vTaskPlaceOnEventListRestricted          0x0800bc51   Thumb Code   110  tasks.o(.text.vTaskPlaceOnEventListRestricted)
    vTaskPriorityDisinheritAfterTimeout      0x0800bcc1   Thumb Code   194  tasks.o(.text.vTaskPriorityDisinheritAfterTimeout)
    vTaskStartScheduler                      0x0800bd85   Thumb Code   186  tasks.o(.text.vTaskStartScheduler)
    vTaskSuspendAll                          0x0800be41   Thumb Code    16  tasks.o(.text.vTaskSuspendAll)
    vTaskSwitchContext                       0x0800be51   Thumb Code   162  tasks.o(.text.vTaskSwitchContext)
    xPortStartScheduler                      0x0800bef5   Thumb Code   434  port.o(.text.xPortStartScheduler)
    xQueueCreateMutex                        0x0800c0a9   Thumb Code   120  queue.o(.text.xQueueCreateMutex)
    xQueueGenericCreate                      0x0800c121   Thumb Code   142  queue.o(.text.xQueueGenericCreate)
    xQueueGenericCreateStatic                0x0800c1b1   Thumb Code   204  queue.o(.text.xQueueGenericCreateStatic)
    xQueueGenericSend                        0x0800c27d   Thumb Code   542  queue.o(.text.xQueueGenericSend)
    xQueueGiveMutexRecursive                 0x0800c49d   Thumb Code    72  queue.o(.text.xQueueGiveMutexRecursive)
    xQueueReceive                            0x0800c4e5   Thumb Code   432  queue.o(.text.xQueueReceive)
    xQueueSemaphoreTake                      0x0800c695   Thumb Code   458  queue.o(.text.xQueueSemaphoreTake)
    xQueueTakeMutexRecursive                 0x0800c861   Thumb Code   122  queue.o(.text.xQueueTakeMutexRecursive)
    xTaskCheckForTimeOut                     0x0800c8dd   Thumb Code   186  tasks.o(.text.xTaskCheckForTimeOut)
    xTaskCreate                              0x0800c999   Thumb Code   246  tasks.o(.text.xTaskCreate)
    xTaskCreateStatic                        0x0800ca91   Thumb Code   278  tasks.o(.text.xTaskCreateStatic)
    xTaskGetCurrentTaskHandle                0x0800cba9   Thumb Code    12  tasks.o(.text.xTaskGetCurrentTaskHandle)
    xTaskGetSchedulerState                   0x0800cbb5   Thumb Code    38  tasks.o(.text.xTaskGetSchedulerState)
    xTaskGetTickCount                        0x0800cbdd   Thumb Code    28  tasks.o(.text.xTaskGetTickCount)
    xTaskIncrementTick                       0x0800cbf9   Thumb Code   480  tasks.o(.text.xTaskIncrementTick)
    xTaskPriorityDisinherit                  0x0800cdd9   Thumb Code   174  tasks.o(.text.xTaskPriorityDisinherit)
    xTaskPriorityInherit                     0x0800ce89   Thumb Code   176  tasks.o(.text.xTaskPriorityInherit)
    xTaskRemoveFromEventList                 0x0800cf39   Thumb Code   230  tasks.o(.text.xTaskRemoveFromEventList)
    xTaskResumeAll                           0x0800d021   Thumb Code   418  tasks.o(.text.xTaskResumeAll)
    xTimerCreateTimerTask                    0x0800d1c5   Thumb Code   192  timers.o(.text.xTimerCreateTimerTask)
    __0printf$8                              0x0800d28d   Thumb Code    22  printf8.o(i.__0printf$8)
    __1printf$8                              0x0800d28d   Thumb Code     0  printf8.o(i.__0printf$8)
    __2printf                                0x0800d28d   Thumb Code     0  printf8.o(i.__0printf$8)
    __scatterload_copy                       0x0800d2ad   Thumb Code    14  handlers.o(i.__scatterload_copy)
    __scatterload_null                       0x0800d2bb   Thumb Code     2  handlers.o(i.__scatterload_null)
    __scatterload_zeroinit                   0x0800d2bd   Thumb Code    14  handlers.o(i.__scatterload_zeroinit)
    puts                                     0x0800d731   Thumb Code    30  puts.o(i.puts)
    ethbroadcast                             0x0800d7a4   Data           6  ethernet.o(.rodata.ethbroadcast)
    ethzero                                  0x0800d7aa   Data           6  ethernet.o(.rodata.ethzero)
    ip_addr_any                              0x0800d7b0   Data           4  ip4_addr.o(.rodata.ip_addr_any)
    ip_addr_broadcast                        0x0800d7b4   Data           4  ip4_addr.o(.rodata.ip_addr_broadcast)
    lwip_cyclic_timers                       0x0800d7b8   Data          40  timeouts.o(.rodata.lwip_cyclic_timers)
    memp_FRAG_PBUF                           0x0800d7e0   Data          16  memp.o(.rodata.memp_FRAG_PBUF)
    memp_NETBUF                              0x0800d7f0   Data          16  memp.o(.rodata.memp_NETBUF)
    memp_NETCONN                             0x0800d800   Data          16  memp.o(.rodata.memp_NETCONN)
    memp_PBUF                                0x0800d810   Data          16  memp.o(.rodata.memp_PBUF)
    memp_PBUF_POOL                           0x0800d820   Data          16  memp.o(.rodata.memp_PBUF_POOL)
    memp_REASSDATA                           0x0800d830   Data          16  memp.o(.rodata.memp_REASSDATA)
    memp_SYS_TIMEOUT                         0x0800d840   Data          16  memp.o(.rodata.memp_SYS_TIMEOUT)
    memp_TCPIP_MSG_API                       0x0800d850   Data          16  memp.o(.rodata.memp_TCPIP_MSG_API)
    memp_TCPIP_MSG_INPKT                     0x0800d860   Data          16  memp.o(.rodata.memp_TCPIP_MSG_INPKT)
    memp_TCP_PCB                             0x0800d870   Data          16  memp.o(.rodata.memp_TCP_PCB)
    memp_TCP_PCB_LISTEN                      0x0800d880   Data          16  memp.o(.rodata.memp_TCP_PCB_LISTEN)
    memp_TCP_SEG                             0x0800d890   Data          16  memp.o(.rodata.memp_TCP_SEG)
    memp_UDP_PCB                             0x0800d8a0   Data          16  memp.o(.rodata.memp_UDP_PCB)
    memp_pools                               0x0800d8b0   Data          52  memp.o(.rodata.memp_pools)
    tcp_pcb_lists                            0x0800dc84   Data          16  tcp.o(.rodata.tcp_pcb_lists)
    Region$$Table$$Base                      0x0800dc98   Number         0  anon$$obj.o(Region$$Table)
    Region$$Table$$Limit                     0x0800dcb8   Number         0  anon$$obj.o(Region$$Table)
    __stdout                                 0x20000000   Data           4  stdout.o(.data)
    dma_current_ptp_rxdesc                   0x20000140   Data           4  gd32f30x_enet.o(.bss.dma_current_ptp_rxdesc)
    dma_current_ptp_txdesc                   0x20000144   Data           4  gd32f30x_enet.o(.bss.dma_current_ptp_txdesc)
    dma_current_rxdesc                       0x20000148   Data           4  gd32f30x_enet.o(.bss.dma_current_rxdesc)
    dma_current_txdesc                       0x2000014c   Data           4  gd32f30x_enet.o(.bss.dma_current_txdesc)
    errno                                    0x20000190   Data           4  sys_arch.o(.bss.errno)
    g_mynetif                                0x20000198   Data          56  netconf.o(.bss.g_mynetif)
    ip_data                                  0x200001dc   Data          24  ip.o(.bss.ip_data)
    lock_tcpip_core                          0x200001fc   Data           4  tcpip.o(.bss.lock_tcpip_core)
    memp_memory_FRAG_PBUF_base               0x20000204   Data         363  memp.o(.bss.memp_memory_FRAG_PBUF_base)
    memp_memory_NETBUF_base                  0x2000036f   Data          35  memp.o(.bss.memp_memory_NETBUF_base)
    memp_memory_NETCONN_base                 0x20000392   Data         163  memp.o(.bss.memp_memory_NETCONN_base)
    memp_memory_PBUF_POOL_base               0x20000435   Data       15163  memp.o(.bss.memp_memory_PBUF_POOL_base)
    memp_memory_PBUF_base                    0x20003f70   Data         163  memp.o(.bss.memp_memory_PBUF_base)
    memp_memory_REASSDATA_base               0x20004013   Data         163  memp.o(.bss.memp_memory_REASSDATA_base)
    memp_memory_SYS_TIMEOUT_base             0x200040b6   Data         163  memp.o(.bss.memp_memory_SYS_TIMEOUT_base)
    memp_memory_TCPIP_MSG_API_base           0x20004159   Data         131  memp.o(.bss.memp_memory_TCPIP_MSG_API_base)
    memp_memory_TCPIP_MSG_INPKT_base         0x200041dc   Data         131  memp.o(.bss.memp_memory_TCPIP_MSG_INPKT_base)
    memp_memory_TCP_PCB_LISTEN_base          0x2000425f   Data         171  memp.o(.bss.memp_memory_TCP_PCB_LISTEN_base)
    memp_memory_TCP_PCB_base                 0x2000430a   Data        1523  memp.o(.bss.memp_memory_TCP_PCB_base)
    memp_memory_TCP_SEG_base                 0x200048fd   Data         243  memp.o(.bss.memp_memory_TCP_SEG_base)
    memp_memory_UDP_PCB_base                 0x200049f0   Data         195  memp.o(.bss.memp_memory_UDP_PCB_base)
    netif_default                            0x20004ae8   Data           4  netif.o(.bss.netif_default)
    netif_list                               0x20004aec   Data           4  netif.o(.bss.netif_list)
    pxCurrentTCB                             0x20004c40   Data           4  tasks.o(.bss.pxCurrentTCB)
    ram_heap                                 0x20004cd8   Data       20499  mem.o(.bss.ram_heap)
    rx_buff                                  0x20009cfc   Data        7620  gd32f30x_enet.o(.bss.rx_buff)
    rxdesc_tab                               0x2000bac0   Data          80  gd32f30x_enet.o(.bss.rxdesc_tab)
    tcp_active_pcbs                          0x2000bb58   Data           4  tcp.o(.bss.tcp_active_pcbs)
    tcp_active_pcbs_changed                  0x2000bb5c   Data           1  tcp.o(.bss.tcp_active_pcbs_changed)
    tcp_bound_pcbs                           0x2000bb60   Data           4  tcp.o(.bss.tcp_bound_pcbs)
    tcp_input_pcb                            0x2000bb64   Data           4  tcp_in.o(.bss.tcp_input_pcb)
    tcp_listen_pcbs                          0x2000bb68   Data           4  tcp.o(.bss.tcp_listen_pcbs)
    tcp_ticks                                0x2000bb6c   Data           4  tcp.o(.bss.tcp_ticks)
    tcp_tw_pcbs                              0x2000bb74   Data           4  tcp.o(.bss.tcp_tw_pcbs)
    tx_buff                                  0x2000bb98   Data        7620  gd32f30x_enet.o(.bss.tx_buff)
    txdesc_tab                               0x2000d95c   Data          80  gd32f30x_enet.o(.bss.txdesc_tab)
    udp_pcbs                                 0x200119b0   Data           4  udp.o(.bss.udp_pcbs)
    __initial_sp                             0x200123a0   Data           0  startup_gd32f30x_cl.o(STACK)



==============================================================================

Memory Map of the image

  Image Entry point : 0x08000151

  Load Region LR_IROM1 (Base: 0x08000000, Size: 0x0000dcd0, Max: 0x00100000, ABSOLUTE)

    Execution Region ER_IROM1 (Exec base: 0x08000000, Load base: 0x08000000, Size: 0x0000dcb8, Max: 0x00100000, ABSOLUTE)

    Exec Addr    Load Addr    Size         Type   Attr      Idx    E Section Name        Object

    0x08000000   0x08000000   0x00000150   Data   RO           87    RESET               startup_gd32f30x_cl.o
    0x08000150   0x08000150   0x00000000   Code   RO         3184  * .ARM.Collect$$$$00000000  mc_w.l(entry.o)
    0x08000150   0x08000150   0x00000004   Code   RO         3500    .ARM.Collect$$$$00000001  mc_w.l(entry2.o)
    0x08000154   0x08000154   0x00000004   Code   RO         3503    .ARM.Collect$$$$00000004  mc_w.l(entry5.o)
    0x08000158   0x08000158   0x00000000   Code   RO         3505    .ARM.Collect$$$$00000008  mc_w.l(entry7b.o)
    0x08000158   0x08000158   0x00000000   Code   RO         3507    .ARM.Collect$$$$0000000A  mc_w.l(entry8b.o)
    0x08000158   0x08000158   0x00000008   Code   RO         3508    .ARM.Collect$$$$0000000B  mc_w.l(entry9a.o)
    0x08000160   0x08000160   0x00000000   Code   RO         3510    .ARM.Collect$$$$0000000D  mc_w.l(entry10a.o)
    0x08000160   0x08000160   0x00000000   Code   RO         3512    .ARM.Collect$$$$0000000F  mc_w.l(entry11a.o)
    0x08000160   0x08000160   0x00000004   Code   RO         3501    .ARM.Collect$$$$00002712  mc_w.l(entry2.o)
    0x08000164   0x08000164   0x00000024   Code   RO           88    .text               startup_gd32f30x_cl.o
    0x08000188   0x08000188   0x00000062   Code   RO         3191    .text               mc_w.l(uldiv.o)
    0x080001ea   0x080001ea   0x00000040   Code   RO         3223    .text               mc_w.l(memmovea.o)
    0x0800022a   0x0800022a   0x00000024   Code   RO         3225    .text               mc_w.l(memseta.o)
    0x0800024e   0x0800024e   0x0000001a   Code   RO         3229    .text               mc_w.l(memcmp.o)
    0x08000268   0x08000268   0x0000001e   Code   RO         3526    .text               mc_w.l(llshl.o)
    0x08000286   0x08000286   0x00000020   Code   RO         3528    .text               mc_w.l(llushr.o)
    0x080002a6   0x080002a6   0x00000002   PAD
    0x080002a8   0x080002a8   0x00000030   Code   RO         3550    .text               mc_w.l(init.o)
    0x080002d8   0x080002d8   0x00000060   Code   RO           20    .text.ENET_IRQHandler  netconf.o
    0x08000338   0x08000338   0x00000060   Code   RO         2052    .text.PendSV_Handler  port.o
    0x08000398   0x08000398   0x00000020   Code   RO         2048    .text.SVC_Handler   port.o
    0x080003b8   0x080003b8   0x0000002e   Code   RO         2066    .text.SysTick_Handler  port.o
    0x080003e6   0x080003e6   0x00000002   PAD
    0x080003e8   0x080003e8   0x0000028c   Code   RO           71    .text.SystemInit    system_gd32f30x.o
    0x08000674   0x08000674   0x0000011e   Code   RO         2868    .text.accept_function  api_msg.o
    0x08000792   0x08000792   0x00000002   PAD
    0x08000794   0x08000794   0x0000006e   Code   RO           43    .text.bsp_debuguart_init  bsp_debuguart.o
    0x08000802   0x08000802   0x00000002   PAD
    0x08000804   0x08000804   0x00000120   Code   RO         2653    .text.dhcp_bind     dhcp.o
    0x08000924   0x08000924   0x000001d8   Code   RO         2617    .text.dhcp_coarse_tmr  dhcp.o
    0x08000afc   0x08000afc   0x00000120   Code   RO         2633    .text.dhcp_create_msg  dhcp.o
    0x08000c1c   0x08000c1c   0x00000128   Code   RO         2629    .text.dhcp_discover  dhcp.o
    0x08000d44   0x08000d44   0x00000086   Code   RO         2623    .text.dhcp_fine_tmr  dhcp.o
    0x08000dca   0x08000dca   0x00000002   PAD
    0x08000dcc   0x08000dcc   0x00000076   Code   RO         2651    .text.dhcp_handle_ack  dhcp.o
    0x08000e42   0x08000e42   0x00000002   PAD
    0x08000e44   0x08000e44   0x00000032   Code   RO         2655    .text.dhcp_handle_nak  dhcp.o
    0x08000e76   0x08000e76   0x00000002   PAD
    0x08000e78   0x08000e78   0x0000003a   Code   RO         2657    .text.dhcp_handle_offer  dhcp.o
    0x08000eb2   0x08000eb2   0x00000002   PAD
    0x08000eb4   0x08000eb4   0x00000028   Code   RO         2635    .text.dhcp_network_changed_link_up  dhcp.o
    0x08000edc   0x08000edc   0x00000168   Code   RO         2637    .text.dhcp_reboot   dhcp.o
    0x08001044   0x08001044   0x00000484   Code   RO         2649    .text.dhcp_recv     dhcp.o
    0x080014c8   0x080014c8   0x00000146   Code   RO         2619    .text.dhcp_release_and_stop  dhcp.o
    0x0800160e   0x0800160e   0x00000002   PAD
    0x08001610   0x08001610   0x00000128   Code   RO         2639    .text.dhcp_renew    dhcp.o
    0x08001738   0x08001738   0x00000218   Code   RO         2647    .text.dhcp_select   dhcp.o
    0x08001950   0x08001950   0x00000120   Code   RO         2621    .text.dhcp_start    dhcp.o
    0x08001a70   0x08001a70   0x000000ac   Code   RO          433    .text.enet_deinit   gd32f30x_enet.o
    0x08001b1c   0x08001b1c   0x0000005a   Code   RO          533    .text.enet_desc_information_get  gd32f30x_enet.o
    0x08001b76   0x08001b76   0x00000002   PAD
    0x08001b78   0x08001b78   0x00000096   Code   RO          451    .text.enet_descriptors_chain_init  gd32f30x_enet.o
    0x08001c0e   0x08001c0e   0x00000002   PAD
    0x08001c10   0x08001c10   0x0000005c   Code   RO          461    .text.enet_enable   gd32f30x_enet.o
    0x08001c6c   0x08001c6c   0x000000a6   Code   RO          457    .text.enet_frame_transmit  gd32f30x_enet.o
    0x08001d12   0x08001d12   0x00000002   PAD
    0x08001d14   0x08001d14   0x00000468   Code   RO          439    .text.enet_init     gd32f30x_enet.o
    0x0800217c   0x0800217c   0x00000036   Code   RO          481    .text.enet_interrupt_enable  gd32f30x_enet.o
    0x080021b2   0x080021b2   0x00000002   PAD
    0x080021b4   0x080021b4   0x00000018   Code   RO          487    .text.enet_interrupt_flag_clear  gd32f30x_enet.o
    0x080021cc   0x080021cc   0x0000001a   Code   RO          485    .text.enet_interrupt_flag_get  gd32f30x_enet.o
    0x080021e6   0x080021e6   0x00000002   PAD
    0x080021e8   0x080021e8   0x00000014   Code   RO          473    .text.enet_mac_address_set  gd32f30x_enet.o
    0x080021fc   0x080021fc   0x00000110   Code   RO          441    .text.enet_phy_config  gd32f30x_enet.o
    0x0800230c   0x0800230c   0x00000068   Code   RO          443    .text.enet_phy_write_read  gd32f30x_enet.o
    0x08002374   0x08002374   0x0000000a   Code   RO          543    .text.enet_rx_desc_immediate_receive_complete_interrupt  gd32f30x_enet.o
    0x0800237e   0x0800237e   0x00000002   PAD
    0x08002380   0x08002380   0x0000008a   Code   RO          449    .text.enet_rxframe_drop  gd32f30x_enet.o
    0x0800240a   0x0800240a   0x00000002   PAD
    0x0800240c   0x0800240c   0x0000003e   Code   RO          445    .text.enet_software_reset  gd32f30x_enet.o
    0x0800244a   0x0800244a   0x00000002   PAD
    0x0800244c   0x0800244c   0x00000224   Code   RO           32    .text.enet_system_setup  enet_setup.o
    0x08002670   0x08002670   0x00000016   Code   RO          459    .text.enet_transmit_checksum_config  gd32f30x_enet.o
    0x08002686   0x08002686   0x00000002   PAD
    0x08002688   0x08002688   0x000000b4   Code   RO         2888    .text.err_tcp       api_msg.o
    0x0800273c   0x0800273c   0x0000001c   Code   RO         2903    .text.err_to_errno  err.o
    0x08002758   0x08002758   0x00000168   Code   RO         2682    .text.etharp_find_entry  etharp.o
    0x080028c0   0x080028c0   0x00000184   Code   RO         2686    .text.etharp_input  etharp.o
    0x08002a44   0x08002a44   0x00000108   Code   RO         2688    .text.etharp_output  etharp.o
    0x08002b4c   0x08002b4c   0x0000010c   Code   RO         2690    .text.etharp_output_to_arp_index  etharp.o
    0x08002c58   0x08002c58   0x000001b4   Code   RO         2692    .text.etharp_query  etharp.o
    0x08002e0c   0x08002e0c   0x00000082   Code   RO         2676    .text.etharp_request  etharp.o
    0x08002e8e   0x08002e8e   0x00000002   PAD
    0x08002e90   0x08002e90   0x0000012c   Code   RO         2674    .text.etharp_tmr    etharp.o
    0x08002fbc   0x08002fbc   0x0000009c   Code   RO         3102    .text.ethernet_input  ethernet.o
    0x08003058   0x08003058   0x00000050   Code   RO         3104    .text.ethernet_output  ethernet.o
    0x080030a8   0x080030a8   0x00000024   Code   RO         3124    .text.ethernetif_init  ethernetif.o
    0x080030cc   0x080030cc   0x0000007c   Code   RO         3122    .text.ethernetif_input  ethernetif.o
    0x08003148   0x08003148   0x00000198   Code   RO         2996    .text.event_callback  sockets.o
    0x080032e0   0x080032e0   0x00000030   Code   RO           47    .text.fputc         bsp_debuguart.o
    0x08003310   0x08003310   0x00000016   Code   RO          857    .text.gpio_ethernet_phy_select  gd32f30x_gpio.o
    0x08003326   0x08003326   0x00000002   PAD
    0x08003328   0x08003328   0x000000b6   Code   RO          837    .text.gpio_init     gd32f30x_gpio.o
    0x080033de   0x080033de   0x00000002   PAD
    0x080033e0   0x080033e0   0x00000008   Code   RO         2706    .text.icmp_dest_unreach  icmp.o
    0x080033e8   0x080033e8   0x0000011c   Code   RO         2704    .text.icmp_input    icmp.o
    0x08003504   0x08003504   0x0000007a   Code   RO         2708    .text.icmp_send_response  icmp.o
    0x0800357e   0x0800357e   0x00000002   PAD
    0x08003580   0x08003580   0x00000008   Code   RO         2710    .text.icmp_time_exceeded  icmp.o
    0x08003588   0x08003588   0x000000b8   Code   RO         2121    .text.inet_chksum_pbuf  inet_chksum.o
    0x08003640   0x08003640   0x0000002c   Code   RO         2740    .text.ip4_addr_isbroadcast_u32  ip4_addr.o
    0x0800366c   0x0800366c   0x000001e4   Code   RO         2769    .text.ip4_frag      ip4_frag.o
    0x08003850   0x08003850   0x000001e8   Code   RO         2723    .text.ip4_input     ip4.o
    0x08003a38   0x08003a38   0x00000030   Code   RO         2725    .text.ip4_output_if  ip4.o
    0x08003a68   0x08003a68   0x000000a8   Code   RO         2727    .text.ip4_output_if_src  ip4.o
    0x08003b10   0x08003b10   0x00000478   Code   RO         2767    .text.ip4_reass     ip4_frag.o
    0x08003f88   0x08003f88   0x00000070   Code   RO         2721    .text.ip4_route     ip4.o
    0x08003ff8   0x08003ff8   0x00000086   Code   RO         2765    .text.ip_reass_free_complete_datagram  ip4_frag.o
    0x0800407e   0x0800407e   0x00000002   PAD
    0x08004080   0x08004080   0x0000003a   Code   RO         2763    .text.ip_reass_tmr  ip4_frag.o
    0x080040ba   0x080040ba   0x00000002   PAD
    0x080040bc   0x080040bc   0x0000001a   Code   RO         2771    .text.ipfrag_free_pbuf_custom  ip4_frag.o
    0x080040d6   0x080040d6   0x00000002   PAD
    0x080040d8   0x080040d8   0x00000074   Code   RO         3120    .text.low_level_init  ethernetif.o
    0x0800414c   0x0800414c   0x00000046   Code   RO         3126    .text.low_level_output  ethernetif.o
    0x08004192   0x08004192   0x00000002   PAD
    0x08004194   0x08004194   0x000001c4   Code   RO         2964    .text.lwip_accept   sockets.o
    0x08004358   0x08004358   0x000000b8   Code   RO         2966    .text.lwip_bind     sockets.o
    0x08004410   0x08004410   0x0000009e   Code   RO         2968    .text.lwip_close    sockets.o
    0x080044ae   0x080044ae   0x00000002   PAD
    0x080044b0   0x080044b0   0x000000b4   Code   RO         2551    .text.lwip_cyclic_timer  timeouts.o
    0x08004564   0x08004564   0x00000004   Code   RO         2086    .text.lwip_htonl    def.o
    0x08004568   0x08004568   0x00000004   Code   RO         2084    .text.lwip_htons    def.o
    0x0800456c   0x0800456c   0x00000022   Code   RO         2131    .text.lwip_init     init.o
    0x0800458e   0x0800458e   0x00000002   PAD
    0x08004590   0x08004590   0x00000082   Code   RO         2972    .text.lwip_listen   sockets.o
    0x08004612   0x08004612   0x00000002   PAD
    0x08004614   0x08004614   0x00000036   Code   RO         2856    .text.lwip_netconn_do_bind  api_msg.o
    0x0800464a   0x0800464a   0x00000002   PAD
    0x0800464c   0x0800464c   0x00000072   Code   RO         2880    .text.lwip_netconn_do_close  api_msg.o
    0x080046be   0x080046be   0x00000002   PAD
    0x080046c0   0x080046c0   0x00000176   Code   RO         2854    .text.lwip_netconn_do_close_internal  api_msg.o
    0x08004836   0x08004836   0x00000002   PAD
    0x08004838   0x08004838   0x000000a0   Code   RO         2850    .text.lwip_netconn_do_delconn  api_msg.o
    0x080048d8   0x080048d8   0x00000066   Code   RO         2878    .text.lwip_netconn_do_getaddr  api_msg.o
    0x0800493e   0x0800493e   0x00000002   PAD
    0x08004940   0x08004940   0x000000ae   Code   RO         2866    .text.lwip_netconn_do_listen  api_msg.o
    0x080049ee   0x080049ee   0x00000002   PAD
    0x080049f0   0x080049f0   0x000000ae   Code   RO         2844    .text.lwip_netconn_do_newconn  api_msg.o
    0x08004a9e   0x08004a9e   0x00000002   PAD
    0x08004aa0   0x08004aa0   0x0000003c   Code   RO         2872    .text.lwip_netconn_do_recv  api_msg.o
    0x08004adc   0x08004adc   0x00000222   Code   RO         2876    .text.lwip_netconn_do_writemore  api_msg.o
    0x08004cfe   0x08004cfe   0x00000002   PAD
    0x08004d00   0x08004d00   0x00000038   Code   RO         2842    .text.lwip_netconn_is_err_msg  api_msg.o
    0x08004d38   0x08004d38   0x00000014   Code   RO         2986    .text.lwip_recv     sockets.o
    0x08004d4c   0x08004d4c   0x00000106   Code   RO         2976    .text.lwip_recv_tcp  sockets.o
    0x08004e52   0x08004e52   0x00000002   PAD
    0x08004e54   0x08004e54   0x00000106   Code   RO         2974    .text.lwip_recvfrom  sockets.o
    0x08004f5a   0x08004f5a   0x00000002   PAD
    0x08004f5c   0x08004f5c   0x00000130   Code   RO         2978    .text.lwip_recvfrom_udp_raw  sockets.o
    0x0800508c   0x0800508c   0x000000c2   Code   RO         2994    .text.lwip_socket   sockets.o
    0x0800514e   0x0800514e   0x00000002   PAD
    0x08005150   0x08005150   0x0000001c   Code   RO           16    .text.lwip_stack_init  netconf.o
    0x0800516c   0x0800516c   0x000000c4   Code   RO            2    .text.main          main.o
    0x08005230   0x08005230   0x000000fe   Code   RO         2147    .text.mem_free      mem.o
    0x0800532e   0x0800532e   0x00000002   PAD
    0x08005330   0x08005330   0x00000054   Code   RO         2145    .text.mem_init      mem.o
    0x08005384   0x08005384   0x00000108   Code   RO         2151    .text.mem_malloc    mem.o
    0x0800548c   0x0800548c   0x000000f4   Code   RO         2149    .text.mem_trim      mem.o
    0x08005580   0x08005580   0x00000044   Code   RO         2178    .text.memp_free     memp.o
    0x080055c4   0x080055c4   0x00000048   Code   RO         2170    .text.memp_init     memp.o
    0x0800560c   0x0800560c   0x0000004c   Code   RO         2174    .text.memp_malloc   memp.o
    0x08005658   0x08005658   0x00000024   Code   RO         2932    .text.netbuf_delete  netbuf.o
    0x0800567c   0x0800567c   0x000000c8   Code   RO         2801    .text.netconn_accept  api_lib.o
    0x08005744   0x08005744   0x0000006e   Code   RO         2846    .text.netconn_alloc  api_msg.o
    0x080057b2   0x080057b2   0x00000002   PAD
    0x080057b4   0x080057b4   0x0000006c   Code   RO         2791    .text.netconn_bind  api_lib.o
    0x08005820   0x08005820   0x00000046   Code   RO         2787    .text.netconn_delete  api_lib.o
    0x08005866   0x08005866   0x00000002   PAD
    0x08005868   0x08005868   0x000000f8   Code   RO         2852    .text.netconn_drain  api_msg.o
    0x08005960   0x08005960   0x0000001a   Code   RO         2848    .text.netconn_free  api_msg.o
    0x0800597a   0x0800597a   0x00000002   PAD
    0x0800597c   0x0800597c   0x000000b0   Code   RO         2789    .text.netconn_getaddr  api_lib.o
    0x08005a2c   0x08005a2c   0x0000005c   Code   RO         2799    .text.netconn_listen_with_backlog  api_lib.o
    0x08005a88   0x08005a88   0x0000005a   Code   RO         2783    .text.netconn_new_with_proto_and_callback  api_lib.o
    0x08005ae2   0x08005ae2   0x00000002   PAD
    0x08005ae4   0x08005ae4   0x00000040   Code   RO         2785    .text.netconn_prepare_delete  api_lib.o
    0x08005b24   0x08005b24   0x000000c8   Code   RO         2815    .text.netconn_recv_data  api_lib.o
    0x08005bec   0x08005bec   0x000000e6   Code   RO         2809    .text.netconn_recv_data_tcp  api_lib.o
    0x08005cd2   0x08005cd2   0x00000002   PAD
    0x08005cd4   0x08005cd4   0x00000024   Code   RO         2811    .text.netconn_recv_tcp_pbuf_flags  api_lib.o
    0x08005cf8   0x08005cf8   0x00000024   Code   RO         2817    .text.netconn_recv_udp_raw_netbuf_flags  api_lib.o
    0x08005d1c   0x08005d1c   0x0000004c   Code   RO         2805    .text.netconn_tcp_recvd  api_lib.o
    0x08005d68   0x08005d68   0x0000010c   Code   RO         2235    .text.netif_add     netif.o
    0x08005e74   0x08005e74   0x00000024   Code   RO         2267    .text.netif_get_by_index  netif.o
    0x08005e98   0x08005e98   0x00000002   Code   RO         2229    .text.netif_init    netif.o
    0x08005e9a   0x08005e9a   0x00000002   PAD
    0x08005e9c   0x08005e9c   0x00000006   Code   RO         2237    .text.netif_null_output_ip4  netif.o
    0x08005ea2   0x08005ea2   0x00000002   PAD
    0x08005ea4   0x08005ea4   0x00000106   Code   RO         2239    .text.netif_set_addr  netif.o
    0x08005faa   0x08005faa   0x00000002   PAD
    0x08005fac   0x08005fac   0x0000000c   Code   RO         2251    .text.netif_set_default  netif.o
    0x08005fb8   0x08005fb8   0x00000070   Code   RO         2257    .text.netif_set_link_up  netif.o
    0x08006028   0x08006028   0x0000006c   Code   RO         2253    .text.netif_set_up  netif.o
    0x08006094   0x08006094   0x0000005e   Code   RO           22    .text.netif_setup_callback  netconf.o
    0x080060f2   0x080060f2   0x00000002   PAD
    0x080060f4   0x080060f4   0x00000088   Code   RO          953    .text.nvic_irq_enable  gd32f30x_misc.o
    0x0800617c   0x0800617c   0x0000004c   Code   RO         2290    .text.pbuf_add_header  pbuf.o
    0x080061c8   0x080061c8   0x0000018a   Code   RO         2280    .text.pbuf_alloc    pbuf.o
    0x08006352   0x08006352   0x00000002   PAD
    0x08006354   0x08006354   0x0000003e   Code   RO         2286    .text.pbuf_alloced_custom  pbuf.o
    0x08006392   0x08006392   0x00000002   PAD
    0x08006394   0x08006394   0x00000044   Code   RO         2306    .text.pbuf_cat      pbuf.o
    0x080063d8   0x080063d8   0x0000004e   Code   RO         2308    .text.pbuf_chain    pbuf.o
    0x08006426   0x08006426   0x00000002   PAD
    0x08006428   0x08006428   0x00000010   Code   RO         2302    .text.pbuf_clen     pbuf.o
    0x08006438   0x08006438   0x00000036   Code   RO         2328    .text.pbuf_clone    pbuf.o
    0x0800646e   0x0800646e   0x00000002   PAD
    0x08006470   0x08006470   0x0000001e   Code   RO         2312    .text.pbuf_copy     pbuf.o
    0x0800648e   0x0800648e   0x00000002   PAD
    0x08006490   0x08006490   0x000000b8   Code   RO         2316    .text.pbuf_copy_partial  pbuf.o
    0x08006548   0x08006548   0x0000010c   Code   RO         2314    .text.pbuf_copy_partial_pbuf  pbuf.o
    0x08006654   0x08006654   0x00000060   Code   RO         2284    .text.pbuf_free     pbuf.o
    0x080066b4   0x080066b4   0x0000009a   Code   RO         2300    .text.pbuf_free_header  pbuf.o
    0x0800674e   0x0800674e   0x00000002   PAD
    0x08006750   0x08006750   0x00000084   Code   RO         2298    .text.pbuf_header_force  pbuf.o
    0x080067d4   0x080067d4   0x000000aa   Code   RO         2288    .text.pbuf_realloc  pbuf.o
    0x0800687e   0x0800687e   0x00000002   PAD
    0x08006880   0x08006880   0x0000000e   Code   RO         2304    .text.pbuf_ref      pbuf.o
    0x0800688e   0x0800688e   0x00000002   PAD
    0x08006890   0x08006890   0x00000040   Code   RO         2294    .text.pbuf_remove_header  pbuf.o
    0x080068d0   0x080068d0   0x00000062   Code   RO         2886    .text.poll_tcp      api_msg.o
    0x08006932   0x08006932   0x00000002   PAD
    0x08006934   0x08006934   0x000000ce   Code   RO         1815    .text.prvAddCurrentTaskToDelayedList  tasks.o
    0x08006a02   0x08006a02   0x00000002   PAD
    0x08006a04   0x08006a04   0x00000130   Code   RO         1805    .text.prvAddNewTaskToReadyList  tasks.o
    0x08006b34   0x08006b34   0x0000007a   Code   RO         1843    .text.prvCheckTasksWaitingTermination  tasks.o
    0x08006bae   0x08006bae   0x00000002   PAD
    0x08006bb0   0x08006bb0   0x0000002a   Code   RO         1917    .text.prvIdleTask   tasks.o
    0x08006bda   0x08006bda   0x00000002   PAD
    0x08006bdc   0x08006bdc   0x00000028   Code   RO         2058    .text.prvPortStartFirstTask  port.o
    0x08006c04   0x08006c04   0x000000a4   Code   RO         1992    .text.prvProcessExpiredTimer  timers.o
    0x08006ca8   0x08006ca8   0x00000032   Code   RO         2046    .text.prvTaskExitError  port.o
    0x08006cda   0x08006cda   0x00000002   PAD
    0x08006cdc   0x08006cdc   0x00000326   Code   RO         1956    .text.prvTimerTask  timers.o
    0x08007002   0x08007002   0x00000002   PAD
    0x08007004   0x08007004   0x00000074   Code   RO         1713    .text.prvUnlockQueue  queue.o
    0x08007078   0x08007078   0x000001f0   Code   RO         2011    .text.pvPortMalloc  heap_4.o
    0x08007268   0x08007268   0x00000018   Code   RO         1895    .text.pvTaskIncrementMutexHeldCount  tasks.o
    0x08007280   0x08007280   0x00000024   Code   RO         2044    .text.pxPortInitialiseStack  port.o
    0x080072a4   0x080072a4   0x00000130   Code   RO         1115    .text.rcu_clock_freq_get  gd32f30x_rcu.o
    0x080073d4   0x080073d4   0x0000001e   Code   RO         1043    .text.rcu_periph_clock_enable  gd32f30x_rcu.o
    0x080073f2   0x080073f2   0x00000002   PAD
    0x080073f4   0x080073f4   0x00000020   Code   RO         1053    .text.rcu_periph_reset_disable  gd32f30x_rcu.o
    0x08007414   0x08007414   0x0000001e   Code   RO         1051    .text.rcu_periph_reset_enable  gd32f30x_rcu.o
    0x08007432   0x08007432   0x00000002   PAD
    0x08007434   0x08007434   0x0000005e   Code   RO         2890    .text.recv_tcp      api_msg.o
    0x08007492   0x08007492   0x00000002   PAD
    0x08007494   0x08007494   0x00000076   Code   RO         2882    .text.recv_udp      api_msg.o
    0x0800750a   0x0800750a   0x00000002   PAD
    0x0800750c   0x0800750c   0x00000058   Code   RO         2884    .text.sent_tcp      api_msg.o
    0x08007564   0x08007564   0x0000003a   Code   RO         3168    .text.sys_arch_mbox_fetch  sys_arch.o
    0x0800759e   0x0800759e   0x00000002   PAD
    0x080075a0   0x080075a0   0x0000002a   Code   RO         3170    .text.sys_arch_mbox_tryfetch  sys_arch.o
    0x080075ca   0x080075ca   0x00000002   PAD
    0x080075cc   0x080075cc   0x0000002a   Code   RO         3156    .text.sys_arch_sem_wait  sys_arch.o
    0x080075f6   0x080075f6   0x00000002   PAD
    0x080075f8   0x080075f8   0x0000004e   Code   RO         2555    .text.sys_check_timeouts  timeouts.o
    0x08007646   0x08007646   0x00000002   PAD
    0x08007648   0x08007648   0x00000002   Code   RO         3136    .text.sys_init      sys_arch.o
    0x0800764a   0x0800764a   0x00000002   PAD
    0x0800764c   0x0800764c   0x00000006   Code   RO         3172    .text.sys_mbox_free  sys_arch.o
    0x08007652   0x08007652   0x00000002   PAD
    0x08007654   0x08007654   0x00000020   Code   RO         3160    .text.sys_mbox_new  sys_arch.o
    0x08007674   0x08007674   0x00000022   Code   RO         3162    .text.sys_mbox_post  sys_arch.o
    0x08007696   0x08007696   0x00000002   PAD
    0x08007698   0x08007698   0x00000026   Code   RO         3164    .text.sys_mbox_trypost  sys_arch.o
    0x080076be   0x080076be   0x00000002   PAD
    0x080076c0   0x080076c0   0x0000000e   Code   RO         3146    .text.sys_mutex_lock  sys_arch.o
    0x080076ce   0x080076ce   0x00000002   PAD
    0x080076d0   0x080076d0   0x0000001a   Code   RO         3144    .text.sys_mutex_new  sys_arch.o
    0x080076ea   0x080076ea   0x00000002   PAD
    0x080076ec   0x080076ec   0x00000006   Code   RO         3148    .text.sys_mutex_unlock  sys_arch.o
    0x080076f2   0x080076f2   0x00000002   PAD
    0x080076f4   0x080076f4   0x00000008   Code   RO         3138    .text.sys_now       sys_arch.o
    0x080076fc   0x080076fc   0x00000010   Code   RO         3158    .text.sys_sem_free  sys_arch.o
    0x0800770c   0x0800770c   0x00000034   Code   RO         3152    .text.sys_sem_new   sys_arch.o
    0x08007740   0x08007740   0x0000001c   Code   RO         3154    .text.sys_sem_signal  sys_arch.o
    0x0800775c   0x0800775c   0x00000022   Code   RO         3174    .text.sys_thread_new  sys_arch.o
    0x0800777e   0x0800777e   0x00000002   PAD
    0x08007780   0x08007780   0x0000007c   Code   RO         2549    .text.sys_timeouts_init  timeouts.o
    0x080077fc   0x080077fc   0x00000024   Code   RO         2559    .text.sys_timeouts_sleeptime  timeouts.o
    0x08007820   0x08007820   0x000001b4   Code   RO         2370    .text.tcp_abandon   tcp.o
    0x080079d4   0x080079d4   0x00000006   Code   RO         2376    .text.tcp_abort     tcp.o
    0x080079da   0x080079da   0x00000002   PAD
    0x080079dc   0x080079dc   0x00000010   Code   RO         2426    .text.tcp_accept    tcp.o
    0x080079ec   0x080079ec   0x00000010   Code   RO         2386    .text.tcp_accept_null  tcp.o
    0x080079fc   0x080079fc   0x000001da   Code   RO         2412    .text.tcp_alloc     tcp.o
    0x08007bd6   0x08007bd6   0x00000002   PAD
    0x08007bd8   0x08007bd8   0x00000008   Code   RO         2418    .text.tcp_arg       tcp.o
    0x08007be0   0x08007be0   0x00000148   Code   RO         2378    .text.tcp_bind      tcp.o
    0x08007d28   0x08007d28   0x0000003c   Code   RO         2364    .text.tcp_close     tcp.o
    0x08007d64   0x08007d64   0x000001b6   Code   RO         2366    .text.tcp_close_shutdown  tcp.o
    0x08007f1a   0x08007f1a   0x00000002   PAD
    0x08007f1c   0x08007f1c   0x0000004e   Code   RO         2400    .text.tcp_close_shutdown_fin  tcp.o
    0x08007f6a   0x08007f6a   0x00000002   PAD
    0x08007f6c   0x08007f6c   0x00000096   Code   RO         2501    .text.tcp_create_segment  tcp_out.o
    0x08008002   0x08008002   0x00000002   PAD
    0x08008004   0x08008004   0x0000001a   Code   RO         2396    .text.tcp_eff_send_mss_netif  tcp.o
    0x0800801e   0x0800801e   0x00000002   PAD
    0x08008020   0x08008020   0x0000007e   Code   RO         2507    .text.tcp_enqueue_flags  tcp_out.o
    0x0800809e   0x0800809e   0x00000002   PAD
    0x080080a0   0x080080a0   0x0000000a   Code   RO         2424    .text.tcp_err       tcp.o
    0x080080aa   0x080080aa   0x00000002   PAD
    0x080080ac   0x080080ac   0x00000102   Code   RO         2360    .text.tcp_fasttmr   tcp.o
    0x080081ae   0x080081ae   0x00000002   PAD
    0x080081b0   0x080081b0   0x00000008   Code   RO         2356    .text.tcp_free      tcp.o
    0x080081b8   0x080081b8   0x0000007a   Code   RO         2472    .text.tcp_free_acked_segments  tcp_in.o
    0x08008232   0x08008232   0x00000002   PAD
    0x08008234   0x08008234   0x00000002   Code   RO         2354    .text.tcp_init      tcp.o
    0x08008236   0x08008236   0x00000002   PAD
    0x08008238   0x08008238   0x000004aa   Code   RO         2456    .text.tcp_input     tcp_in.o
    0x080086e2   0x080086e2   0x00000002   PAD
    0x080086e4   0x080086e4   0x00000042   Code   RO         2464    .text.tcp_input_delayed_close  tcp_in.o
    0x08008726   0x08008726   0x00000002   PAD
    0x08008728   0x08008728   0x0000006a   Code   RO         2531    .text.tcp_keepalive  tcp_out.o
    0x08008792   0x08008792   0x00000002   PAD
    0x08008794   0x08008794   0x00000162   Code   RO         2460    .text.tcp_listen_input  tcp_in.o
    0x080088f6   0x080088f6   0x00000002   PAD
    0x080088f8   0x080088f8   0x00000108   Code   RO         2384    .text.tcp_listen_with_backlog_and_err  tcp.o
    0x08008a00   0x08008a00   0x00000084   Code   RO         2430    .text.tcp_netif_ip_addr_changed  tcp.o
    0x08008a84   0x08008a84   0x00000006   Code   RO         2416    .text.tcp_new_ip_type  tcp.o
    0x08008a8a   0x08008a8a   0x00000002   PAD
    0x08008a8c   0x08008a8c   0x0000001a   Code   RO         2394    .text.tcp_next_iss  tcp.o
    0x08008aa6   0x08008aa6   0x00000002   PAD
    0x08008aa8   0x08008aa8   0x000002ea   Code   RO         2509    .text.tcp_output    tcp_out.o
    0x08008d92   0x08008d92   0x00000002   PAD
    0x08008d94   0x08008d94   0x00000070   Code   RO         2529    .text.tcp_output_alloc_header  tcp_out.o
    0x08008e04   0x08008e04   0x00000120   Code   RO         2468    .text.tcp_parseopt  tcp_in.o
    0x08008f24   0x08008f24   0x00000054   Code   RO         2499    .text.tcp_pbuf_prealloc  tcp_out.o
    0x08008f78   0x08008f78   0x0000009c   Code   RO         2398    .text.tcp_pcb_purge  tcp.o
    0x08009014   0x08009014   0x0000004a   Code   RO         2372    .text.tcp_pcb_remove  tcp.o
    0x0800905e   0x0800905e   0x00000002   PAD
    0x08009060   0x08009060   0x0000002c   Code   RO         2428    .text.tcp_poll      tcp.o
    0x0800908c   0x0800908c   0x000004a2   Code   RO         2462    .text.tcp_process   tcp_in.o
    0x0800952e   0x0800952e   0x00000002   PAD
    0x08009530   0x08009530   0x000000a8   Code   RO         2402    .text.tcp_process_refused_data  tcp.o
    0x080095d8   0x080095d8   0x00000400   Code   RO         2470    .text.tcp_receive   tcp_in.o
    0x080099d8   0x080099d8   0x0000000a   Code   RO         2420    .text.tcp_recv      tcp.o
    0x080099e2   0x080099e2   0x00000002   PAD
    0x080099e4   0x080099e4   0x000000c4   Code   RO         2406    .text.tcp_recv_null  tcp.o
    0x08009aa8   0x08009aa8   0x00000094   Code   RO         2390    .text.tcp_recved    tcp.o
    0x08009b3c   0x08009b3c   0x00000074   Code   RO         2519    .text.tcp_rexmit    tcp_out.o
    0x08009bb0   0x08009bb0   0x000000c2   Code   RO         2521    .text.tcp_rexmit_fast  tcp_out.o
    0x08009c72   0x08009c72   0x00000002   PAD
    0x08009c74   0x08009c74   0x0000007c   Code   RO         2517    .text.tcp_rexmit_rto  tcp_out.o
    0x08009cf0   0x08009cf0   0x00000014   Code   RO         2515    .text.tcp_rexmit_rto_commit  tcp_out.o
    0x08009d04   0x08009d04   0x00000066   Code   RO         2513    .text.tcp_rexmit_rto_prepare  tcp_out.o
    0x08009d6a   0x08009d6a   0x00000002   PAD
    0x08009d6c   0x08009d6c   0x00000064   Code   RO         2523    .text.tcp_rst       tcp_out.o
    0x08009dd0   0x08009dd0   0x0000005e   Code   RO         2525    .text.tcp_rst_common  tcp_out.o
    0x08009e2e   0x08009e2e   0x00000002   PAD
    0x08009e30   0x08009e30   0x00000044   Code   RO         2527    .text.tcp_rst_netif  tcp_out.o
    0x08009e74   0x08009e74   0x00000020   Code   RO         2408    .text.tcp_seg_free  tcp.o
    0x08009e94   0x08009e94   0x0000002c   Code   RO         2374    .text.tcp_segs_free  tcp.o
    0x08009ec0   0x08009ec0   0x0000007e   Code   RO         2511    .text.tcp_send_empty_ack  tcp_out.o
    0x08009f3e   0x08009f3e   0x00000002   PAD
    0x08009f40   0x08009f40   0x00000044   Code   RO         2505    .text.tcp_send_fin  tcp_out.o
    0x08009f84   0x08009f84   0x00000008   Code   RO         2422    .text.tcp_sent      tcp.o
    0x08009f8c   0x08009f8c   0x000001e0   Code   RO            4    .text.tcp_server_task  main.o
    0x0800a16c   0x0800a16c   0x0000008c   Code   RO         2368    .text.tcp_shutdown  tcp.o
    0x0800a1f8   0x0800a1f8   0x0000037c   Code   RO         2362    .text.tcp_slowtmr   tcp.o
    0x0800a574   0x0800a574   0x00000146   Code   RO         2503    .text.tcp_split_unsent_seg  tcp_out.o
    0x0800a6ba   0x0800a6ba   0x00000002   PAD
    0x0800a6bc   0x0800a6bc   0x00000088   Code   RO         2543    .text.tcp_timer_needed  timeouts.o
    0x0800a744   0x0800a744   0x000000a2   Code   RO         2458    .text.tcp_timewait_input  tcp_in.o
    0x0800a7e6   0x0800a7e6   0x00000002   PAD
    0x0800a7e8   0x0800a7e8   0x00000022   Code   RO         2358    .text.tcp_tmr       tcp.o
    0x0800a80a   0x0800a80a   0x00000002   PAD
    0x0800a80c   0x0800a80c   0x00000012   Code   RO         2466    .text.tcp_trigger_input_pcb_close  tcp_in.o
    0x0800a81e   0x0800a81e   0x00000002   PAD
    0x0800a820   0x0800a820   0x00000042   Code   RO         2388    .text.tcp_update_rcv_ann_wnd  tcp.o
    0x0800a862   0x0800a862   0x00000002   PAD
    0x0800a864   0x0800a864   0x00000550   Code   RO         2497    .text.tcp_write     tcp_out.o
    0x0800adb4   0x0800adb4   0x000000da   Code   RO         2533    .text.tcp_zero_window_probe  tcp_out.o
    0x0800ae8e   0x0800ae8e   0x00000002   PAD
    0x0800ae90   0x0800ae90   0x00000030   Code   RO         3045    .text.tcpip_callback  tcpip.o
    0x0800aec0   0x0800aec0   0x00000064   Code   RO         3063    .text.tcpip_init    tcpip.o
    0x0800af24   0x0800af24   0x0000000e   Code   RO           18    .text.tcpip_init_done_callback  netconf.o
    0x0800af32   0x0800af32   0x00000002   PAD
    0x0800af34   0x0800af34   0x0000005e   Code   RO         3043    .text.tcpip_input   tcpip.o
    0x0800af92   0x0800af92   0x00000002   PAD
    0x0800af94   0x0800af94   0x00000022   Code   RO         3049    .text.tcpip_send_msg_wait_sem  tcpip.o
    0x0800afb6   0x0800afb6   0x00000002   PAD
    0x0800afb8   0x0800afb8   0x00000080   Code   RO         2547    .text.tcpip_tcp_timer  timeouts.o
    0x0800b038   0x0800b038   0x000000c2   Code   RO         3065    .text.tcpip_thread  tcpip.o
    0x0800b0fa   0x0800b0fa   0x00000002   PAD
    0x0800b0fc   0x0800b0fc   0x00000100   Code   RO         2586    .text.udp_bind      udp.o
    0x0800b1fc   0x0800b1fc   0x00000098   Code   RO         2590    .text.udp_connect   udp.o
    0x0800b294   0x0800b294   0x00000002   Code   RO         2574    .text.udp_init      udp.o
    0x0800b296   0x0800b296   0x00000002   PAD
    0x0800b298   0x0800b298   0x00000164   Code   RO         2576    .text.udp_input     udp.o
    0x0800b3fc   0x0800b3fc   0x0000003e   Code   RO         2602    .text.udp_netif_ip_addr_changed  udp.o
    0x0800b43a   0x0800b43a   0x00000002   PAD
    0x0800b43c   0x0800b43c   0x00000026   Code   RO         2598    .text.udp_new       udp.o
    0x0800b462   0x0800b462   0x00000002   PAD
    0x0800b464   0x0800b464   0x00000026   Code   RO         2600    .text.udp_new_ip_type  udp.o
    0x0800b48a   0x0800b48a   0x00000002   PAD
    0x0800b48c   0x0800b48c   0x00000028   Code   RO         2594    .text.udp_recv      udp.o
    0x0800b4b4   0x0800b4b4   0x00000050   Code   RO         2596    .text.udp_remove    udp.o
    0x0800b504   0x0800b504   0x000000d0   Code   RO         2582    .text.udp_sendto_if  udp.o
    0x0800b5d4   0x0800b5d4   0x00000170   Code   RO         2584    .text.udp_sendto_if_src  udp.o
    0x0800b744   0x0800b744   0x0000006a   Code   RO         1512    .text.usart_baudrate_set  gd32f30x_usart.o
    0x0800b7ae   0x0800b7ae   0x00000002   PAD
    0x0800b7b0   0x0800b7b0   0x00000008   Code   RO         1538    .text.usart_data_transmit  gd32f30x_usart.o
    0x0800b7b8   0x0800b7b8   0x0000000a   Code   RO         1520    .text.usart_enable  gd32f30x_usart.o
    0x0800b7c2   0x0800b7c2   0x00000002   PAD
    0x0800b7c4   0x0800b7c4   0x00000010   Code   RO         1598    .text.usart_flag_get  gd32f30x_usart.o
    0x0800b7d4   0x0800b7d4   0x00000010   Code   RO         1514    .text.usart_parity_config  gd32f30x_usart.o
    0x0800b7e4   0x0800b7e4   0x00000014   Code   RO         1526    .text.usart_receive_config  gd32f30x_usart.o
    0x0800b7f8   0x0800b7f8   0x00000010   Code   RO         1518    .text.usart_stop_bit_set  gd32f30x_usart.o
    0x0800b808   0x0800b808   0x00000014   Code   RO         1524    .text.usart_transmit_config  gd32f30x_usart.o
    0x0800b81c   0x0800b81c   0x00000010   Code   RO         1516    .text.usart_word_length_set  gd32f30x_usart.o
    0x0800b82c   0x0800b82c   0x00000022   Code   RO         1679    .text.uxListRemove  list.o
    0x0800b84e   0x0800b84e   0x00000002   PAD
    0x0800b850   0x0800b850   0x0000001a   Code   RO         1913    .text.vApplicationGetTimerTaskMemory  tasks.o
    0x0800b86a   0x0800b86a   0x00000002   PAD
    0x0800b86c   0x0800b86c   0x00000018   Code   RO         1671    .text.vListInitialise  list.o
    0x0800b884   0x0800b884   0x00000006   Code   RO         1673    .text.vListInitialiseItem  list.o
    0x0800b88a   0x0800b88a   0x00000002   PAD
    0x0800b88c   0x0800b88c   0x0000003e   Code   RO         1677    .text.vListInsert   list.o
    0x0800b8ca   0x0800b8ca   0x00000002   PAD
    0x0800b8cc   0x0800b8cc   0x00000014   Code   RO         2056    .text.vPortEnableVFP  port.o
    0x0800b8e0   0x0800b8e0   0x00000046   Code   RO         2062    .text.vPortEnterCritical  port.o
    0x0800b926   0x0800b926   0x00000002   PAD
    0x0800b928   0x0800b928   0x0000002e   Code   RO         2064    .text.vPortExitCritical  port.o
    0x0800b956   0x0800b956   0x00000002   PAD
    0x0800b958   0x0800b958   0x0000011e   Code   RO         2013    .text.vPortFree     heap_4.o
    0x0800ba76   0x0800ba76   0x00000002   PAD
    0x0800ba78   0x0800ba78   0x0000001e   Code   RO         2054    .text.vPortSetupTimerInterrupt  port.o
    0x0800ba96   0x0800ba96   0x00000002   PAD
    0x0800ba98   0x0800ba98   0x00000022   Code   RO         1733    .text.vQueueDelete  queue.o
    0x0800baba   0x0800baba   0x00000002   PAD
    0x0800babc   0x0800babc   0x0000004e   Code   RO         1743    .text.vQueueWaitForMessageRestricted  queue.o
    0x0800bb0a   0x0800bb0a   0x00000002   PAD
    0x0800bb0c   0x0800bb0c   0x000000d6   Code   RO         1819    .text.vTaskDelay    tasks.o
    0x0800bbe2   0x0800bbe2   0x00000002   PAD
    0x0800bbe4   0x0800bbe4   0x0000001e   Code   RO         1871    .text.vTaskInternalSetTimeOutState  tasks.o
    0x0800bc02   0x0800bc02   0x00000002   PAD
    0x0800bc04   0x0800bc04   0x0000000e   Code   RO         1875    .text.vTaskMissedYield  tasks.o
    0x0800bc12   0x0800bc12   0x00000002   PAD
    0x0800bc14   0x0800bc14   0x0000003a   Code   RO         1859    .text.vTaskPlaceOnEventList  tasks.o
    0x0800bc4e   0x0800bc4e   0x00000002   PAD
    0x0800bc50   0x0800bc50   0x0000006e   Code   RO         1863    .text.vTaskPlaceOnEventListRestricted  tasks.o
    0x0800bcbe   0x0800bcbe   0x00000002   PAD
    0x0800bcc0   0x0800bcc0   0x000000c2   Code   RO         1891    .text.vTaskPriorityDisinheritAfterTimeout  tasks.o
    0x0800bd82   0x0800bd82   0x00000002   PAD
    0x0800bd84   0x0800bd84   0x000000ba   Code   RO         1839    .text.vTaskStartScheduler  tasks.o
    0x0800be3e   0x0800be3e   0x00000002   PAD
    0x0800be40   0x0800be40   0x00000010   Code   RO         1813    .text.vTaskSuspendAll  tasks.o
    0x0800be50   0x0800be50   0x000000a2   Code   RO         1833    .text.vTaskSwitchContext  tasks.o
    0x0800bef2   0x0800bef2   0x00000002   PAD
    0x0800bef4   0x0800bef4   0x000001b2   Code   RO         2050    .text.xPortStartScheduler  port.o
    0x0800c0a6   0x0800c0a6   0x00000002   PAD
    0x0800c0a8   0x0800c0a8   0x00000078   Code   RO         1697    .text.xQueueCreateMutex  queue.o
    0x0800c120   0x0800c120   0x0000008e   Code   RO         1695    .text.xQueueGenericCreate  queue.o
    0x0800c1ae   0x0800c1ae   0x00000002   PAD
    0x0800c1b0   0x0800c1b0   0x000000cc   Code   RO         1691    .text.xQueueGenericCreateStatic  queue.o
    0x0800c27c   0x0800c27c   0x0000021e   Code   RO         1703    .text.xQueueGenericSend  queue.o
    0x0800c49a   0x0800c49a   0x00000002   PAD
    0x0800c49c   0x0800c49c   0x00000048   Code   RO         1701    .text.xQueueGiveMutexRecursive  queue.o
    0x0800c4e4   0x0800c4e4   0x000001b0   Code   RO         1719    .text.xQueueReceive  queue.o
    0x0800c694   0x0800c694   0x000001ca   Code   RO         1707    .text.xQueueSemaphoreTake  queue.o
    0x0800c85e   0x0800c85e   0x00000002   PAD
    0x0800c860   0x0800c860   0x0000007a   Code   RO         1705    .text.xQueueTakeMutexRecursive  queue.o
    0x0800c8da   0x0800c8da   0x00000002   PAD
    0x0800c8dc   0x0800c8dc   0x000000ba   Code   RO         1873    .text.xTaskCheckForTimeOut  tasks.o
    0x0800c996   0x0800c996   0x00000002   PAD
    0x0800c998   0x0800c998   0x000000f6   Code   RO         1807    .text.xTaskCreate   tasks.o
    0x0800ca8e   0x0800ca8e   0x00000002   PAD
    0x0800ca90   0x0800ca90   0x00000116   Code   RO         1803    .text.xTaskCreateStatic  tasks.o
    0x0800cba6   0x0800cba6   0x00000002   PAD
    0x0800cba8   0x0800cba8   0x0000000c   Code   RO         1881    .text.xTaskGetCurrentTaskHandle  tasks.o
    0x0800cbb4   0x0800cbb4   0x00000026   Code   RO         1885    .text.xTaskGetSchedulerState  tasks.o
    0x0800cbda   0x0800cbda   0x00000002   PAD
    0x0800cbdc   0x0800cbdc   0x0000001c   Code   RO         1847    .text.xTaskGetTickCount  tasks.o
    0x0800cbf8   0x0800cbf8   0x000001e0   Code   RO         1845    .text.xTaskIncrementTick  tasks.o
    0x0800cdd8   0x0800cdd8   0x000000ae   Code   RO         1889    .text.xTaskPriorityDisinherit  tasks.o
    0x0800ce86   0x0800ce86   0x00000002   PAD
    0x0800ce88   0x0800ce88   0x000000b0   Code   RO         1887    .text.xTaskPriorityInherit  tasks.o
    0x0800cf38   0x0800cf38   0x000000e6   Code   RO         1865    .text.xTaskRemoveFromEventList  tasks.o
    0x0800d01e   0x0800d01e   0x00000002   PAD
    0x0800d020   0x0800d020   0x000001a2   Code   RO         1817    .text.xTaskResumeAll  tasks.o
    0x0800d1c2   0x0800d1c2   0x00000002   PAD
    0x0800d1c4   0x0800d1c4   0x000000c8   Code   RO         1954    .text.xTimerCreateTimerTask  timers.o
    0x0800d28c   0x0800d28c   0x00000020   Code   RO         3444    i.__0printf$8       mc_w.l(printf8.o)
    0x0800d2ac   0x0800d2ac   0x0000000e   Code   RO         3562    i.__scatterload_copy  mc_w.l(handlers.o)
    0x0800d2ba   0x0800d2ba   0x00000002   Code   RO         3563    i.__scatterload_null  mc_w.l(handlers.o)
    0x0800d2bc   0x0800d2bc   0x0000000e   Code   RO         3564    i.__scatterload_zeroinit  mc_w.l(handlers.o)
    0x0800d2ca   0x0800d2ca   0x00000002   PAD
    0x0800d2cc   0x0800d2cc   0x00000410   Code   RO         3451    i._printf_core      mc_w.l(printf8.o)
    0x0800d6dc   0x0800d6dc   0x00000024   Code   RO         3452    i._printf_post_padding  mc_w.l(printf8.o)
    0x0800d700   0x0800d700   0x0000002e   Code   RO         3453    i._printf_pre_padding  mc_w.l(printf8.o)
    0x0800d72e   0x0800d72e   0x00000002   PAD
    0x0800d730   0x0800d730   0x00000024   Code   RO         3187    i.puts              mc_w.l(puts.o)
    0x0800d754   0x0800d754   0x00000008   Data   RO         1127    .rodata.cst8        gd32f30x_rcu.o
    0x0800d75c   0x0800d75c   0x00000003   Data   RO         2661    .rodata.dhcp_discover_request_options  dhcp.o
    0x0800d75f   0x0800d75f   0x00000001   PAD
    0x0800d760   0x0800d760   0x00000044   Data   RO         2907    .rodata.err_to_errno_table  err.o
    0x0800d7a4   0x0800d7a4   0x00000006   Data   RO         3106    .rodata.ethbroadcast  ethernet.o
    0x0800d7aa   0x0800d7aa   0x00000006   Data   RO         3107    .rodata.ethzero     ethernet.o
    0x0800d7b0   0x0800d7b0   0x00000004   Data   RO         2752    .rodata.ip_addr_any  ip4_addr.o
    0x0800d7b4   0x0800d7b4   0x00000004   Data   RO         2753    .rodata.ip_addr_broadcast  ip4_addr.o
    0x0800d7b8   0x0800d7b8   0x00000028   Data   RO         2561    .rodata.lwip_cyclic_timers  timeouts.o
    0x0800d7e0   0x0800d7e0   0x00000010   Data   RO         2198    .rodata.memp_FRAG_PBUF  memp.o
    0x0800d7f0   0x0800d7f0   0x00000010   Data   RO         2201    .rodata.memp_NETBUF  memp.o
    0x0800d800   0x0800d800   0x00000010   Data   RO         2204    .rodata.memp_NETCONN  memp.o
    0x0800d810   0x0800d810   0x00000010   Data   RO         2216    .rodata.memp_PBUF   memp.o
    0x0800d820   0x0800d820   0x00000010   Data   RO         2219    .rodata.memp_PBUF_POOL  memp.o
    0x0800d830   0x0800d830   0x00000010   Data   RO         2195    .rodata.memp_REASSDATA  memp.o
    0x0800d840   0x0800d840   0x00000010   Data   RO         2213    .rodata.memp_SYS_TIMEOUT  memp.o
    0x0800d850   0x0800d850   0x00000010   Data   RO         2207    .rodata.memp_TCPIP_MSG_API  memp.o
    0x0800d860   0x0800d860   0x00000010   Data   RO         2210    .rodata.memp_TCPIP_MSG_INPKT  memp.o
    0x0800d870   0x0800d870   0x00000010   Data   RO         2186    .rodata.memp_TCP_PCB  memp.o
    0x0800d880   0x0800d880   0x00000010   Data   RO         2189    .rodata.memp_TCP_PCB_LISTEN  memp.o
    0x0800d890   0x0800d890   0x00000010   Data   RO         2192    .rodata.memp_TCP_SEG  memp.o
    0x0800d8a0   0x0800d8a0   0x00000010   Data   RO         2183    .rodata.memp_UDP_PCB  memp.o
    0x0800d8b0   0x0800d8b0   0x00000034   Data   RO         2220    .rodata.memp_pools  memp.o
    0x0800d8e4   0x0800d8e4   0x00000001   Data   RO         2892    .rodata.netconn_aborted  api_msg.o
    0x0800d8e5   0x0800d8e5   0x00000001   Data   RO         2894    .rodata.netconn_closed  api_msg.o
    0x0800d8e6   0x0800d8e6   0x00000001   Data   RO         2893    .rodata.netconn_reset  api_msg.o
    0x0800d8e7   0x0800d8e7   0x000000ba   Data   RO            6    .rodata.str1.1      main.o
    0x0800d9a1   0x0800d9a1   0x00000030   Data   RO           34    .rodata.str1.1      enet_setup.o
    0x0800d9d1   0x0800d9d1   0x0000008b   Data   RO         2180    .rodata.str1.1      memp.o
    0x0800da5c   0x0800da5c   0x00000158   Data   RO         2342    .rodata.str1.1      pbuf.o
    0x0800dbb4   0x0800dbb4   0x0000001f   Data   RO         2605    .rodata.str1.1      udp.o
    0x0800dbd3   0x0800dbd3   0x0000000e   Data   RO         2659    .rodata.str1.1      dhcp.o
    0x0800dbe1   0x0800dbe1   0x000000a3   Data   RO         2833    .rodata.str1.1      api_lib.o
    0x0800dc84   0x0800dc84   0x00000010   Data   RO         2440    .rodata.tcp_pcb_lists  tcp.o
    0x0800dc94   0x0800dc94   0x00000004   Data   RO         1934    .rodata.uxTopUsedPriority  tasks.o
    0x0800dc98   0x0800dc98   0x00000020   Data   RO         3561    Region$$Table       anon$$obj.o


    Execution Region RW_IRAM1 (Exec base: 0x20000000, Load base: 0x0800dcb8, Size: 0x000123a0, Max: 0x00018000, ABSOLUTE)

    Exec Addr    Load Addr    Size         Type   Attr      Idx    E Section Name        Object

    0x20000000   0x0800dcb8   0x00000004   Data   RW         3514    .data               mc_w.l(stdout.o)
    0x20000004   0x0800dcbc   0x00000004   Data   RW         2665    .data.dhcp_create_msg.xid  dhcp.o
    0x20000008   0x0800dcc0   0x00000004   Data   RW         2445    .data.tcp_next_iss.iss  tcp.o
    0x2000000c   0x0800dcc4   0x00000002   Data   RW         2446    .data.tcp_port      tcp.o
    0x2000000e   0x0800dcc6   0x00000002   Data   RW         2606    .data.udp_port      udp.o
    0x20000010   0x0800dcc8   0x00000004   Data   RW         2072    .data.uxCriticalNesting  port.o
    0x20000014   0x0800dccc   0x00000004   PAD
    0x20000018        -       0x00000004   Zero   RW         2479    .bss.ackno          tcp_in.o
    0x2000001c        -       0x000000f0   Zero   RW         2694    .bss.arp_table      etharp.o
    0x2000010c        -       0x00000004   Zero   RW         2565    .bss.current_timeout_due_time  timeouts.o
    0x20000110        -       0x00000004   Zero   RW         2660    .bss.dhcp_pcb       dhcp.o
    0x20000114        -       0x00000001   Zero   RW         2662    .bss.dhcp_pcb_refcount  dhcp.o
    0x20000115   0x0800dccc   0x00000003   PAD
    0x20000118        -       0x00000008   Zero   RW         2663    .bss.dhcp_rx_options_given  dhcp.o
    0x20000120        -       0x00000020   Zero   RW         2664    .bss.dhcp_rx_options_val  dhcp.o
    0x20000140        -       0x00000004   Zero   RW          612    .bss.dma_current_ptp_rxdesc  gd32f30x_enet.o
    0x20000144        -       0x00000004   Zero   RW          611    .bss.dma_current_ptp_txdesc  gd32f30x_enet.o
    0x20000148        -       0x00000004   Zero   RW          628    .bss.dma_current_rxdesc  gd32f30x_enet.o
    0x2000014c        -       0x00000004   Zero   RW          631    .bss.dma_current_txdesc  gd32f30x_enet.o
    0x20000150        -       0x00000004   Zero   RW           35    .bss.enet_init_status  enet_setup.o
    0x20000154        -       0x00000004   Zero   RW          613    .bss.enet_initpara.0  gd32f30x_enet.o
    0x20000158        -       0x00000004   Zero   RW          614    .bss.enet_initpara.1  gd32f30x_enet.o
    0x2000015c        -       0x00000004   Zero   RW          623    .bss.enet_initpara.10  gd32f30x_enet.o
    0x20000160        -       0x00000004   Zero   RW          624    .bss.enet_initpara.11  gd32f30x_enet.o
    0x20000164        -       0x00000004   Zero   RW          625    .bss.enet_initpara.12  gd32f30x_enet.o
    0x20000168        -       0x00000004   Zero   RW          626    .bss.enet_initpara.13  gd32f30x_enet.o
    0x2000016c        -       0x00000004   Zero   RW          627    .bss.enet_initpara.14  gd32f30x_enet.o
    0x20000170        -       0x00000004   Zero   RW          615    .bss.enet_initpara.2  gd32f30x_enet.o
    0x20000174        -       0x00000004   Zero   RW          616    .bss.enet_initpara.3  gd32f30x_enet.o
    0x20000178        -       0x00000004   Zero   RW          617    .bss.enet_initpara.4  gd32f30x_enet.o
    0x2000017c        -       0x00000004   Zero   RW          618    .bss.enet_initpara.5  gd32f30x_enet.o
    0x20000180        -       0x00000004   Zero   RW          619    .bss.enet_initpara.6  gd32f30x_enet.o
    0x20000184        -       0x00000004   Zero   RW          620    .bss.enet_initpara.7  gd32f30x_enet.o
    0x20000188        -       0x00000004   Zero   RW          621    .bss.enet_initpara.8  gd32f30x_enet.o
    0x2000018c        -       0x00000004   Zero   RW          622    .bss.enet_initpara.9  gd32f30x_enet.o
    0x20000190        -       0x00000004   Zero   RW         3176    .bss.errno          sys_arch.o
    0x20000194        -       0x00000001   Zero   RW         2695    .bss.etharp_cached_entry  etharp.o
    0x20000195        -       0x00000001   Zero   RW         2480    .bss.flags          tcp_in.o
    0x20000196   0x0800dccc   0x00000002   PAD
    0x20000198        -       0x00000038   Zero   RW           24    .bss.g_mynetif      netconf.o
    0x200001d0        -       0x00000004   Zero   RW         2482    .bss.inseg.1        tcp_in.o
    0x200001d4        -       0x00000002   Zero   RW         2483    .bss.inseg.2        tcp_in.o
    0x200001d6   0x0800dccc   0x00000002   PAD
    0x200001d8        -       0x00000004   Zero   RW         2484    .bss.inseg.3        tcp_in.o
    0x200001dc        -       0x00000018   Zero   RW         2139    .bss.ip_data        ip.o
    0x200001f4        -       0x00000002   Zero   RW         2731    .bss.ip_id          ip4.o
    0x200001f6        -       0x00000002   Zero   RW         2774    .bss.ip_reass_pbufcount  ip4_frag.o
    0x200001f8        -       0x00000004   Zero   RW         2158    .bss.lfree          mem.o
    0x200001fc        -       0x00000004   Zero   RW         3074    .bss.lock_tcpip_core  tcpip.o
    0x20000200        -       0x00000004   Zero   RW         2159    .bss.mem_mutex      mem.o
    0x20000204        -       0x0000016b   Zero   RW         2196    .bss.memp_memory_FRAG_PBUF_base  memp.o
    0x2000036f        -       0x00000023   Zero   RW         2199    .bss.memp_memory_NETBUF_base  memp.o
    0x20000392        -       0x000000a3   Zero   RW         2202    .bss.memp_memory_NETCONN_base  memp.o
    0x20000435        -       0x00003b3b   Zero   RW         2217    .bss.memp_memory_PBUF_POOL_base  memp.o
    0x20003f70        -       0x000000a3   Zero   RW         2214    .bss.memp_memory_PBUF_base  memp.o
    0x20004013        -       0x000000a3   Zero   RW         2193    .bss.memp_memory_REASSDATA_base  memp.o
    0x200040b6        -       0x000000a3   Zero   RW         2211    .bss.memp_memory_SYS_TIMEOUT_base  memp.o
    0x20004159        -       0x00000083   Zero   RW         2205    .bss.memp_memory_TCPIP_MSG_API_base  memp.o
    0x200041dc        -       0x00000083   Zero   RW         2208    .bss.memp_memory_TCPIP_MSG_INPKT_base  memp.o
    0x2000425f        -       0x000000ab   Zero   RW         2187    .bss.memp_memory_TCP_PCB_LISTEN_base  memp.o
    0x2000430a        -       0x000005f3   Zero   RW         2184    .bss.memp_memory_TCP_PCB_base  memp.o
    0x200048fd        -       0x000000f3   Zero   RW         2190    .bss.memp_memory_TCP_SEG_base  memp.o
    0x200049f0        -       0x000000c3   Zero   RW         2181    .bss.memp_memory_UDP_PCB_base  memp.o
    0x20004ab3   0x0800dccc   0x00000001   PAD
    0x20004ab4        -       0x00000004   Zero   RW         2197    .bss.memp_tab_FRAG_PBUF  memp.o
    0x20004ab8        -       0x00000004   Zero   RW         2200    .bss.memp_tab_NETBUF  memp.o
    0x20004abc        -       0x00000004   Zero   RW         2203    .bss.memp_tab_NETCONN  memp.o
    0x20004ac0        -       0x00000004   Zero   RW         2215    .bss.memp_tab_PBUF  memp.o
    0x20004ac4        -       0x00000004   Zero   RW         2218    .bss.memp_tab_PBUF_POOL  memp.o
    0x20004ac8        -       0x00000004   Zero   RW         2194    .bss.memp_tab_REASSDATA  memp.o
    0x20004acc        -       0x00000004   Zero   RW         2212    .bss.memp_tab_SYS_TIMEOUT  memp.o
    0x20004ad0        -       0x00000004   Zero   RW         2206    .bss.memp_tab_TCPIP_MSG_API  memp.o
    0x20004ad4        -       0x00000004   Zero   RW         2209    .bss.memp_tab_TCPIP_MSG_INPKT  memp.o
    0x20004ad8        -       0x00000004   Zero   RW         2185    .bss.memp_tab_TCP_PCB  memp.o
    0x20004adc        -       0x00000004   Zero   RW         2188    .bss.memp_tab_TCP_PCB_LISTEN  memp.o
    0x20004ae0        -       0x00000004   Zero   RW         2191    .bss.memp_tab_TCP_SEG  memp.o
    0x20004ae4        -       0x00000004   Zero   RW         2182    .bss.memp_tab_UDP_PCB  memp.o
    0x20004ae8        -       0x00000004   Zero   RW         2271    .bss.netif_default  netif.o
    0x20004aec        -       0x00000004   Zero   RW         2270    .bss.netif_list     netif.o
    0x20004af0        -       0x00000001   Zero   RW         2269    .bss.netif_num      netif.o
    0x20004af1   0x0800dccc   0x00000003   PAD
    0x20004af4        -       0x00000004   Zero   RW         2564    .bss.next_timeout   timeouts.o
    0x20004af8        -       0x000000f0   Zero   RW         2002    .bss.prvCheckForValidListAndQueue.ucStaticTimerQueueStorage  timers.o
    0x20004be8        -       0x00000050   Zero   RW         2001    .bss.prvCheckForValidListAndQueue.xStaticTimerQueue  timers.o
    0x20004c38        -       0x00000008   Zero   RW         1998    .bss.prvSampleTimeNow.xLastTime  timers.o
    0x20004c40        -       0x00000004   Zero   RW         1919    .bss.pxCurrentTCB   tasks.o
    0x20004c44        -       0x00000004   Zero   RW         1996    .bss.pxCurrentTimerList  timers.o
    0x20004c48        -       0x00000004   Zero   RW         1936    .bss.pxDelayedTaskList  tasks.o
    0x20004c4c        -       0x00000004   Zero   RW         2029    .bss.pxEnd          heap_4.o
    0x20004c50        -       0x00000004   Zero   RW         1937    .bss.pxOverflowDelayedTaskList  tasks.o
    0x20004c54        -       0x00000004   Zero   RW         1997    .bss.pxOverflowTimerList  timers.o
    0x20004c58        -       0x00000078   Zero   RW         1927    .bss.pxReadyTasksLists  tasks.o
    0x20004cd0        -       0x00000004   Zero   RW         2156    .bss.ram            mem.o
    0x20004cd4        -       0x00000004   Zero   RW         2157    .bss.ram_end        mem.o
    0x20004cd8        -       0x00005013   Zero   RW         2155    .bss.ram_heap       mem.o
    0x20009ceb   0x0800dccc   0x00000001   PAD
    0x20009cec        -       0x00000004   Zero   RW         2773    .bss.reassdatagrams  ip4_frag.o
    0x20009cf0        -       0x00000002   Zero   RW         2487    .bss.recv_acked     tcp_in.o
    0x20009cf2   0x0800dccc   0x00000002   PAD
    0x20009cf4        -       0x00000004   Zero   RW         2485    .bss.recv_data      tcp_in.o
    0x20009cf8        -       0x00000001   Zero   RW         2486    .bss.recv_flags     tcp_in.o
    0x20009cf9   0x0800dccc   0x00000003   PAD
    0x20009cfc        -       0x00001dc4   Zero   RW          633    .bss.rx_buff        gd32f30x_enet.o
    0x2000bac0        -       0x00000050   Zero   RW          632    .bss.rxdesc_tab     gd32f30x_enet.o
    0x2000bb10        -       0x00000004   Zero   RW         3032    .bss.select_cb_list  sockets.o
    0x2000bb14        -       0x00000004   Zero   RW         2478    .bss.seqno          tcp_in.o
    0x2000bb18        -       0x00000040   Zero   RW         3030    .bss.sockets        sockets.o
    0x2000bb58        -       0x00000004   Zero   RW         2438    .bss.tcp_active_pcbs  tcp.o
    0x2000bb5c        -       0x00000001   Zero   RW         2442    .bss.tcp_active_pcbs_changed  tcp.o
    0x2000bb5d   0x0800dccc   0x00000003   PAD
    0x2000bb60        -       0x00000004   Zero   RW         2437    .bss.tcp_bound_pcbs  tcp.o
    0x2000bb64        -       0x00000004   Zero   RW         2488    .bss.tcp_input_pcb  tcp_in.o
    0x2000bb68        -       0x00000004   Zero   RW         2436    .bss.tcp_listen_pcbs  tcp.o
    0x2000bb6c        -       0x00000004   Zero   RW         2443    .bss.tcp_ticks      tcp.o
    0x2000bb70        -       0x00000001   Zero   RW         2441    .bss.tcp_timer      tcp.o
    0x2000bb71        -       0x00000001   Zero   RW         2444    .bss.tcp_timer_ctr  tcp.o
    0x2000bb72   0x0800dccc   0x00000002   PAD
    0x2000bb74        -       0x00000004   Zero   RW         2439    .bss.tcp_tw_pcbs    tcp.o
    0x2000bb78        -       0x00000004   Zero   RW         2474    .bss.tcphdr         tcp_in.o
    0x2000bb7c        -       0x00000002   Zero   RW         2477    .bss.tcphdr_opt1len  tcp_in.o
    0x2000bb7e   0x0800dccc   0x00000002   PAD
    0x2000bb80        -       0x00000004   Zero   RW         2476    .bss.tcphdr_opt2    tcp_in.o
    0x2000bb84        -       0x00000002   Zero   RW         2475    .bss.tcphdr_optlen  tcp_in.o
    0x2000bb86   0x0800dccc   0x00000002   PAD
    0x2000bb88        -       0x00000004   Zero   RW         3075    .bss.tcpip_init_done  tcpip.o
    0x2000bb8c        -       0x00000004   Zero   RW         3076    .bss.tcpip_init_done_arg  tcpip.o
    0x2000bb90        -       0x00000004   Zero   RW         3073    .bss.tcpip_mbox     tcpip.o
    0x2000bb94        -       0x00000001   Zero   RW         2563    .bss.tcpip_tcp_timer_active  timeouts.o
    0x2000bb95   0x0800dccc   0x00000001   PAD
    0x2000bb96        -       0x00000002   Zero   RW         2481    .bss.tcplen         tcp_in.o
    0x2000bb98        -       0x00001dc4   Zero   RW          630    .bss.tx_buff        gd32f30x_enet.o
    0x2000d95c        -       0x00000050   Zero   RW          629    .bss.txdesc_tab     gd32f30x_enet.o
    0x2000d9ac        -       0x00004000   Zero   RW         2032    .bss.ucHeap         heap_4.o
    0x200119ac        -       0x00000001   Zero   RW         2070    .bss.ucMaxSysCallPriority  port.o
    0x200119ad   0x0800dccc   0x00000003   PAD
    0x200119b0        -       0x00000004   Zero   RW         2604    .bss.udp_pcbs       udp.o
    0x200119b4        -       0x00000004   Zero   RW         2071    .bss.ulMaxPRIGROUPValue  port.o
    0x200119b8        -       0x00000004   Zero   RW         1924    .bss.uxCurrentNumberOfTasks  tasks.o
    0x200119bc        -       0x00000004   Zero   RW         1923    .bss.uxDeletedTasksWaitingCleanUp  tasks.o
    0x200119c0        -       0x00000004   Zero   RW         1925    .bss.uxSchedulerSuspended  tasks.o
    0x200119c4        -       0x00000004   Zero   RW         1920    .bss.uxTaskNumber   tasks.o
    0x200119c8        -       0x00000004   Zero   RW         1928    .bss.uxTopReadyPriority  tasks.o
    0x200119cc        -       0x00000200   Zero   RW         1940    .bss.vApplicationGetIdleTaskMemory.uxIdleTaskStack  tasks.o
    0x20011bcc   0x0800dccc   0x00000004   PAD
    0x20011bd0        -       0x00000068   Zero   RW         1939    .bss.vApplicationGetIdleTaskMemory.xIdleTaskTCB  tasks.o
    0x20011c38        -       0x00000200   Zero   RW         1942    .bss.vApplicationGetTimerTaskMemory.uxTimerTaskStack  tasks.o
    0x20011e38        -       0x00000068   Zero   RW         1941    .bss.vApplicationGetTimerTaskMemory.xTimerTaskTCB  tasks.o
    0x20011ea0        -       0x00000018   Zero   RW         1999    .bss.xActiveTimerList1  timers.o
    0x20011eb8        -       0x00000018   Zero   RW         2000    .bss.xActiveTimerList2  timers.o
    0x20011ed0        -       0x00000018   Zero   RW         1943    .bss.xDelayedTaskList1  tasks.o
    0x20011ee8        -       0x00000018   Zero   RW         1944    .bss.xDelayedTaskList2  tasks.o
    0x20011f00        -       0x00000004   Zero   RW         2030    .bss.xFreeBytesRemaining  heap_4.o
    0x20011f04        -       0x00000004   Zero   RW         1933    .bss.xIdleTaskHandles.0  tasks.o
    0x20011f08        -       0x00000004   Zero   RW         2033    .bss.xMinimumEverFreeBytesRemaining  heap_4.o
    0x20011f0c   0x0800dccc   0x00000004   PAD
    0x20011f10        -       0x00000008   Zero   RW         1932    .bss.xNextTaskUnblockTime  tasks.o
    0x20011f18        -       0x00000004   Zero   RW         1938    .bss.xNumOfOverflows  tasks.o
    0x20011f1c        -       0x00000004   Zero   RW         2034    .bss.xNumberOfSuccessfulAllocations  heap_4.o
    0x20011f20        -       0x00000004   Zero   RW         2035    .bss.xNumberOfSuccessfulFrees  heap_4.o
    0x20011f24   0x0800dccc   0x00000004   PAD
    0x20011f28        -       0x00000008   Zero   RW         1935    .bss.xPendedTicks   tasks.o
    0x20011f30        -       0x00000018   Zero   RW         1931    .bss.xPendingReadyList  tasks.o
    0x20011f48        -       0x00000004   Zero   RW         1921    .bss.xSchedulerRunning  tasks.o
    0x20011f4c        -       0x00000008   Zero   RW         2031    .bss.xStart         heap_4.o
    0x20011f54   0x0800dccc   0x00000004   PAD
    0x20011f58        -       0x00000018   Zero   RW         1929    .bss.xSuspendedTaskList  tasks.o
    0x20011f70        -       0x00000018   Zero   RW         1922    .bss.xTasksWaitingTermination  tasks.o
    0x20011f88        -       0x00000008   Zero   RW         1926    .bss.xTickCount     tasks.o
    0x20011f90        -       0x00000004   Zero   RW         1994    .bss.xTimerQueue    timers.o
    0x20011f94        -       0x00000004   Zero   RW         1995    .bss.xTimerTaskHandle  timers.o
    0x20011f98        -       0x00000004   Zero   RW         1930    .bss.xYieldPendings  tasks.o
    0x20011f9c   0x0800dccc   0x00000004   PAD
    0x20011fa0        -       0x00000400   Zero   RW           85    STACK               startup_gd32f30x_cl.o


==============================================================================

Image component sizes


      Code (inc. data)   RO Data    RW Data    ZI Data      Debug   Object Name

      1378        220        163          0          0      21622   api_lib.o
      3062         12          3          0          0      20626   api_msg.o
       158          0          0          0          0       2797   bsp_debuguart.o
         8          0          0          0          0       4362   def.o
      4706        280         17          4         45      27069   dhcp.o
       548        100         48          0          4       5004   enet_setup.o
        28          0         68          0          0       1418   err.o
      2146         16          0          0        241      13872   etharp.o
       236          0         12          0          0       3467   ethernet.o
       346          0          0          0          0       4768   ethernetif.o
      2530          6          0          0      15476      43681   gd32f30x_enet.o
       204          0          0          0          0       6190   gd32f30x_gpio.o
       136          0          0          0          0       7764   gd32f30x_misc.o
       396         20          8          0          0      17357   gd32f30x_rcu.o
       228          0          0          0          0      11758   gd32f30x_usart.o
       782          0          0          0      16412       5835   heap_4.o
       422          0          0          0          0       5279   icmp.o
       184          0          0          0          0       7414   inet_chksum.o
        34          0          0          0          0        572   init.o
         0          0          0          0         24       2261   ip.o
       816          0          0          0          2       7230   ip4.o
        44          0          8          0          0       6038   ip4_addr.o
      1846         28          0          0          6      11681   ip4_frag.o
       126          0          0          0          0       2155   list.o
       676        232        186          0          0       3128   main.o
       846          0          0          0      20515       5165   mem.o
       216         60        399          0      18659       5538   memp.o
        36          0          0          0          0       4831   netbuf.o
       232          0          0          0         56       4214   netconf.o
       806        128          0          0          9      11006   netif.o
      1860        100        344          0          0      26765   pbuf.o
       900         16          0          4          5       4310   port.o
      2320          0          0          0          0      23815   queue.o
      2374         78          0          0         68      42711   sockets.o
        36          8        336          0       1024        964   startup_gd32f30x_cl.o
       438          0          0          0          4       6884   sys_arch.o
       652          0          0          0          0       3230   system_gd32f30x.o
      3974          0          4          0       1544      37895   tasks.o
      4604        416         16          6         23      27335   tcp.o
      4414         16          0          0         44      12856   tcp_in.o
      4240         76          0          0          0      24795   tcp_out.o
       470         16          0          0         16       8442   tcpip.o
       682          0         40          0          9       6264   timeouts.o
      1170         18          0          0        392      15142   timers.o
      1600        388         31          2          4      11770   udp.o

    ----------------------------------------------------------------------
     53208       2234       1716         16      74636     527280   Object Totals
         0          0         32          0          0          0   (incl. Generated)
       298          0          1          0         54          0   (incl. Padding)

    ----------------------------------------------------------------------

      Code (inc. data)   RO Data    RW Data    ZI Data      Debug   Library Member Name

         0          0          0          0          0          0   entry.o
         0          0          0          0          0          0   entry10a.o
         0          0          0          0          0          0   entry11a.o
         8          4          0          0          0          0   entry2.o
         4          0          0          0          0          0   entry5.o
         0          0          0          0          0          0   entry7b.o
         0          0          0          0          0          0   entry8b.o
         8          4          0          0          0          0   entry9a.o
        30          0          0          0          0          0   handlers.o
        48         10          0          0          0         68   init.o
        30          0          0          0          0         68   llshl.o
        32          0          0          0          0         68   llushr.o
        26          0          0          0          0         80   memcmp.o
        64          0          0          0          0         76   memmovea.o
        36          0          0          0          0        108   memseta.o
      1154         54          0          0          0        352   printf8.o
        36          6          0          0          0         80   puts.o
         0          0          0          4          0          0   stdout.o
        98          0          0          0          0         92   uldiv.o

    ----------------------------------------------------------------------
      1580         78          0          4          0        992   Library Totals
         6          0          0          0          0          0   (incl. Padding)

    ----------------------------------------------------------------------

      Code (inc. data)   RO Data    RW Data    ZI Data      Debug   Library Name

      1574         78          0          4          0        992   mc_w.l

    ----------------------------------------------------------------------
      1580         78          0          4          0        992   Library Totals

    ----------------------------------------------------------------------

==============================================================================


      Code (inc. data)   RO Data    RW Data    ZI Data      Debug   

     54788       2312       1716         20      74636     527168   Grand Totals
     54788       2312       1716         20      74636     527168   ELF Image Totals
     54788       2312       1716         20          0          0   ROM Totals

==============================================================================

    Total RO  Size (Code + RO Data)                56504 (  55.18kB)
    Total RW  Size (RW Data + ZI Data)             74656 (  72.91kB)
    Total ROM Size (Code + RO Data + RW Data)      56524 (  55.20kB)

==============================================================================

