Component: Arm Compiler for Embedded 6.21 Tool: armlink [5ec1fa00]

==============================================================================

Section Cross References

    main.o(.text.main) refers to enet_setup.o(.text.enet_system_setup) for enet_system_setup
    main.o(.text.main) refers to netconf.o(.text.lwip_stack_init) for lwip_stack_init
    main.o(.text.main) refers to tasks.o(.text.vTaskStartScheduler) for vTaskStartScheduler
    main.o(.ARM.exidx.text.main) refers to main.o(.text.main) for [Anonymous Symbol]
    netconf.o(.text.lwip_stack_init) refers to mem.o(.text.mem_init) for mem_init
    netconf.o(.text.lwip_stack_init) refers to memp.o(.text.memp_init) for memp_init
    netconf.o(.text.lwip_stack_init) refers to netconf.o(.text.tcpip_init_done_callback) for tcpip_init_done_callback
    netconf.o(.text.lwip_stack_init) refers to tcpip.o(.text.tcpip_init) for tcpip_init
    netconf.o(.ARM.exidx.text.lwip_stack_init) refers to netconf.o(.text.lwip_stack_init) for [Anonymous Symbol]
    netconf.o(.text.tcpip_init_done_callback) refers to netconf.o(.text.netif_setup_callback) for netif_setup_callback
    netconf.o(.text.tcpip_init_done_callback) refers to tcpip.o(.text.tcpip_callback) for tcpip_callback
    netconf.o(.ARM.exidx.text.tcpip_init_done_callback) refers to netconf.o(.text.tcpip_init_done_callback) for [Anonymous Symbol]
    netconf.o(.text.ENET_IRQHandler) refers to gd32f30x_enet.o(.text.enet_interrupt_flag_get) for enet_interrupt_flag_get
    netconf.o(.text.ENET_IRQHandler) refers to gd32f30x_enet.o(.bss.dma_current_rxdesc) for dma_current_rxdesc
    netconf.o(.text.ENET_IRQHandler) refers to netconf.o(.bss.g_mynetif) for g_mynetif
    netconf.o(.text.ENET_IRQHandler) refers to ethernetif.o(.text.ethernetif_input) for ethernetif_input
    netconf.o(.text.ENET_IRQHandler) refers to gd32f30x_enet.o(.text.enet_interrupt_flag_clear) for enet_interrupt_flag_clear
    netconf.o(.ARM.exidx.text.ENET_IRQHandler) refers to netconf.o(.text.ENET_IRQHandler) for [Anonymous Symbol]
    netconf.o(.text.netif_setup_callback) refers to ethernetif.o(.text.ethernetif_init) for ethernetif_init
    netconf.o(.text.netif_setup_callback) refers to netconf.o(.bss.g_mynetif) for g_mynetif
    netconf.o(.text.netif_setup_callback) refers to tcpip.o(.text.tcpip_input) for tcpip_input
    netconf.o(.text.netif_setup_callback) refers to netif.o(.text.netif_add) for netif_add
    netconf.o(.text.netif_setup_callback) refers to netif.o(.text.netif_set_default) for netif_set_default
    netconf.o(.text.netif_setup_callback) refers to netif.o(.text.netif_set_link_up) for netif_set_link_up
    netconf.o(.text.netif_setup_callback) refers to netif.o(.text.netif_set_up) for netif_set_up
    netconf.o(.ARM.exidx.text.netif_setup_callback) refers to netconf.o(.text.netif_setup_callback) for [Anonymous Symbol]
    enet_setup.o(.text.enet_system_setup) refers to gd32f30x_misc.o(.text.nvic_irq_enable) for nvic_irq_enable
    enet_setup.o(.text.enet_system_setup) refers to gd32f30x_rcu.o(.text.rcu_periph_clock_enable) for rcu_periph_clock_enable
    enet_setup.o(.text.enet_system_setup) refers to gd32f30x_gpio.o(.text.gpio_ethernet_phy_select) for gpio_ethernet_phy_select
    enet_setup.o(.text.enet_system_setup) refers to gd32f30x_gpio.o(.text.gpio_init) for gpio_init
    enet_setup.o(.text.enet_system_setup) refers to gd32f30x_enet.o(.text.enet_deinit) for enet_deinit
    enet_setup.o(.text.enet_system_setup) refers to gd32f30x_enet.o(.text.enet_software_reset) for enet_software_reset
    enet_setup.o(.text.enet_system_setup) refers to gd32f30x_enet.o(.text.enet_init) for enet_init
    enet_setup.o(.text.enet_system_setup) refers to enet_setup.o(.bss.enet_init_status) for enet_init_status
    enet_setup.o(.text.enet_system_setup) refers to gd32f30x_enet.o(.text.enet_interrupt_enable) for enet_interrupt_enable
    enet_setup.o(.ARM.exidx.text.enet_system_setup) refers to enet_setup.o(.text.enet_system_setup) for [Anonymous Symbol]
    dsp_mirror.o(.text.dsp_mirror_read_reg) refers to dsp_mirror.o(.rodata.g_dsp_mirror_reg_map) for g_dsp_mirror_reg_map
    dsp_mirror.o(.ARM.exidx.text.dsp_mirror_read_reg) refers to dsp_mirror.o(.text.dsp_mirror_read_reg) for [Anonymous Symbol]
    dsp_mirror.o(.text.dsp_mirror_write_reg) refers to dsp_mirror.o(.rodata.g_dsp_mirror_reg_map) for g_dsp_mirror_reg_map
    dsp_mirror.o(.ARM.exidx.text.dsp_mirror_write_reg) refers to dsp_mirror.o(.text.dsp_mirror_write_reg) for [Anonymous Symbol]
    dsp_mirror.o(.rodata.g_dsp_mirror_reg_map) refers to dsp_mirror.o(.bss.g_dsp_mirror_reg) for g_dsp_mirror_reg
    system_gd32f30x.o(.ARM.exidx.text.SystemInit) refers to system_gd32f30x.o(.text.SystemInit) for [Anonymous Symbol]
    system_gd32f30x.o(.text.SystemCoreClockUpdate) refers to system_gd32f30x.o(.data.SystemCoreClock) for SystemCoreClock
    system_gd32f30x.o(.ARM.exidx.text.SystemCoreClockUpdate) refers to system_gd32f30x.o(.text.SystemCoreClockUpdate) for [Anonymous Symbol]
[...]
    ip4_reass                                0x0800403d   Thumb Code  1144  ip4_frag.o(.text.ip4_reass)
    ip4_route                                0x080044b5   Thumb Code   112  ip4.o(.text.ip4_route)
    ip_reass_tmr                             0x080045ad   Thumb Code    58  ip4_frag.o(.text.ip_reass_tmr)
    low_level_init                           0x08004605   Thumb Code   116  ethernetif.o(.text.low_level_init)
    lwip_htonl                               0x08004775   Thumb Code     4  def.o(.text.lwip_htonl)
    lwip_htons                               0x08004779   Thumb Code     4  def.o(.text.lwip_htons)
    lwip_init                                0x0800477d   Thumb Code    34  init.o(.text.lwip_init)
    lwip_stack_init                          0x080047a1   Thumb Code    28  netconf.o(.text.lwip_stack_init)
    main                                     0x080047bd   Thumb Code    42  main.o(.text.main)
    mem_free                                 0x080047e9   Thumb Code   254  mem.o(.text.mem_free)
    mem_init                                 0x080048e9   Thumb Code    84  mem.o(.text.mem_init)
    mem_malloc                               0x0800493d   Thumb Code   264  mem.o(.text.mem_malloc)
    mem_trim                                 0x08004a45   Thumb Code   244  mem.o(.text.mem_trim)
    memp_free                                0x08004b39   Thumb Code    40  memp.o(.text.memp_free)
    memp_init                                0x08004b7d   Thumb Code    72  memp.o(.text.memp_init)
    memp_malloc                              0x08004bc5   Thumb Code    44  memp.o(.text.memp_malloc)
    netif_add                                0x08004c11   Thumb Code   204  netif.o(.text.netif_add)
    netif_get_by_index                       0x08004d1d   Thumb Code    36  netif.o(.text.netif_get_by_index)
    netif_init                               0x08004d41   Thumb Code     2  netif.o(.text.netif_init)
    netif_set_addr                           0x08004d4d   Thumb Code   262  netif.o(.text.netif_set_addr)
    netif_set_default                        0x08004e55   Thumb Code    12  netif.o(.text.netif_set_default)
    netif_set_link_up                        0x08004e61   Thumb Code    76  netif.o(.text.netif_set_link_up)
    netif_set_up                             0x08004ed1   Thumb Code    80  netif.o(.text.netif_set_up)
    nvic_irq_enable                          0x08004f9d   Thumb Code   136  gd32f30x_misc.o(.text.nvic_irq_enable)
    pbuf_add_header                          0x08005025   Thumb Code    76  pbuf.o(.text.pbuf_add_header)
    pbuf_alloc                               0x08005071   Thumb Code   394  pbuf.o(.text.pbuf_alloc)
    pbuf_alloced_custom                      0x080051fd   Thumb Code    62  pbuf.o(.text.pbuf_alloced_custom)
    pbuf_cat                                 0x0800523d   Thumb Code    68  pbuf.o(.text.pbuf_cat)
    pbuf_chain                               0x08005281   Thumb Code    78  pbuf.o(.text.pbuf_chain)
    pbuf_clen                                0x080052d1   Thumb Code    16  pbuf.o(.text.pbuf_clen)
    pbuf_clone                               0x080052e1   Thumb Code    54  pbuf.o(.text.pbuf_clone)
    pbuf_copy                                0x08005319   Thumb Code    30  pbuf.o(.text.pbuf_copy)
    pbuf_copy_partial                        0x08005339   Thumb Code   116  pbuf.o(.text.pbuf_copy_partial)
    pbuf_copy_partial_pbuf                   0x080053f1   Thumb Code   236  pbuf.o(.text.pbuf_copy_partial_pbuf)
    pbuf_free                                0x080054fd   Thumb Code    96  pbuf.o(.text.pbuf_free)
    pbuf_header_force                        0x0800555d   Thumb Code   132  pbuf.o(.text.pbuf_header_force)
    pbuf_realloc                             0x080055e1   Thumb Code   170  pbuf.o(.text.pbuf_realloc)
    pbuf_ref                                 0x0800568d   Thumb Code    14  pbuf.o(.text.pbuf_ref)
    pbuf_remove_header                       0x0800569d   Thumb Code    64  pbuf.o(.text.pbuf_remove_header)
    pvPortMalloc                             0x08005e21   Thumb Code   496  heap_4.o(.text.pvPortMalloc)
    pvTaskIncrementMutexHeldCount            0x08006011   Thumb Code    24  tasks.o(.text.pvTaskIncrementMutexHeldCount)
    pxPortInitialiseStack                    0x08006029   Thumb Code    36  port.o(.text.pxPortInitialiseStack)
    rcu_clock_freq_get                       0x0800604d   Thumb Code   288  gd32f30x_rcu.o(.text.rcu_clock_freq_get)
    rcu_periph_clock_enable                  0x0800617d   Thumb Code    30  gd32f30x_rcu.o(.text.rcu_periph_clock_enable)
    rcu_periph_reset_disable                 0x0800619d   Thumb Code    32  gd32f30x_rcu.o(.text.rcu_periph_reset_disable)
    rcu_periph_reset_enable                  0x080061bd   Thumb Code    30  gd32f30x_rcu.o(.text.rcu_periph_reset_enable)
    sys_arch_mbox_fetch                      0x080061dd   Thumb Code    58  sys_arch.o(.text.sys_arch_mbox_fetch)
    sys_check_timeouts                       0x08006219   Thumb Code    78  timeouts.o(.text.sys_check_timeouts)
    sys_init                                 0x08006269   Thumb Code     2  sys_arch.o(.text.sys_init)
    sys_mbox_new                             0x0800626d   Thumb Code    32  sys_arch.o(.text.sys_mbox_new)
    sys_mbox_post                            0x0800628d   Thumb Code    34  sys_arch.o(.text.sys_mbox_post)
    sys_mbox_trypost                         0x080062b1   Thumb Code    38  sys_arch.o(.text.sys_mbox_trypost)
    sys_mutex_lock                           0x080062d9   Thumb Code    14  sys_arch.o(.text.sys_mutex_lock)
    sys_mutex_new                            0x080062e9   Thumb Code    26  sys_arch.o(.text.sys_mutex_new)
    sys_mutex_unlock                         0x08006305   Thumb Code     6  sys_arch.o(.text.sys_mutex_unlock)
    sys_now                                  0x0800630d   Thumb Code     8  sys_arch.o(.text.sys_now)
    sys_thread_new                           0x08006315   Thumb Code    34  sys_arch.o(.text.sys_thread_new)
    sys_timeouts_init                        0x08006339   Thumb Code   124  timeouts.o(.text.sys_timeouts_init)
    sys_timeouts_sleeptime                   0x080063b5   Thumb Code    36  timeouts.o(.text.sys_timeouts_sleeptime)
    tcp_abandon                              0x080063d9   Thumb Code   408  tcp.o(.text.tcp_abandon)
    tcp_abort                                0x0800658d   Thumb Code     6  tcp.o(.text.tcp_abort)
    tcp_alloc                                0x08006595   Thumb Code   474  tcp.o(.text.tcp_alloc)
    tcp_eff_send_mss_netif                   0x08006a11   Thumb Code    26  tcp.o(.text.tcp_eff_send_mss_netif)
    tcp_enqueue_flags                        0x08006a2d   Thumb Code   126  tcp_out.o(.text.tcp_enqueue_flags)
    tcp_fasttmr                              0x08006aad   Thumb Code   258  tcp.o(.text.tcp_fasttmr)
    tcp_free                                 0x08006bb1   Thumb Code     8  tcp.o(.text.tcp_free)
    tcp_init                                 0x08006c35   Thumb Code     2  tcp.o(.text.tcp_init)
    tcp_input                                0x08006c39   Thumb Code  1194  tcp_in.o(.text.tcp_input)
    tcp_keepalive                            0x08007129   Thumb Code   106  tcp_out.o(.text.tcp_keepalive)
    tcp_netif_ip_addr_changed                0x080072f9   Thumb Code   132  tcp.o(.text.tcp_netif_ip_addr_changed)
    tcp_next_iss                             0x0800737d   Thumb Code    26  tcp.o(.text.tcp_next_iss)
    tcp_output                               0x08007399   Thumb Code   746  tcp_out.o(.text.tcp_output)
    tcp_pcb_purge                            0x08007815   Thumb Code   128  tcp.o(.text.tcp_pcb_purge)
    tcp_pcb_remove                           0x080078b1   Thumb Code    74  tcp.o(.text.tcp_pcb_remove)
    tcp_process_refused_data                 0x08007da1   Thumb Code   128  tcp.o(.text.tcp_process_refused_data)
    tcp_recv_null                            0x08008249   Thumb Code   168  tcp.o(.text.tcp_recv_null)
    tcp_rexmit                               0x0800830d   Thumb Code   116  tcp_out.o(.text.tcp_rexmit)
    tcp_rexmit_fast                          0x08008381   Thumb Code   194  tcp_out.o(.text.tcp_rexmit_fast)
    tcp_rexmit_rto                           0x08008445   Thumb Code   124  tcp_out.o(.text.tcp_rexmit_rto)
    tcp_rexmit_rto_commit                    0x080084c1   Thumb Code    20  tcp_out.o(.text.tcp_rexmit_rto_commit)
    tcp_rexmit_rto_prepare                   0x080084d5   Thumb Code   102  tcp_out.o(.text.tcp_rexmit_rto_prepare)
    tcp_rst                                  0x0800853d   Thumb Code   100  tcp_out.o(.text.tcp_rst)
    tcp_rst_netif                            0x08008601   Thumb Code    68  tcp_out.o(.text.tcp_rst_netif)
    tcp_seg_free                             0x08008645   Thumb Code    32  tcp.o(.text.tcp_seg_free)
    tcp_send_empty_ack                       0x08008665   Thumb Code   126  tcp_out.o(.text.tcp_send_empty_ack)
    tcp_send_fin                             0x080086e5   Thumb Code    68  tcp_out.o(.text.tcp_send_fin)
    tcp_slowtmr                              0x08008729   Thumb Code   868  tcp.o(.text.tcp_slowtmr)
    tcp_split_unsent_seg                     0x08008aa5   Thumb Code   326  tcp_out.o(.text.tcp_split_unsent_seg)
    tcp_timer_needed                         0x08008bed   Thumb Code   136  timeouts.o(.text.tcp_timer_needed)
    tcp_tmr                                  0x08008d19   Thumb Code    34  tcp.o(.text.tcp_tmr)
    tcp_trigger_input_pcb_close              0x08008d3d   Thumb Code    18  tcp_in.o(.text.tcp_trigger_input_pcb_close)
    tcp_update_rcv_ann_wnd                   0x08008d51   Thumb Code    66  tcp.o(.text.tcp_update_rcv_ann_wnd)
    tcp_zero_window_probe                    0x08008d95   Thumb Code   218  tcp_out.o(.text.tcp_zero_window_probe)
    tcpip_callback                           0x08008e71   Thumb Code    48  tcpip.o(.text.tcpip_callback)
    tcpip_init                               0x08008ea1   Thumb Code    84  tcpip.o(.text.tcpip_init)
    tcpip_input                              0x08008f15   Thumb Code    94  tcpip.o(.text.tcpip_input)
    udp_bind                                 0x080090b9   Thumb Code   232  udp.o(.text.udp_bind)
    udp_connect                              0x080091b9   Thumb Code    96  udp.o(.text.udp_connect)
    udp_init                                 0x08009251   Thumb Code     2  udp.o(.text.udp_init)
    udp_input                                0x08009255   Thumb Code   356  udp.o(.text.udp_input)
    udp_netif_ip_addr_changed                0x080093b9   Thumb Code    62  udp.o(.text.udp_netif_ip_addr_changed)
    udp_new                                  0x080093f9   Thumb Code    38  udp.o(.text.udp_new)
    udp_recv                                 0x08009421   Thumb Code    16  udp.o(.text.udp_recv)
    udp_remove                               0x08009449   Thumb Code    56  udp.o(.text.udp_remove)
    udp_sendto_if                            0x08009499   Thumb Code    88  udp.o(.text.udp_sendto_if)
    udp_sendto_if_src                        0x08009569   Thumb Code   228  udp.o(.text.udp_sendto_if_src)
    uxListRemove                             0x080096d9   Thumb Code    34  list.o(.text.uxListRemove)
    vApplicationGetTimerTaskMemory           0x080096fd   Thumb Code    26  tasks.o(.text.vApplicationGetTimerTaskMemory)
    vListInitialise                          0x08009719   Thumb Code    24  list.o(.text.vListInitialise)
    vListInitialiseItem                      0x08009731   Thumb Code     6  list.o(.text.vListInitialiseItem)
    vListInsert                              0x08009739   Thumb Code    62  list.o(.text.vListInsert)
    vPortEnterCritical                       0x0800978d   Thumb Code    70  port.o(.text.vPortEnterCritical)
    vPortExitCritical                        0x080097d5   Thumb Code    46  port.o(.text.vPortExitCritical)
    vPortFree                                0x08009805   Thumb Code   286  heap_4.o(.text.vPortFree)
    vPortSetupTimerInterrupt                 0x08009925   Thumb Code    30  port.o(.text.vPortSetupTimerInterrupt)
    vQueueWaitForMessageRestricted           0x08009945   Thumb Code    78  queue.o(.text.vQueueWaitForMessageRestricted)
    vTaskInternalSetTimeOutState             0x08009995   Thumb Code    30  tasks.o(.text.vTaskInternalSetTimeOutState)
    vTaskMissedYield                         0x080099b5   Thumb Code    14  tasks.o(.text.vTaskMissedYield)
    vTaskPlaceOnEventList                    0x080099c5   Thumb Code    58  tasks.o(.text.vTaskPlaceOnEventList)
    vTaskPlaceOnEventListRestricted          0x08009a01   Thumb Code   110  tasks.o(.text.vTaskPlaceOnEventListRestricted)
    vTaskPriorityDisinheritAfterTimeout      0x08009a71   Thumb Code   194  tasks.o(.text.vTaskPriorityDisinheritAfterTimeout)
    vTaskStartScheduler                      0x08009b35   Thumb Code   186  tasks.o(.text.vTaskStartScheduler)
    vTaskSuspendAll                          0x08009bf1   Thumb Code    16  tasks.o(.text.vTaskSuspendAll)
    vTaskSwitchContext                       0x08009c01   Thumb Code   162  tasks.o(.text.vTaskSwitchContext)
    xPortStartScheduler                      0x08009ca5   Thumb Code   434  port.o(.text.xPortStartScheduler)
    xQueueCreateMutex                        0x08009e59   Thumb Code   120  queue.o(.text.xQueueCreateMutex)
    xQueueGenericCreate                      0x08009ed1   Thumb Code   142  queue.o(.text.xQueueGenericCreate)
    xQueueGenericCreateStatic                0x08009f61   Thumb Code   204  queue.o(.text.xQueueGenericCreateStatic)
    xQueueGenericSend                        0x0800a02d   Thumb Code   542  queue.o(.text.xQueueGenericSend)
    xQueueGiveMutexRecursive                 0x0800a24d   Thumb Code    72  queue.o(.text.xQueueGiveMutexRecursive)
    xQueueReceive                            0x0800a295   Thumb Code   432  queue.o(.text.xQueueReceive)
    xQueueSemaphoreTake                      0x0800a445   Thumb Code   458  queue.o(.text.xQueueSemaphoreTake)
    xQueueTakeMutexRecursive                 0x0800a611   Thumb Code   122  queue.o(.text.xQueueTakeMutexRecursive)
    xTaskCheckForTimeOut                     0x0800a68d   Thumb Code   186  tasks.o(.text.xTaskCheckForTimeOut)
    xTaskCreate                              0x0800a749   Thumb Code   246  tasks.o(.text.xTaskCreate)
    xTaskCreateStatic                        0x0800a841   Thumb Code   278  tasks.o(.text.xTaskCreateStatic)
    xTaskGetCurrentTaskHandle                0x0800a959   Thumb Code    12  tasks.o(.text.xTaskGetCurrentTaskHandle)
    xTaskGetSchedulerState                   0x0800a965   Thumb Code    38  tasks.o(.text.xTaskGetSchedulerState)
    xTaskGetTickCount                        0x0800a98d   Thumb Code    28  tasks.o(.text.xTaskGetTickCount)
    xTaskIncrementTick                       0x0800a9a9   Thumb Code   480  tasks.o(.text.xTaskIncrementTick)
    xTaskPriorityDisinherit                  0x0800ab89   Thumb Code   174  tasks.o(.text.xTaskPriorityDisinherit)
    xTaskPriorityInherit                     0x0800ac39   Thumb Code   176  tasks.o(.text.xTaskPriorityInherit)
    xTaskRemoveFromEventList                 0x0800ace9   Thumb Code   230  tasks.o(.text.xTaskRemoveFromEventList)
    xTaskResumeAll                           0x0800add1   Thumb Code   418  tasks.o(.text.xTaskResumeAll)
    xTimerCreateTimerTask                    0x0800af75   Thumb Code   192  timers.o(.text.xTimerCreateTimerTask)
    fputc                                    0x0800b03d   Thumb Code    28  fputc.o(i.fputc)
    _fp_init                                 0x0800b059   Thumb Code    26  fpinit.o(x$fpl$fpinit)
    __fplib_config_fpu_vfp                   0x0800b071   Thumb Code     0  fpinit.o(x$fpl$fpinit)
    __fplib_config_pureend_doubles           0x0800b071   Thumb Code     0  fpinit.o(x$fpl$fpinit)
    __stdin_name                             0x0800b072   Data           4  sys_io_names.o(.constdata)
    __stdout_name                            0x0800b076   Data           4  sys_io_names.o(.constdata)
    __stderr_name                            0x0800b07a   Data           4  sys_io_names.o(.constdata)
    ethbroadcast                             0x0800b089   Data           6  ethernet.o(.rodata.ethbroadcast)
    ethzero                                  0x0800b08f   Data           6  ethernet.o(.rodata.ethzero)
    ip_addr_any                              0x0800b098   Data           4  ip4_addr.o(.rodata.ip_addr_any)
    ip_addr_broadcast                        0x0800b09c   Data           4  ip4_addr.o(.rodata.ip_addr_broadcast)
    lwip_cyclic_timers                       0x0800b0a0   Data          40  timeouts.o(.rodata.lwip_cyclic_timers)
    memp_FRAG_PBUF                           0x0800b0c8   Data          16  memp.o(.rodata.memp_FRAG_PBUF)
    memp_NETBUF                              0x0800b0d8   Data          16  memp.o(.rodata.memp_NETBUF)
    memp_NETCONN                             0x0800b0e8   Data          16  memp.o(.rodata.memp_NETCONN)
    memp_PBUF                                0x0800b0f8   Data          16  memp.o(.rodata.memp_PBUF)
    memp_PBUF_POOL                           0x0800b108   Data          16  memp.o(.rodata.memp_PBUF_POOL)
    memp_REASSDATA                           0x0800b118   Data          16  memp.o(.rodata.memp_REASSDATA)
    memp_SYS_TIMEOUT                         0x0800b128   Data          16  memp.o(.rodata.memp_SYS_TIMEOUT)
    memp_TCPIP_MSG_API                       0x0800b138   Data          16  memp.o(.rodata.memp_TCPIP_MSG_API)
    memp_TCPIP_MSG_INPKT                     0x0800b148   Data          16  memp.o(.rodata.memp_TCPIP_MSG_INPKT)
    memp_TCP_PCB                             0x0800b158   Data          16  memp.o(.rodata.memp_TCP_PCB)
    memp_TCP_PCB_LISTEN                      0x0800b168   Data          16  memp.o(.rodata.memp_TCP_PCB_LISTEN)
    memp_TCP_SEG                             0x0800b178   Data          16  memp.o(.rodata.memp_TCP_SEG)
    memp_UDP_PCB                             0x0800b188   Data          16  memp.o(.rodata.memp_UDP_PCB)
    memp_pools                               0x0800b198   Data          52  memp.o(.rodata.memp_pools)
    tcp_pcb_lists                            0x0800b3dc   Data          16  tcp.o(.rodata.tcp_pcb_lists)
    Region$$Table$$Base                      0x0800b3f0   Number         0  anon$$obj.o(Region$$Table)
    Region$$Table$$Limit                     0x0800b410   Number         0  anon$$obj.o(Region$$Table)
    __aeabi_stdin                            0x20000000   Data           4  stdio_streams.o(.data)
    __aeabi_stdout                           0x20000004   Data           4  stdio_streams.o(.data)
    __aeabi_stderr                           0x20000008   Data           4  stdio_streams.o(.data)
    __stdin                                  0x20000020   Data          84  stdio_streams.o(.bss)
    __stdout                                 0x20000074   Data          84  stdio_streams.o(.bss)
    __stderr                                 0x200000c8   Data          84  stdio_streams.o(.bss)
    __libspace_start                         0x2000011c   Data          96  libspace.o(.bss)
    __temporary_stack_top$libspace           0x2000017c   Data           0  libspace.o(.bss)
    dma_current_ptp_rxdesc                   0x200002a8   Data           4  gd32f30x_enet.o(.bss.dma_current_ptp_rxdesc)
    dma_current_ptp_txdesc                   0x200002ac   Data           4  gd32f30x_enet.o(.bss.dma_current_ptp_txdesc)
    dma_current_rxdesc                       0x200002b0   Data           4  gd32f30x_enet.o(.bss.dma_current_rxdesc)
    dma_current_txdesc                       0x200002b4   Data           4  gd32f30x_enet.o(.bss.dma_current_txdesc)
    g_mynetif                                0x200002fc   Data          56  netconf.o(.bss.g_mynetif)
    ip_data                                  0x20000340   Data          24  ip.o(.bss.ip_data)
    lock_tcpip_core                          0x20000360   Data           4  tcpip.o(.bss.lock_tcpip_core)
    memp_memory_FRAG_PBUF_base               0x20000368   Data         363  memp.o(.bss.memp_memory_FRAG_PBUF_base)
    memp_memory_NETBUF_base                  0x200004d3   Data          35  memp.o(.bss.memp_memory_NETBUF_base)
    memp_memory_NETCONN_base                 0x200004f6   Data         163  memp.o(.bss.memp_memory_NETCONN_base)
    memp_memory_PBUF_POOL_base               0x20000599   Data       15163  memp.o(.bss.memp_memory_PBUF_POOL_base)
    memp_memory_PBUF_base                    0x200040d4   Data         163  memp.o(.bss.memp_memory_PBUF_base)
    memp_memory_REASSDATA_base               0x20004177   Data         163  memp.o(.bss.memp_memory_REASSDATA_base)
    memp_memory_SYS_TIMEOUT_base             0x2000421a   Data         163  memp.o(.bss.memp_memory_SYS_TIMEOUT_base)
    memp_memory_TCPIP_MSG_API_base           0x200042bd   Data         131  memp.o(.bss.memp_memory_TCPIP_MSG_API_base)
    memp_memory_TCPIP_MSG_INPKT_base         0x20004340   Data         131  memp.o(.bss.memp_memory_TCPIP_MSG_INPKT_base)
    memp_memory_TCP_PCB_LISTEN_base          0x200043c3   Data         171  memp.o(.bss.memp_memory_TCP_PCB_LISTEN_base)
    memp_memory_TCP_PCB_base                 0x2000446e   Data        1523  memp.o(.bss.memp_memory_TCP_PCB_base)
    memp_memory_TCP_SEG_base                 0x20004a61   Data         243  memp.o(.bss.memp_memory_TCP_SEG_base)
    memp_memory_UDP_PCB_base                 0x20004b54   Data         195  memp.o(.bss.memp_memory_UDP_PCB_base)
    netif_default                            0x20004c4c   Data           4  netif.o(.bss.netif_default)
    netif_list                               0x20004c50   Data           4  netif.o(.bss.netif_list)
    pxCurrentTCB                             0x20004da8   Data           4  tasks.o(.bss.pxCurrentTCB)
    ram_heap                                 0x20004e40   Data       20499  mem.o(.bss.ram_heap)
    rx_buff                                  0x20009e64   Data        7620  gd32f30x_enet.o(.bss.rx_buff)
    rxdesc_tab                               0x2000bc28   Data          80  gd32f30x_enet.o(.bss.rxdesc_tab)
    tcp_active_pcbs                          0x2000bc7c   Data           4  tcp.o(.bss.tcp_active_pcbs)
    tcp_active_pcbs_changed                  0x2000bc80   Data           1  tcp.o(.bss.tcp_active_pcbs_changed)
    tcp_bound_pcbs                           0x2000bc84   Data           4  tcp.o(.bss.tcp_bound_pcbs)
    tcp_input_pcb                            0x2000bc88   Data           4  tcp_in.o(.bss.tcp_input_pcb)
    tcp_listen_pcbs                          0x2000bc8c   Data           4  tcp.o(.bss.tcp_listen_pcbs)
    tcp_ticks                                0x2000bc90   Data           4  tcp.o(.bss.tcp_ticks)
    tcp_tw_pcbs                              0x2000bc98   Data           4  tcp.o(.bss.tcp_tw_pcbs)
    tx_buff                                  0x2000bcbc   Data        7620  gd32f30x_enet.o(.bss.tx_buff)
    txdesc_tab                               0x2000da80   Data          80  gd32f30x_enet.o(.bss.txdesc_tab)
    udp_pcbs                                 0x20011ad4   Data           4  udp.o(.bss.udp_pcbs)



==============================================================================

Memory Map of the image

  Image Entry point : 0x08000131

  Load Region LR_IROM1 (Base: 0x08000000, Size: 0x0000b430, Max: 0x00100000, ABSOLUTE)

    Execution Region ER_IROM1 (Exec base: 0x08000000, Load base: 0x08000000, Size: 0x0000b410, Max: 0x00100000, ABSOLUTE)

    Exec Addr    Load Addr    Size         Type   Attr      Idx    E Section Name        Object

    0x08000000   0x08000000   0x00000130   Data   RO           68    RESET               startup_gd32f30x_hd.o
    0x08000130   0x08000130   0x00000008   Code   RO         3195  * !!!main             c_w.l(__main.o)
    0x08000138   0x08000138   0x0000005c   Code   RO         3573    !!!scatter          c_w.l(__scatter.o)
    0x08000194   0x08000194   0x0000001a   Code   RO         3577    !!handler_copy      c_w.l(__scatter_copy.o)
    0x080001ae   0x080001ae   0x00000002   PAD
    0x080001b0   0x080001b0   0x00000002   Code   RO         3574    !!handler_null      c_w.l(__scatter.o)
    0x080001b2   0x080001b2   0x00000002   PAD
    0x080001b4   0x080001b4   0x0000001c   Code   RO         3579    !!handler_zi        c_w.l(__scatter_zi.o)
    0x080001d0   0x080001d0   0x00000002   Code   RO         3413    .ARM.Collect$$libinit$$00000000  c_w.l(libinit.o)
    0x080001d2   0x080001d2   0x00000004   Code   RO         3269    .ARM.Collect$$libinit$$00000001  c_w.l(libinit2.o)
    0x080001d6   0x080001d6   0x00000000   Code   RO         3272    .ARM.Collect$$libinit$$00000004  c_w.l(libinit2.o)
    0x080001d6   0x080001d6   0x00000000   Code   RO         3274    .ARM.Collect$$libinit$$00000006  c_w.l(libinit2.o)
    0x080001d6   0x080001d6   0x00000008   Code   RO         3275    .ARM.Collect$$libinit$$00000007  c_w.l(libinit2.o)
    0x080001de   0x080001de   0x00000000   Code   RO         3277    .ARM.Collect$$libinit$$0000000C  c_w.l(libinit2.o)
    0x080001de   0x080001de   0x00000000   Code   RO         3279    .ARM.Collect$$libinit$$0000000E  c_w.l(libinit2.o)
    0x080001de   0x080001de   0x00000000   Code   RO         3281    .ARM.Collect$$libinit$$00000010  c_w.l(libinit2.o)
    0x080001de   0x080001de   0x00000000   Code   RO         3284    .ARM.Collect$$libinit$$00000013  c_w.l(libinit2.o)
    0x080001de   0x080001de   0x00000000   Code   RO         3286    .ARM.Collect$$libinit$$00000015  c_w.l(libinit2.o)
    0x080001de   0x080001de   0x00000000   Code   RO         3288    .ARM.Collect$$libinit$$00000017  c_w.l(libinit2.o)
    0x080001de   0x080001de   0x00000000   Code   RO         3290    .ARM.Collect$$libinit$$00000019  c_w.l(libinit2.o)
    0x080001de   0x080001de   0x00000000   Code   RO         3292    .ARM.Collect$$libinit$$0000001B  c_w.l(libinit2.o)
    0x080001de   0x080001de   0x00000000   Code   RO         3294    .ARM.Collect$$libinit$$0000001D  c_w.l(libinit2.o)
    0x080001de   0x080001de   0x00000000   Code   RO         3296    .ARM.Collect$$libinit$$0000001F  c_w.l(libinit2.o)
    0x080001de   0x080001de   0x00000000   Code   RO         3298    .ARM.Collect$$libinit$$00000021  c_w.l(libinit2.o)
    0x080001de   0x080001de   0x00000000   Code   RO         3300    .ARM.Collect$$libinit$$00000023  c_w.l(libinit2.o)
    0x080001de   0x080001de   0x00000000   Code   RO         3302    .ARM.Collect$$libinit$$00000025  c_w.l(libinit2.o)
    0x080001de   0x080001de   0x00000004   Code   RO         3303    .ARM.Collect$$libinit$$00000026  c_w.l(libinit2.o)
    0x080001e2   0x080001e2   0x00000000   Code   RO         3304    .ARM.Collect$$libinit$$00000027  c_w.l(libinit2.o)
    0x080001e2   0x080001e2   0x00000000   Code   RO         3308    .ARM.Collect$$libinit$$0000002E  c_w.l(libinit2.o)
    0x080001e2   0x080001e2   0x00000000   Code   RO         3310    .ARM.Collect$$libinit$$00000030  c_w.l(libinit2.o)
    0x080001e2   0x080001e2   0x00000000   Code   RO         3312    .ARM.Collect$$libinit$$00000032  c_w.l(libinit2.o)
    0x080001e2   0x080001e2   0x00000000   Code   RO         3314    .ARM.Collect$$libinit$$00000034  c_w.l(libinit2.o)
    0x080001e2   0x080001e2   0x00000002   Code   RO         3315    .ARM.Collect$$libinit$$00000035  c_w.l(libinit2.o)
    0x080001e4   0x080001e4   0x00000002   Code   RO         3554    .ARM.Collect$$libshutdown$$00000000  c_w.l(libshutdown.o)
    0x080001e6   0x080001e6   0x00000000   Code   RO         3415    .ARM.Collect$$libshutdown$$00000002  c_w.l(libshutdown2.o)
    0x080001e6   0x080001e6   0x00000004   Code   RO         3416    .ARM.Collect$$libshutdown$$00000003  c_w.l(libshutdown2.o)
    0x080001ea   0x080001ea   0x00000000   Code   RO         3417    .ARM.Collect$$libshutdown$$00000004  c_w.l(libshutdown2.o)
    0x080001ea   0x080001ea   0x00000000   Code   RO         3420    .ARM.Collect$$libshutdown$$00000007  c_w.l(libshutdown2.o)
    0x080001ea   0x080001ea   0x00000000   Code   RO         3423    .ARM.Collect$$libshutdown$$0000000A  c_w.l(libshutdown2.o)
    0x080001ea   0x080001ea   0x00000000   Code   RO         3425    .ARM.Collect$$libshutdown$$0000000C  c_w.l(libshutdown2.o)
    0x080001ea   0x080001ea   0x00000000   Code   RO         3428    .ARM.Collect$$libshutdown$$0000000F  c_w.l(libshutdown2.o)
    0x080001ea   0x080001ea   0x00000002   Code   RO         3429    .ARM.Collect$$libshutdown$$00000010  c_w.l(libshutdown2.o)
    0x080001ec   0x080001ec   0x00000000   Code   RO         3197    .ARM.Collect$$rtentry$$00000000  c_w.l(__rtentry.o)
    0x080001ec   0x080001ec   0x00000000   Code   RO         3233    .ARM.Collect$$rtentry$$00000002  c_w.l(__rtentry2.o)
    0x080001ec   0x080001ec   0x00000006   Code   RO         3245    .ARM.Collect$$rtentry$$00000004  c_w.l(__rtentry4.o)
    0x080001f2   0x080001f2   0x00000000   Code   RO         3235    .ARM.Collect$$rtentry$$00000009  c_w.l(__rtentry2.o)
    0x080001f2   0x080001f2   0x00000004   Code   RO         3236    .ARM.Collect$$rtentry$$0000000A  c_w.l(__rtentry2.o)
    0x080001f6   0x080001f6   0x00000000   Code   RO         3238    .ARM.Collect$$rtentry$$0000000C  c_w.l(__rtentry2.o)
    0x080001f6   0x080001f6   0x00000008   Code   RO         3239    .ARM.Collect$$rtentry$$0000000D  c_w.l(__rtentry2.o)
    0x080001fe   0x080001fe   0x00000002   Code   RO         3438    .ARM.Collect$$rtexit$$00000000  c_w.l(rtexit.o)
    0x08000200   0x08000200   0x00000000   Code   RO         3501    .ARM.Collect$$rtexit$$00000002  c_w.l(rtexit2.o)
    0x08000200   0x08000200   0x00000004   Code   RO         3502    .ARM.Collect$$rtexit$$00000003  c_w.l(rtexit2.o)
    0x08000204   0x08000204   0x00000006   Code   RO         3503    .ARM.Collect$$rtexit$$00000004  c_w.l(rtexit2.o)
    0x0800020a   0x0800020a   0x00000002   PAD
    0x0800020c   0x0800020c   0x00000040   Code   RO           69    .text               startup_gd32f30x_hd.o
    0x0800024c   0x0800024c   0x00000018   Code   RO         3173    .text               c_w.l(noretval__2printf.o)
    0x08000264   0x08000264   0x00000058   Code   RO         3177    .text               c_w.l(memcmp.o)
    0x080002bc   0x080002bc   0x0000003e   Code   RO         3179    .text               c_w.l(strlen.o)
    0x080002fa   0x080002fa   0x0000008a   Code   RO         3183    .text               c_w.l(rt_memcpy_v6.o)
    0x08000384   0x08000384   0x00000044   Code   RO         3189    .text               c_w.l(rt_memclr.o)
    0x080003c8   0x080003c8   0x0000004e   Code   RO         3191    .text               c_w.l(rt_memclr_w.o)
    0x08000416   0x08000416   0x00000006   Code   RO         3193    .text               c_w.l(heapauxi.o)
    0x0800041c   0x0800041c   0x00000008   Code   RO         3210    .text               c_w.l(rt_errno_addr_intlibspace.o)
    0x08000424   0x08000424   0x00000024   Code   RO         3212    .text               c_w.l(_printf_char_file.o)
    0x08000448   0x08000448   0x00000064   Code   RO         3225    .text               c_w.l(rt_memcpy_w.o)
    0x080004ac   0x080004ac   0x00000008   Code   RO         3229    .text               c_w.l(libspace.o)
    0x080004b4   0x080004b4   0x00000030   Code   RO         3249    .text               c_w.l(_printf_char_common.o)
    0x080004e4   0x080004e4   0x00000008   Code   RO         3253    .text               c_w.l(ferror.o)
    0x080004ec   0x080004ec   0x00000138   Code   RO         3259    .text               c_w.l(initio.o)
    0x08000624   0x08000624   0x0000004a   Code   RO         3321    .text               c_w.l(sys_stackheap_outer.o)
    0x0800066e   0x0800066e   0x0000004e   Code   RO         3325    .text               c_w.l(h1_free.o)
    0x080006bc   0x080006bc   0x00000028   Code   RO         3379    .text               c_w.l(__printf_nopercent.o)
    0x080006e4   0x080006e4   0x000001e2   Code   RO         3383    .text               c_w.l(flsbuf.o)
    0x080008c6   0x080008c6   0x00000046   Code   RO         3385    .text               c_w.l(setvbuf.o)
    0x0800090c   0x0800090c   0x000000f0   Code   RO         3388    .text               c_w.l(fopen.o)
    0x080009fc   0x080009fc   0x0000004c   Code   RO         3390    .text               c_w.l(fclose.o)
    0x08000a48   0x08000a48   0x00000012   Code   RO         3396    .text               c_w.l(exit.o)
    0x08000a5a   0x08000a5a   0x0000000e   Code   RO         3402    .text               c_w.l(defsig_rtred_outer.o)
    0x08000a68   0x08000a68   0x00000066   Code   RO         3434    .text               c_w.l(sys_io.o)
    0x08000ace   0x08000ace   0x00000002   PAD
    0x08000ad0   0x08000ad0   0x00000008   Code   RO         3445    .text               c_w.l(rt_heap_descriptor_intlibspace.o)
    0x08000ad8   0x08000ad8   0x00000004   Code   RO         3447    .text               c_w.l(hguard.o)
    0x08000adc   0x08000adc   0x0000008a   Code   RO         3449    .text               c_w.l(init_alloc.o)
    0x08000b66   0x08000b66   0x0000005e   Code   RO         3455    .text               c_w.l(h1_alloc.o)
    0x08000bc4   0x08000bc4   0x000000f8   Code   RO         3469    .text               c_w.l(fseek.o)
    0x08000cbc   0x08000cbc   0x00000108   Code   RO         3471    .text               c_w.l(stdio.o)
    0x08000dc4   0x08000dc4   0x0000000a   Code   RO         3477    .text               c_w.l(defsig_exit.o)
    0x08000dce   0x08000dce   0x00000002   PAD
    0x08000dd0   0x08000dd0   0x00000034   Code   RO         3481    .text               c_w.l(defsig_rtred_inner.o)
    0x08000e04   0x08000e04   0x0000000c   Code   RO         3491    .text               c_w.l(sys_exit.o)
    0x08000e10   0x08000e10   0x00000002   Code   RO         3497    .text               c_w.l(use_no_semi.o)
    0x08000e12   0x08000e12   0x00000000   Code   RO         3499    .text               c_w.l(indicate_semi.o)
    0x08000e12   0x08000e12   0x00000000   Code   RO         3509    .text               c_w.l(maybetermalloc1.o)
    0x08000e12   0x08000e12   0x0000000c   Code   RO         3511    .text               c_w.l(h1_init.o)
    0x08000e1e   0x08000e1e   0x00000034   Code   RO         3513    .text               c_w.l(h1_extend.o)
    0x08000e52   0x08000e52   0x00000042   Code   RO         3523    .text               c_w.l(ftell.o)
    0x08000e94   0x08000e94   0x00000032   Code   RO         3531    .text               c_w.l(defsig_general.o)
    0x08000ec6   0x08000ec6   0x0000000e   Code   RO         3533    .text               c_w.l(defsig_rtmem_outer.o)
    0x08000ed4   0x08000ed4   0x0000000e   Code   RO         3542    .text               c_w.l(sys_wrch.o)
    0x08000ee2   0x08000ee2   0x00000002   PAD
    0x08000ee4   0x08000ee4   0x00000050   Code   RO         3548    .text               c_w.l(defsig_rtmem_inner.o)
    0x08000f34   0x08000f34   0x00000060   Code   RO         2033    .text.PendSV_Handler  port.o
    0x08000f94   0x08000f94   0x00000020   Code   RO         2029    .text.SVC_Handler   port.o
    0x08000fb4   0x08000fb4   0x0000002e   Code   RO         2047    .text.SysTick_Handler  port.o
    0x08000fe2   0x08000fe2   0x00000002   PAD
    0x08000fe4   0x08000fe4   0x0000028c   Code   RO           52    .text.SystemInit    system_gd32f30x.o
    0x08001270   0x08001270   0x00000120   Code   RO         2634    .text.dhcp_bind     dhcp.o
    0x08001390   0x08001390   0x000001d8   Code   RO         2598    .text.dhcp_coarse_tmr  dhcp.o
    0x08001568   0x08001568   0x00000120   Code   RO         2614    .text.dhcp_create_msg  dhcp.o
    0x08001688   0x08001688   0x00000128   Code   RO         2610    .text.dhcp_discover  dhcp.o
    0x080017b0   0x080017b0   0x00000086   Code   RO         2604    .text.dhcp_fine_tmr  dhcp.o
    0x08001836   0x08001836   0x00000002   PAD
    0x08001838   0x08001838   0x00000076   Code   RO         2632    .text.dhcp_handle_ack  dhcp.o
    0x080018ae   0x080018ae   0x00000002   PAD
    0x080018b0   0x080018b0   0x00000032   Code   RO         2636    .text.dhcp_handle_nak  dhcp.o
    0x080018e2   0x080018e2   0x00000002   PAD
    0x080018e4   0x080018e4   0x0000003a   Code   RO         2638    .text.dhcp_handle_offer  dhcp.o
    0x0800191e   0x0800191e   0x00000002   PAD
    0x08001920   0x08001920   0x00000028   Code   RO         2616    .text.dhcp_network_changed_link_up  dhcp.o
    0x08001948   0x08001948   0x00000168   Code   RO         2618    .text.dhcp_reboot   dhcp.o
    0x08001ab0   0x08001ab0   0x00000484   Code   RO         2630    .text.dhcp_recv     dhcp.o
    0x08001f34   0x08001f34   0x00000146   Code   RO         2600    .text.dhcp_release_and_stop  dhcp.o
    0x0800207a   0x0800207a   0x00000002   PAD
    0x0800207c   0x0800207c   0x00000128   Code   RO         2620    .text.dhcp_renew    dhcp.o
    0x080021a4   0x080021a4   0x00000218   Code   RO         2628    .text.dhcp_select   dhcp.o
    0x080023bc   0x080023bc   0x00000120   Code   RO         2602    .text.dhcp_start    dhcp.o
    0x080024dc   0x080024dc   0x000000ac   Code   RO          414    .text.enet_deinit   gd32f30x_enet.o
    0x08002588   0x08002588   0x0000005a   Code   RO          514    .text.enet_desc_information_get  gd32f30x_enet.o
    0x080025e2   0x080025e2   0x00000002   PAD
    0x080025e4   0x080025e4   0x00000096   Code   RO          432    .text.enet_descriptors_chain_init  gd32f30x_enet.o
    0x0800267a   0x0800267a   0x00000002   PAD
    0x0800267c   0x0800267c   0x0000005c   Code   RO          442    .text.enet_enable   gd32f30x_enet.o
    0x080026d8   0x080026d8   0x000000a6   Code   RO          438    .text.enet_frame_transmit  gd32f30x_enet.o
    0x0800277e   0x0800277e   0x00000002   PAD
    0x08002780   0x08002780   0x00000468   Code   RO          420    .text.enet_init     gd32f30x_enet.o
    0x08002be8   0x08002be8   0x00000036   Code   RO          462    .text.enet_interrupt_enable  gd32f30x_enet.o
    0x08002c1e   0x08002c1e   0x00000002   PAD
    0x08002c20   0x08002c20   0x00000014   Code   RO          454    .text.enet_mac_address_set  gd32f30x_enet.o
    0x08002c34   0x08002c34   0x00000110   Code   RO          422    .text.enet_phy_config  gd32f30x_enet.o
    0x08002d44   0x08002d44   0x0000000a   Code   RO          524    .text.enet_rx_desc_immediate_receive_complete_interrupt  gd32f30x_enet.o
    0x08002d4e   0x08002d4e   0x00000002   PAD
    0x08002d50   0x08002d50   0x0000003e   Code   RO          426    .text.enet_software_reset  gd32f30x_enet.o
    0x08002d8e   0x08002d8e   0x00000002   PAD
    0x08002d90   0x08002d90   0x0000011e   Code   RO           28    .text.enet_system_setup  enet_setup.o
    0x08002eae   0x08002eae   0x00000002   PAD
    0x08002eb0   0x08002eb0   0x00000016   Code   RO          440    .text.enet_transmit_checksum_config  gd32f30x_enet.o
    0x08002ec6   0x08002ec6   0x00000002   PAD
    0x08002ec8   0x08002ec8   0x00000168   Code   RO         2663    .text.etharp_find_entry  etharp.o
    0x08003030   0x08003030   0x00000184   Code   RO         2667    .text.etharp_input  etharp.o
    0x080031b4   0x080031b4   0x00000108   Code   RO         2669    .text.etharp_output  etharp.o
    0x080032bc   0x080032bc   0x0000010c   Code   RO         2671    .text.etharp_output_to_arp_index  etharp.o
    0x080033c8   0x080033c8   0x000001b4   Code   RO         2673    .text.etharp_query  etharp.o
    0x0800357c   0x0800357c   0x00000082   Code   RO         2657    .text.etharp_request  etharp.o
    0x080035fe   0x080035fe   0x00000002   PAD
    0x08003600   0x08003600   0x0000012c   Code   RO         2655    .text.etharp_tmr    etharp.o
    0x0800372c   0x0800372c   0x0000009c   Code   RO         3083    .text.ethernet_input  ethernet.o
    0x080037c8   0x080037c8   0x00000050   Code   RO         3085    .text.ethernet_output  ethernet.o
    0x08003818   0x08003818   0x00000024   Code   RO         3105    .text.ethernetif_init  ethernetif.o
    0x0800383c   0x0800383c   0x00000016   Code   RO          838    .text.gpio_ethernet_phy_select  gd32f30x_gpio.o
    0x08003852   0x08003852   0x00000002   PAD
    0x08003854   0x08003854   0x000000b6   Code   RO          818    .text.gpio_init     gd32f30x_gpio.o
    0x0800390a   0x0800390a   0x00000002   PAD
    0x0800390c   0x0800390c   0x00000008   Code   RO         2687    .text.icmp_dest_unreach  icmp.o
    0x08003914   0x08003914   0x0000011c   Code   RO         2685    .text.icmp_input    icmp.o
    0x08003a30   0x08003a30   0x0000007a   Code   RO         2689    .text.icmp_send_response  icmp.o
    0x08003aaa   0x08003aaa   0x00000002   PAD
    0x08003aac   0x08003aac   0x00000008   Code   RO         2691    .text.icmp_time_exceeded  icmp.o
    0x08003ab4   0x08003ab4   0x000000b8   Code   RO         2102    .text.inet_chksum_pbuf  inet_chksum.o
    0x08003b6c   0x08003b6c   0x0000002c   Code   RO         2721    .text.ip4_addr_isbroadcast_u32  ip4_addr.o
    0x08003b98   0x08003b98   0x000001e4   Code   RO         2750    .text.ip4_frag      ip4_frag.o
    0x08003d7c   0x08003d7c   0x000001e8   Code   RO         2704    .text.ip4_input     ip4.o
    0x08003f64   0x08003f64   0x00000030   Code   RO         2706    .text.ip4_output_if  ip4.o
    0x08003f94   0x08003f94   0x000000a8   Code   RO         2708    .text.ip4_output_if_src  ip4.o
    0x0800403c   0x0800403c   0x00000478   Code   RO         2748    .text.ip4_reass     ip4_frag.o
    0x080044b4   0x080044b4   0x00000070   Code   RO         2702    .text.ip4_route     ip4.o
    0x08004524   0x08004524   0x00000086   Code   RO         2746    .text.ip_reass_free_complete_datagram  ip4_frag.o
    0x080045aa   0x080045aa   0x00000002   PAD
    0x080045ac   0x080045ac   0x0000003a   Code   RO         2744    .text.ip_reass_tmr  ip4_frag.o
    0x080045e6   0x080045e6   0x00000002   PAD
    0x080045e8   0x080045e8   0x0000001a   Code   RO         2752    .text.ipfrag_free_pbuf_custom  ip4_frag.o
    0x08004602   0x08004602   0x00000002   PAD
    0x08004604   0x08004604   0x00000074   Code   RO         3101    .text.low_level_init  ethernetif.o
    0x08004678   0x08004678   0x00000046   Code   RO         3107    .text.low_level_output  ethernetif.o
    0x080046be   0x080046be   0x00000002   PAD
    0x080046c0   0x080046c0   0x000000b4   Code   RO         2532    .text.lwip_cyclic_timer  timeouts.o
    0x08004774   0x08004774   0x00000004   Code   RO         2067    .text.lwip_htonl    def.o
    0x08004778   0x08004778   0x00000004   Code   RO         2065    .text.lwip_htons    def.o
    0x0800477c   0x0800477c   0x00000022   Code   RO         2112    .text.lwip_init     init.o
    0x0800479e   0x0800479e   0x00000002   PAD
    0x080047a0   0x080047a0   0x0000001c   Code   RO           12    .text.lwip_stack_init  netconf.o
    0x080047bc   0x080047bc   0x0000002a   Code   RO            2    .text.main          main.o
    0x080047e6   0x080047e6   0x00000002   PAD
    0x080047e8   0x080047e8   0x000000fe   Code   RO         2128    .text.mem_free      mem.o
    0x080048e6   0x080048e6   0x00000002   PAD
    0x080048e8   0x080048e8   0x00000054   Code   RO         2126    .text.mem_init      mem.o
    0x0800493c   0x0800493c   0x00000108   Code   RO         2132    .text.mem_malloc    mem.o
    0x08004a44   0x08004a44   0x000000f4   Code   RO         2130    .text.mem_trim      mem.o
    0x08004b38   0x08004b38   0x00000044   Code   RO         2159    .text.memp_free     memp.o
    0x08004b7c   0x08004b7c   0x00000048   Code   RO         2151    .text.memp_init     memp.o
    0x08004bc4   0x08004bc4   0x0000004c   Code   RO         2155    .text.memp_malloc   memp.o
    0x08004c10   0x08004c10   0x0000010c   Code   RO         2216    .text.netif_add     netif.o
    0x08004d1c   0x08004d1c   0x00000024   Code   RO         2248    .text.netif_get_by_index  netif.o
    0x08004d40   0x08004d40   0x00000002   Code   RO         2210    .text.netif_init    netif.o
    0x08004d42   0x08004d42   0x00000002   PAD
    0x08004d44   0x08004d44   0x00000006   Code   RO         2218    .text.netif_null_output_ip4  netif.o
    0x08004d4a   0x08004d4a   0x00000002   PAD
    0x08004d4c   0x08004d4c   0x00000106   Code   RO         2220    .text.netif_set_addr  netif.o
    0x08004e52   0x08004e52   0x00000002   PAD
    0x08004e54   0x08004e54   0x0000000c   Code   RO         2232    .text.netif_set_default  netif.o
    0x08004e60   0x08004e60   0x00000070   Code   RO         2238    .text.netif_set_link_up  netif.o
    0x08004ed0   0x08004ed0   0x0000006c   Code   RO         2234    .text.netif_set_up  netif.o
    0x08004f3c   0x08004f3c   0x0000005e   Code   RO           18    .text.netif_setup_callback  netconf.o
    0x08004f9a   0x08004f9a   0x00000002   PAD
    0x08004f9c   0x08004f9c   0x00000088   Code   RO          934    .text.nvic_irq_enable  gd32f30x_misc.o
    0x08005024   0x08005024   0x0000004c   Code   RO         2271    .text.pbuf_add_header  pbuf.o
    0x08005070   0x08005070   0x0000018a   Code   RO         2261    .text.pbuf_alloc    pbuf.o
    0x080051fa   0x080051fa   0x00000002   PAD
    0x080051fc   0x080051fc   0x0000003e   Code   RO         2267    .text.pbuf_alloced_custom  pbuf.o
    0x0800523a   0x0800523a   0x00000002   PAD
    0x0800523c   0x0800523c   0x00000044   Code   RO         2287    .text.pbuf_cat      pbuf.o
    0x08005280   0x08005280   0x0000004e   Code   RO         2289    .text.pbuf_chain    pbuf.o
    0x080052ce   0x080052ce   0x00000002   PAD
    0x080052d0   0x080052d0   0x00000010   Code   RO         2283    .text.pbuf_clen     pbuf.o
    0x080052e0   0x080052e0   0x00000036   Code   RO         2309    .text.pbuf_clone    pbuf.o
    0x08005316   0x08005316   0x00000002   PAD
    0x08005318   0x08005318   0x0000001e   Code   RO         2293    .text.pbuf_copy     pbuf.o
    0x08005336   0x08005336   0x00000002   PAD
    0x08005338   0x08005338   0x000000b8   Code   RO         2297    .text.pbuf_copy_partial  pbuf.o
    0x080053f0   0x080053f0   0x0000010c   Code   RO         2295    .text.pbuf_copy_partial_pbuf  pbuf.o
    0x080054fc   0x080054fc   0x00000060   Code   RO         2265    .text.pbuf_free     pbuf.o
    0x0800555c   0x0800555c   0x00000084   Code   RO         2279    .text.pbuf_header_force  pbuf.o
    0x080055e0   0x080055e0   0x000000aa   Code   RO         2269    .text.pbuf_realloc  pbuf.o
    0x0800568a   0x0800568a   0x00000002   PAD
    0x0800568c   0x0800568c   0x0000000e   Code   RO         2285    .text.pbuf_ref      pbuf.o
    0x0800569a   0x0800569a   0x00000002   PAD
    0x0800569c   0x0800569c   0x00000040   Code   RO         2275    .text.pbuf_remove_header  pbuf.o
    0x080056dc   0x080056dc   0x000000ce   Code   RO         1796    .text.prvAddCurrentTaskToDelayedList  tasks.o
    0x080057aa   0x080057aa   0x00000002   PAD
    0x080057ac   0x080057ac   0x00000130   Code   RO         1786    .text.prvAddNewTaskToReadyList  tasks.o
    0x080058dc   0x080058dc   0x0000007a   Code   RO         1824    .text.prvCheckTasksWaitingTermination  tasks.o
    0x08005956   0x08005956   0x00000002   PAD
    0x08005958   0x08005958   0x0000002a   Code   RO         1898    .text.prvIdleTask   tasks.o
    0x08005982   0x08005982   0x00000002   PAD
    0x08005984   0x08005984   0x00000028   Code   RO         2039    .text.prvPortStartFirstTask  port.o
    0x080059ac   0x080059ac   0x000000a4   Code   RO         1973    .text.prvProcessExpiredTimer  timers.o
    0x08005a50   0x08005a50   0x00000032   Code   RO         2027    .text.prvTaskExitError  port.o
    0x08005a82   0x08005a82   0x00000002   PAD
    0x08005a84   0x08005a84   0x00000326   Code   RO         1937    .text.prvTimerTask  timers.o
    0x08005daa   0x08005daa   0x00000002   PAD
    0x08005dac   0x08005dac   0x00000074   Code   RO         1694    .text.prvUnlockQueue  queue.o
    0x08005e20   0x08005e20   0x000001f0   Code   RO         1992    .text.pvPortMalloc  heap_4.o
    0x08006010   0x08006010   0x00000018   Code   RO         1876    .text.pvTaskIncrementMutexHeldCount  tasks.o
    0x08006028   0x08006028   0x00000024   Code   RO         2025    .text.pxPortInitialiseStack  port.o
    0x0800604c   0x0800604c   0x00000130   Code   RO         1096    .text.rcu_clock_freq_get  gd32f30x_rcu.o
    0x0800617c   0x0800617c   0x0000001e   Code   RO         1024    .text.rcu_periph_clock_enable  gd32f30x_rcu.o
    0x0800619a   0x0800619a   0x00000002   PAD
    0x0800619c   0x0800619c   0x00000020   Code   RO         1034    .text.rcu_periph_reset_disable  gd32f30x_rcu.o
    0x080061bc   0x080061bc   0x0000001e   Code   RO         1032    .text.rcu_periph_reset_enable  gd32f30x_rcu.o
    0x080061da   0x080061da   0x00000002   PAD
    0x080061dc   0x080061dc   0x0000003a   Code   RO         3149    .text.sys_arch_mbox_fetch  sys_arch.o
    0x08006216   0x08006216   0x00000002   PAD
    0x08006218   0x08006218   0x0000004e   Code   RO         2536    .text.sys_check_timeouts  timeouts.o
    0x08006266   0x08006266   0x00000002   PAD
    0x08006268   0x08006268   0x00000002   Code   RO         3117    .text.sys_init      sys_arch.o
    0x0800626a   0x0800626a   0x00000002   PAD
    0x0800626c   0x0800626c   0x00000020   Code   RO         3141    .text.sys_mbox_new  sys_arch.o
    0x0800628c   0x0800628c   0x00000022   Code   RO         3143    .text.sys_mbox_post  sys_arch.o
    0x080062ae   0x080062ae   0x00000002   PAD
    0x080062b0   0x080062b0   0x00000026   Code   RO         3145    .text.sys_mbox_trypost  sys_arch.o
    0x080062d6   0x080062d6   0x00000002   PAD
    0x080062d8   0x080062d8   0x0000000e   Code   RO         3127    .text.sys_mutex_lock  sys_arch.o
    0x080062e6   0x080062e6   0x00000002   PAD
    0x080062e8   0x080062e8   0x0000001a   Code   RO         3125    .text.sys_mutex_new  sys_arch.o
    0x08006302   0x08006302   0x00000002   PAD
    0x08006304   0x08006304   0x00000006   Code   RO         3129    .text.sys_mutex_unlock  sys_arch.o
    0x0800630a   0x0800630a   0x00000002   PAD
    0x0800630c   0x0800630c   0x00000008   Code   RO         3119    .text.sys_now       sys_arch.o
    0x08006314   0x08006314   0x00000022   Code   RO         3155    .text.sys_thread_new  sys_arch.o
    0x08006336   0x08006336   0x00000002   PAD
    0x08006338   0x08006338   0x0000007c   Code   RO         2530    .text.sys_timeouts_init  timeouts.o
    0x080063b4   0x080063b4   0x00000024   Code   RO         2540    .text.sys_timeouts_sleeptime  timeouts.o
    0x080063d8   0x080063d8   0x000001b4   Code   RO         2351    .text.tcp_abandon   tcp.o
    0x0800658c   0x0800658c   0x00000006   Code   RO         2357    .text.tcp_abort     tcp.o
    0x08006592   0x08006592   0x00000002   PAD
    0x08006594   0x08006594   0x000001da   Code   RO         2393    .text.tcp_alloc     tcp.o
    0x0800676e   0x0800676e   0x00000002   PAD
    0x08006770   0x08006770   0x000001b6   Code   RO         2347    .text.tcp_close_shutdown  tcp.o
    0x08006926   0x08006926   0x00000002   PAD
    0x08006928   0x08006928   0x0000004e   Code   RO         2381    .text.tcp_close_shutdown_fin  tcp.o
    0x08006976   0x08006976   0x00000002   PAD
    0x08006978   0x08006978   0x00000096   Code   RO         2482    .text.tcp_create_segment  tcp_out.o
    0x08006a0e   0x08006a0e   0x00000002   PAD
    0x08006a10   0x08006a10   0x0000001a   Code   RO         2377    .text.tcp_eff_send_mss_netif  tcp.o
    0x08006a2a   0x08006a2a   0x00000002   PAD
    0x08006a2c   0x08006a2c   0x0000007e   Code   RO         2488    .text.tcp_enqueue_flags  tcp_out.o
    0x08006aaa   0x08006aaa   0x00000002   PAD
    0x08006aac   0x08006aac   0x00000102   Code   RO         2341    .text.tcp_fasttmr   tcp.o
    0x08006bae   0x08006bae   0x00000002   PAD
    0x08006bb0   0x08006bb0   0x00000008   Code   RO         2337    .text.tcp_free      tcp.o
    0x08006bb8   0x08006bb8   0x0000007a   Code   RO         2453    .text.tcp_free_acked_segments  tcp_in.o
    0x08006c32   0x08006c32   0x00000002   PAD
    0x08006c34   0x08006c34   0x00000002   Code   RO         2335    .text.tcp_init      tcp.o
    0x08006c36   0x08006c36   0x00000002   PAD
    0x08006c38   0x08006c38   0x000004aa   Code   RO         2437    .text.tcp_input     tcp_in.o
    0x080070e2   0x080070e2   0x00000002   PAD
    0x080070e4   0x080070e4   0x00000042   Code   RO         2445    .text.tcp_input_delayed_close  tcp_in.o
    0x08007126   0x08007126   0x00000002   PAD
    0x08007128   0x08007128   0x0000006a   Code   RO         2512    .text.tcp_keepalive  tcp_out.o
    0x08007192   0x08007192   0x00000002   PAD
    0x08007194   0x08007194   0x00000162   Code   RO         2441    .text.tcp_listen_input  tcp_in.o
    0x080072f6   0x080072f6   0x00000002   PAD
    0x080072f8   0x080072f8   0x00000084   Code   RO         2411    .text.tcp_netif_ip_addr_changed  tcp.o
    0x0800737c   0x0800737c   0x0000001a   Code   RO         2375    .text.tcp_next_iss  tcp.o
    0x08007396   0x08007396   0x00000002   PAD
    0x08007398   0x08007398   0x000002ea   Code   RO         2490    .text.tcp_output    tcp_out.o
    0x08007682   0x08007682   0x00000002   PAD
    0x08007684   0x08007684   0x00000070   Code   RO         2510    .text.tcp_output_alloc_header  tcp_out.o
    0x080076f4   0x080076f4   0x00000120   Code   RO         2449    .text.tcp_parseopt  tcp_in.o
    0x08007814   0x08007814   0x0000009c   Code   RO         2379    .text.tcp_pcb_purge  tcp.o
    0x080078b0   0x080078b0   0x0000004a   Code   RO         2353    .text.tcp_pcb_remove  tcp.o
    0x080078fa   0x080078fa   0x00000002   PAD
    0x080078fc   0x080078fc   0x000004a2   Code   RO         2443    .text.tcp_process   tcp_in.o
    0x08007d9e   0x08007d9e   0x00000002   PAD
    0x08007da0   0x08007da0   0x000000a8   Code   RO         2383    .text.tcp_process_refused_data  tcp.o
    0x08007e48   0x08007e48   0x00000400   Code   RO         2451    .text.tcp_receive   tcp_in.o
    0x08008248   0x08008248   0x000000c4   Code   RO         2387    .text.tcp_recv_null  tcp.o
    0x0800830c   0x0800830c   0x00000074   Code   RO         2500    .text.tcp_rexmit    tcp_out.o
    0x08008380   0x08008380   0x000000c2   Code   RO         2502    .text.tcp_rexmit_fast  tcp_out.o
    0x08008442   0x08008442   0x00000002   PAD
    0x08008444   0x08008444   0x0000007c   Code   RO         2498    .text.tcp_rexmit_rto  tcp_out.o
    0x080084c0   0x080084c0   0x00000014   Code   RO         2496    .text.tcp_rexmit_rto_commit  tcp_out.o
    0x080084d4   0x080084d4   0x00000066   Code   RO         2494    .text.tcp_rexmit_rto_prepare  tcp_out.o
    0x0800853a   0x0800853a   0x00000002   PAD
    0x0800853c   0x0800853c   0x00000064   Code   RO         2504    .text.tcp_rst       tcp_out.o
    0x080085a0   0x080085a0   0x0000005e   Code   RO         2506    .text.tcp_rst_common  tcp_out.o
    0x080085fe   0x080085fe   0x00000002   PAD
    0x08008600   0x08008600   0x00000044   Code   RO         2508    .text.tcp_rst_netif  tcp_out.o
    0x08008644   0x08008644   0x00000020   Code   RO         2389    .text.tcp_seg_free  tcp.o
    0x08008664   0x08008664   0x0000007e   Code   RO         2492    .text.tcp_send_empty_ack  tcp_out.o
    0x080086e2   0x080086e2   0x00000002   PAD
    0x080086e4   0x080086e4   0x00000044   Code   RO         2486    .text.tcp_send_fin  tcp_out.o
    0x08008728   0x08008728   0x0000037c   Code   RO         2343    .text.tcp_slowtmr   tcp.o
    0x08008aa4   0x08008aa4   0x00000146   Code   RO         2484    .text.tcp_split_unsent_seg  tcp_out.o
    0x08008bea   0x08008bea   0x00000002   PAD
    0x08008bec   0x08008bec   0x00000088   Code   RO         2524    .text.tcp_timer_needed  timeouts.o
    0x08008c74   0x08008c74   0x000000a2   Code   RO         2439    .text.tcp_timewait_input  tcp_in.o
    0x08008d16   0x08008d16   0x00000002   PAD
    0x08008d18   0x08008d18   0x00000022   Code   RO         2339    .text.tcp_tmr       tcp.o
    0x08008d3a   0x08008d3a   0x00000002   PAD
    0x08008d3c   0x08008d3c   0x00000012   Code   RO         2447    .text.tcp_trigger_input_pcb_close  tcp_in.o
    0x08008d4e   0x08008d4e   0x00000002   PAD
    0x08008d50   0x08008d50   0x00000042   Code   RO         2369    .text.tcp_update_rcv_ann_wnd  tcp.o
    0x08008d92   0x08008d92   0x00000002   PAD
    0x08008d94   0x08008d94   0x000000da   Code   RO         2514    .text.tcp_zero_window_probe  tcp_out.o
    0x08008e6e   0x08008e6e   0x00000002   PAD
    0x08008e70   0x08008e70   0x00000030   Code   RO         3026    .text.tcpip_callback  tcpip.o
    0x08008ea0   0x08008ea0   0x00000064   Code   RO         3044    .text.tcpip_init    tcpip.o
    0x08008f04   0x08008f04   0x0000000e   Code   RO           14    .text.tcpip_init_done_callback  netconf.o
    0x08008f12   0x08008f12   0x00000002   PAD
    0x08008f14   0x08008f14   0x0000005e   Code   RO         3024    .text.tcpip_input   tcpip.o
    0x08008f72   0x08008f72   0x00000002   PAD
    0x08008f74   0x08008f74   0x00000080   Code   RO         2528    .text.tcpip_tcp_timer  timeouts.o
    0x08008ff4   0x08008ff4   0x000000c2   Code   RO         3046    .text.tcpip_thread  tcpip.o
    0x080090b6   0x080090b6   0x00000002   PAD
    0x080090b8   0x080090b8   0x00000100   Code   RO         2567    .text.udp_bind      udp.o
    0x080091b8   0x080091b8   0x00000098   Code   RO         2571    .text.udp_connect   udp.o
    0x08009250   0x08009250   0x00000002   Code   RO         2555    .text.udp_init      udp.o
    0x08009252   0x08009252   0x00000002   PAD
    0x08009254   0x08009254   0x00000164   Code   RO         2557    .text.udp_input     udp.o
    0x080093b8   0x080093b8   0x0000003e   Code   RO         2583    .text.udp_netif_ip_addr_changed  udp.o
    0x080093f6   0x080093f6   0x00000002   PAD
    0x080093f8   0x080093f8   0x00000026   Code   RO         2579    .text.udp_new       udp.o
    0x0800941e   0x0800941e   0x00000002   PAD
    0x08009420   0x08009420   0x00000028   Code   RO         2575    .text.udp_recv      udp.o
    0x08009448   0x08009448   0x00000050   Code   RO         2577    .text.udp_remove    udp.o
    0x08009498   0x08009498   0x000000d0   Code   RO         2563    .text.udp_sendto_if  udp.o
    0x08009568   0x08009568   0x00000170   Code   RO         2565    .text.udp_sendto_if_src  udp.o
    0x080096d8   0x080096d8   0x00000022   Code   RO         1660    .text.uxListRemove  list.o
    0x080096fa   0x080096fa   0x00000002   PAD
    0x080096fc   0x080096fc   0x0000001a   Code   RO         1894    .text.vApplicationGetTimerTaskMemory  tasks.o
    0x08009716   0x08009716   0x00000002   PAD
    0x08009718   0x08009718   0x00000018   Code   RO         1652    .text.vListInitialise  list.o
    0x08009730   0x08009730   0x00000006   Code   RO         1654    .text.vListInitialiseItem  list.o
    0x08009736   0x08009736   0x00000002   PAD
    0x08009738   0x08009738   0x0000003e   Code   RO         1658    .text.vListInsert   list.o
    0x08009776   0x08009776   0x00000002   PAD
    0x08009778   0x08009778   0x00000014   Code   RO         2037    .text.vPortEnableVFP  port.o
    0x0800978c   0x0800978c   0x00000046   Code   RO         2043    .text.vPortEnterCritical  port.o
    0x080097d2   0x080097d2   0x00000002   PAD
    0x080097d4   0x080097d4   0x0000002e   Code   RO         2045    .text.vPortExitCritical  port.o
    0x08009802   0x08009802   0x00000002   PAD
    0x08009804   0x08009804   0x0000011e   Code   RO         1994    .text.vPortFree     heap_4.o
    0x08009922   0x08009922   0x00000002   PAD
    0x08009924   0x08009924   0x0000001e   Code   RO         2035    .text.vPortSetupTimerInterrupt  port.o
    0x08009942   0x08009942   0x00000002   PAD
    0x08009944   0x08009944   0x0000004e   Code   RO         1724    .text.vQueueWaitForMessageRestricted  queue.o
    0x08009992   0x08009992   0x00000002   PAD
    0x08009994   0x08009994   0x0000001e   Code   RO         1852    .text.vTaskInternalSetTimeOutState  tasks.o
    0x080099b2   0x080099b2   0x00000002   PAD
    0x080099b4   0x080099b4   0x0000000e   Code   RO         1856    .text.vTaskMissedYield  tasks.o
    0x080099c2   0x080099c2   0x00000002   PAD
    0x080099c4   0x080099c4   0x0000003a   Code   RO         1840    .text.vTaskPlaceOnEventList  tasks.o
    0x080099fe   0x080099fe   0x00000002   PAD
    0x08009a00   0x08009a00   0x0000006e   Code   RO         1844    .text.vTaskPlaceOnEventListRestricted  tasks.o
    0x08009a6e   0x08009a6e   0x00000002   PAD
    0x08009a70   0x08009a70   0x000000c2   Code   RO         1872    .text.vTaskPriorityDisinheritAfterTimeout  tasks.o
    0x08009b32   0x08009b32   0x00000002   PAD
    0x08009b34   0x08009b34   0x000000ba   Code   RO         1820    .text.vTaskStartScheduler  tasks.o
    0x08009bee   0x08009bee   0x00000002   PAD
    0x08009bf0   0x08009bf0   0x00000010   Code   RO         1794    .text.vTaskSuspendAll  tasks.o
    0x08009c00   0x08009c00   0x000000a2   Code   RO         1814    .text.vTaskSwitchContext  tasks.o
    0x08009ca2   0x08009ca2   0x00000002   PAD
    0x08009ca4   0x08009ca4   0x000001b2   Code   RO         2031    .text.xPortStartScheduler  port.o
    0x08009e56   0x08009e56   0x00000002   PAD
    0x08009e58   0x08009e58   0x00000078   Code   RO         1678    .text.xQueueCreateMutex  queue.o
    0x08009ed0   0x08009ed0   0x0000008e   Code   RO         1676    .text.xQueueGenericCreate  queue.o
    0x08009f5e   0x08009f5e   0x00000002   PAD
    0x08009f60   0x08009f60   0x000000cc   Code   RO         1672    .text.xQueueGenericCreateStatic  queue.o
    0x0800a02c   0x0800a02c   0x0000021e   Code   RO         1684    .text.xQueueGenericSend  queue.o
    0x0800a24a   0x0800a24a   0x00000002   PAD
    0x0800a24c   0x0800a24c   0x00000048   Code   RO         1682    .text.xQueueGiveMutexRecursive  queue.o
    0x0800a294   0x0800a294   0x000001b0   Code   RO         1700    .text.xQueueReceive  queue.o
    0x0800a444   0x0800a444   0x000001ca   Code   RO         1688    .text.xQueueSemaphoreTake  queue.o
    0x0800a60e   0x0800a60e   0x00000002   PAD
    0x0800a610   0x0800a610   0x0000007a   Code   RO         1686    .text.xQueueTakeMutexRecursive  queue.o
    0x0800a68a   0x0800a68a   0x00000002   PAD
    0x0800a68c   0x0800a68c   0x000000ba   Code   RO         1854    .text.xTaskCheckForTimeOut  tasks.o
    0x0800a746   0x0800a746   0x00000002   PAD
    0x0800a748   0x0800a748   0x000000f6   Code   RO         1788    .text.xTaskCreate   tasks.o
    0x0800a83e   0x0800a83e   0x00000002   PAD
    0x0800a840   0x0800a840   0x00000116   Code   RO         1784    .text.xTaskCreateStatic  tasks.o
    0x0800a956   0x0800a956   0x00000002   PAD
    0x0800a958   0x0800a958   0x0000000c   Code   RO         1862    .text.xTaskGetCurrentTaskHandle  tasks.o
    0x0800a964   0x0800a964   0x00000026   Code   RO         1866    .text.xTaskGetSchedulerState  tasks.o
    0x0800a98a   0x0800a98a   0x00000002   PAD
    0x0800a98c   0x0800a98c   0x0000001c   Code   RO         1828    .text.xTaskGetTickCount  tasks.o
    0x0800a9a8   0x0800a9a8   0x000001e0   Code   RO         1826    .text.xTaskIncrementTick  tasks.o
    0x0800ab88   0x0800ab88   0x000000ae   Code   RO         1870    .text.xTaskPriorityDisinherit  tasks.o
    0x0800ac36   0x0800ac36   0x00000002   PAD
    0x0800ac38   0x0800ac38   0x000000b0   Code   RO         1868    .text.xTaskPriorityInherit  tasks.o
    0x0800ace8   0x0800ace8   0x000000e6   Code   RO         1846    .text.xTaskRemoveFromEventList  tasks.o
    0x0800adce   0x0800adce   0x00000002   PAD
    0x0800add0   0x0800add0   0x000001a2   Code   RO         1798    .text.xTaskResumeAll  tasks.o
    0x0800af72   0x0800af72   0x00000002   PAD
    0x0800af74   0x0800af74   0x000000c8   Code   RO         1935    .text.xTimerCreateTimerTask  timers.o
    0x0800b03c   0x0800b03c   0x0000001c   Code   RO         3256    i.fputc             c_w.l(fputc.o)
    0x0800b058   0x0800b058   0x0000001a   Code   RO         3432    x$fpl$fpinit        fz_wm.l(fpinit.o)
    0x0800b072   0x0800b072   0x00000004   Data   RO         3316    .constdata          c_w.l(sys_io_names.o)
    0x0800b076   0x0800b076   0x00000004   Data   RO         3317    .constdata          c_w.l(sys_io_names.o)
    0x0800b07a   0x0800b07a   0x00000004   Data   RO         3318    .constdata          c_w.l(sys_io_names.o)
    0x0800b07e   0x0800b07e   0x00000008   Data   RO         1108    .rodata.cst8        gd32f30x_rcu.o
    0x0800b086   0x0800b086   0x00000003   Data   RO         2642    .rodata.dhcp_discover_request_options  dhcp.o
    0x0800b089   0x0800b089   0x00000006   Data   RO         3087    .rodata.ethbroadcast  ethernet.o
    0x0800b08f   0x0800b08f   0x00000006   Data   RO         3088    .rodata.ethzero     ethernet.o
    0x0800b095   0x0800b095   0x00000003   PAD
    0x0800b098   0x0800b098   0x00000004   Data   RO         2733    .rodata.ip_addr_any  ip4_addr.o
    0x0800b09c   0x0800b09c   0x00000004   Data   RO         2734    .rodata.ip_addr_broadcast  ip4_addr.o
    0x0800b0a0   0x0800b0a0   0x00000028   Data   RO         2542    .rodata.lwip_cyclic_timers  timeouts.o
    0x0800b0c8   0x0800b0c8   0x00000010   Data   RO         2179    .rodata.memp_FRAG_PBUF  memp.o
    0x0800b0d8   0x0800b0d8   0x00000010   Data   RO         2182    .rodata.memp_NETBUF  memp.o
    0x0800b0e8   0x0800b0e8   0x00000010   Data   RO         2185    .rodata.memp_NETCONN  memp.o
    0x0800b0f8   0x0800b0f8   0x00000010   Data   RO         2197    .rodata.memp_PBUF   memp.o
    0x0800b108   0x0800b108   0x00000010   Data   RO         2200    .rodata.memp_PBUF_POOL  memp.o
    0x0800b118   0x0800b118   0x00000010   Data   RO         2176    .rodata.memp_REASSDATA  memp.o
    0x0800b128   0x0800b128   0x00000010   Data   RO         2194    .rodata.memp_SYS_TIMEOUT  memp.o
    0x0800b138   0x0800b138   0x00000010   Data   RO         2188    .rodata.memp_TCPIP_MSG_API  memp.o
    0x0800b148   0x0800b148   0x00000010   Data   RO         2191    .rodata.memp_TCPIP_MSG_INPKT  memp.o
    0x0800b158   0x0800b158   0x00000010   Data   RO         2167    .rodata.memp_TCP_PCB  memp.o
    0x0800b168   0x0800b168   0x00000010   Data   RO         2170    .rodata.memp_TCP_PCB_LISTEN  memp.o
    0x0800b178   0x0800b178   0x00000010   Data   RO         2173    .rodata.memp_TCP_SEG  memp.o
    0x0800b188   0x0800b188   0x00000010   Data   RO         2164    .rodata.memp_UDP_PCB  memp.o
    0x0800b198   0x0800b198   0x00000034   Data   RO         2201    .rodata.memp_pools  memp.o
    0x0800b1cc   0x0800b1cc   0x0000008b   Data   RO         2161    .rodata.str1.1      memp.o
    0x0800b257   0x0800b257   0x00000158   Data   RO         2323    .rodata.str1.1      pbuf.o
    0x0800b3af   0x0800b3af   0x0000001f   Data   RO         2586    .rodata.str1.1      udp.o
    0x0800b3ce   0x0800b3ce   0x0000000e   Data   RO         2640    .rodata.str1.1      dhcp.o
    0x0800b3dc   0x0800b3dc   0x00000010   Data   RO         2421    .rodata.tcp_pcb_lists  tcp.o
    0x0800b3ec   0x0800b3ec   0x00000004   Data   RO         1915    .rodata.uxTopUsedPriority  tasks.o
    0x0800b3f0   0x0800b3f0   0x00000020   Data   RO         3572    Region$$Table       anon$$obj.o


    Execution Region RW_IRAM1 (Exec base: 0x20000000, Load base: 0x0800b410, Size: 0x000128c0, Max: 0x00018000, ABSOLUTE)

    Exec Addr    Load Addr    Size         Type   Attr      Idx    E Section Name        Object

    0x20000000   0x0800b410   0x00000004   Data   RW         3219    .data               c_w.l(stdio_streams.o)
    0x20000004   0x0800b414   0x00000004   Data   RW         3220    .data               c_w.l(stdio_streams.o)
    0x20000008   0x0800b418   0x00000004   Data   RW         3221    .data               c_w.l(stdio_streams.o)
    0x2000000c   0x0800b41c   0x00000004   Data   RW         2646    .data.dhcp_create_msg.xid  dhcp.o
    0x20000010   0x0800b420   0x00000004   Data   RW         2426    .data.tcp_next_iss.iss  tcp.o
    0x20000014   0x0800b424   0x00000002   Data   RW         2587    .data.udp_port      udp.o
    0x20000016   0x0800b426   0x00000002   PAD
    0x20000018   0x0800b428   0x00000004   Data   RW         2053    .data.uxCriticalNesting  port.o
    0x2000001c   0x0800b42c   0x00000004   PAD
    0x20000020        -       0x00000054   Zero   RW         3216    .bss                c_w.l(stdio_streams.o)
    0x20000074        -       0x00000054   Zero   RW         3217    .bss                c_w.l(stdio_streams.o)
    0x200000c8        -       0x00000054   Zero   RW         3218    .bss                c_w.l(stdio_streams.o)
    0x2000011c        -       0x00000060   Zero   RW         3230    .bss                c_w.l(libspace.o)
    0x2000017c        -       0x00000004   Zero   RW         2460    .bss.ackno          tcp_in.o
    0x20000180        -       0x000000f0   Zero   RW         2675    .bss.arp_table      etharp.o
    0x20000270        -       0x00000004   Zero   RW         2546    .bss.current_timeout_due_time  timeouts.o
    0x20000274        -       0x00000004   Zero   RW         2641    .bss.dhcp_pcb       dhcp.o
    0x20000278        -       0x00000001   Zero   RW         2643    .bss.dhcp_pcb_refcount  dhcp.o
    0x20000279   0x0800b42c   0x00000007   PAD
    0x20000280        -       0x00000008   Zero   RW         2644    .bss.dhcp_rx_options_given  dhcp.o
    0x20000288        -       0x00000020   Zero   RW         2645    .bss.dhcp_rx_options_val  dhcp.o
    0x200002a8        -       0x00000004   Zero   RW          593    .bss.dma_current_ptp_rxdesc  gd32f30x_enet.o
    0x200002ac        -       0x00000004   Zero   RW          592    .bss.dma_current_ptp_txdesc  gd32f30x_enet.o
    0x200002b0        -       0x00000004   Zero   RW          609    .bss.dma_current_rxdesc  gd32f30x_enet.o
    0x200002b4        -       0x00000004   Zero   RW          612    .bss.dma_current_txdesc  gd32f30x_enet.o
    0x200002b8        -       0x00000004   Zero   RW           30    .bss.enet_init_status  enet_setup.o
    0x200002bc        -       0x00000004   Zero   RW          594    .bss.enet_initpara.0  gd32f30x_enet.o
    0x200002c0        -       0x00000004   Zero   RW          595    .bss.enet_initpara.1  gd32f30x_enet.o
    0x200002c4        -       0x00000004   Zero   RW          604    .bss.enet_initpara.10  gd32f30x_enet.o
    0x200002c8        -       0x00000004   Zero   RW          605    .bss.enet_initpara.11  gd32f30x_enet.o
    0x200002cc        -       0x00000004   Zero   RW          606    .bss.enet_initpara.12  gd32f30x_enet.o
    0x200002d0        -       0x00000004   Zero   RW          607    .bss.enet_initpara.13  gd32f30x_enet.o
    0x200002d4        -       0x00000004   Zero   RW          608    .bss.enet_initpara.14  gd32f30x_enet.o
    0x200002d8        -       0x00000004   Zero   RW          596    .bss.enet_initpara.2  gd32f30x_enet.o
    0x200002dc        -       0x00000004   Zero   RW          597    .bss.enet_initpara.3  gd32f30x_enet.o
    0x200002e0        -       0x00000004   Zero   RW          598    .bss.enet_initpara.4  gd32f30x_enet.o
    0x200002e4        -       0x00000004   Zero   RW          599    .bss.enet_initpara.5  gd32f30x_enet.o
    0x200002e8        -       0x00000004   Zero   RW          600    .bss.enet_initpara.6  gd32f30x_enet.o
    0x200002ec        -       0x00000004   Zero   RW          601    .bss.enet_initpara.7  gd32f30x_enet.o
    0x200002f0        -       0x00000004   Zero   RW          602    .bss.enet_initpara.8  gd32f30x_enet.o
    0x200002f4        -       0x00000004   Zero   RW          603    .bss.enet_initpara.9  gd32f30x_enet.o
    0x200002f8        -       0x00000001   Zero   RW         2676    .bss.etharp_cached_entry  etharp.o
    0x200002f9        -       0x00000001   Zero   RW         2461    .bss.flags          tcp_in.o
    0x200002fa   0x0800b42c   0x00000002   PAD
    0x200002fc        -       0x00000038   Zero   RW           20    .bss.g_mynetif      netconf.o
    0x20000334        -       0x00000004   Zero   RW         2463    .bss.inseg.1        tcp_in.o
    0x20000338        -       0x00000002   Zero   RW         2464    .bss.inseg.2        tcp_in.o
    0x2000033a   0x0800b42c   0x00000002   PAD
    0x2000033c        -       0x00000004   Zero   RW         2465    .bss.inseg.3        tcp_in.o
    0x20000340        -       0x00000018   Zero   RW         2120    .bss.ip_data        ip.o
    0x20000358        -       0x00000002   Zero   RW         2712    .bss.ip_id          ip4.o
    0x2000035a        -       0x00000002   Zero   RW         2755    .bss.ip_reass_pbufcount  ip4_frag.o
    0x2000035c        -       0x00000004   Zero   RW         2139    .bss.lfree          mem.o
    0x20000360        -       0x00000004   Zero   RW         3055    .bss.lock_tcpip_core  tcpip.o
    0x20000364        -       0x00000004   Zero   RW         2140    .bss.mem_mutex      mem.o
    0x20000368        -       0x0000016b   Zero   RW         2177    .bss.memp_memory_FRAG_PBUF_base  memp.o
    0x200004d3        -       0x00000023   Zero   RW         2180    .bss.memp_memory_NETBUF_base  memp.o
    0x200004f6        -       0x000000a3   Zero   RW         2183    .bss.memp_memory_NETCONN_base  memp.o
    0x20000599        -       0x00003b3b   Zero   RW         2198    .bss.memp_memory_PBUF_POOL_base  memp.o
    0x200040d4        -       0x000000a3   Zero   RW         2195    .bss.memp_memory_PBUF_base  memp.o
    0x20004177        -       0x000000a3   Zero   RW         2174    .bss.memp_memory_REASSDATA_base  memp.o
    0x2000421a        -       0x000000a3   Zero   RW         2192    .bss.memp_memory_SYS_TIMEOUT_base  memp.o
    0x200042bd        -       0x00000083   Zero   RW         2186    .bss.memp_memory_TCPIP_MSG_API_base  memp.o
    0x20004340        -       0x00000083   Zero   RW         2189    .bss.memp_memory_TCPIP_MSG_INPKT_base  memp.o
    0x200043c3        -       0x000000ab   Zero   RW         2168    .bss.memp_memory_TCP_PCB_LISTEN_base  memp.o
    0x2000446e        -       0x000005f3   Zero   RW         2165    .bss.memp_memory_TCP_PCB_base  memp.o
    0x20004a61        -       0x000000f3   Zero   RW         2171    .bss.memp_memory_TCP_SEG_base  memp.o
    0x20004b54        -       0x000000c3   Zero   RW         2162    .bss.memp_memory_UDP_PCB_base  memp.o
    0x20004c17   0x0800b42c   0x00000001   PAD
    0x20004c18        -       0x00000004   Zero   RW         2178    .bss.memp_tab_FRAG_PBUF  memp.o
    0x20004c1c        -       0x00000004   Zero   RW         2181    .bss.memp_tab_NETBUF  memp.o
    0x20004c20        -       0x00000004   Zero   RW         2184    .bss.memp_tab_NETCONN  memp.o
    0x20004c24        -       0x00000004   Zero   RW         2196    .bss.memp_tab_PBUF  memp.o
    0x20004c28        -       0x00000004   Zero   RW         2199    .bss.memp_tab_PBUF_POOL  memp.o
    0x20004c2c        -       0x00000004   Zero   RW         2175    .bss.memp_tab_REASSDATA  memp.o
    0x20004c30        -       0x00000004   Zero   RW         2193    .bss.memp_tab_SYS_TIMEOUT  memp.o
    0x20004c34        -       0x00000004   Zero   RW         2187    .bss.memp_tab_TCPIP_MSG_API  memp.o
    0x20004c38        -       0x00000004   Zero   RW         2190    .bss.memp_tab_TCPIP_MSG_INPKT  memp.o
    0x20004c3c        -       0x00000004   Zero   RW         2166    .bss.memp_tab_TCP_PCB  memp.o
    0x20004c40        -       0x00000004   Zero   RW         2169    .bss.memp_tab_TCP_PCB_LISTEN  memp.o
    0x20004c44        -       0x00000004   Zero   RW         2172    .bss.memp_tab_TCP_SEG  memp.o
    0x20004c48        -       0x00000004   Zero   RW         2163    .bss.memp_tab_UDP_PCB  memp.o
    0x20004c4c        -       0x00000004   Zero   RW         2252    .bss.netif_default  netif.o
    0x20004c50        -       0x00000004   Zero   RW         2251    .bss.netif_list     netif.o
    0x20004c54        -       0x00000001   Zero   RW         2250    .bss.netif_num      netif.o
    0x20004c55   0x0800b42c   0x00000003   PAD
    0x20004c58        -       0x00000004   Zero   RW         2545    .bss.next_timeout   timeouts.o
    0x20004c5c        -       0x000000f0   Zero   RW         1983    .bss.prvCheckForValidListAndQueue.ucStaticTimerQueueStorage  timers.o
    0x20004d4c   0x0800b42c   0x00000004   PAD
    0x20004d50        -       0x00000050   Zero   RW         1982    .bss.prvCheckForValidListAndQueue.xStaticTimerQueue  timers.o
    0x20004da0        -       0x00000008   Zero   RW         1979    .bss.prvSampleTimeNow.xLastTime  timers.o
    0x20004da8        -       0x00000004   Zero   RW         1900    .bss.pxCurrentTCB   tasks.o
    0x20004dac        -       0x00000004   Zero   RW         1977    .bss.pxCurrentTimerList  timers.o
    0x20004db0        -       0x00000004   Zero   RW         1917    .bss.pxDelayedTaskList  tasks.o
    0x20004db4        -       0x00000004   Zero   RW         2010    .bss.pxEnd          heap_4.o
    0x20004db8        -       0x00000004   Zero   RW         1918    .bss.pxOverflowDelayedTaskList  tasks.o
    0x20004dbc        -       0x00000004   Zero   RW         1978    .bss.pxOverflowTimerList  timers.o
    0x20004dc0        -       0x00000078   Zero   RW         1908    .bss.pxReadyTasksLists  tasks.o
    0x20004e38        -       0x00000004   Zero   RW         2137    .bss.ram            mem.o
    0x20004e3c        -       0x00000004   Zero   RW         2138    .bss.ram_end        mem.o
    0x20004e40        -       0x00005013   Zero   RW         2136    .bss.ram_heap       mem.o
    0x20009e53   0x0800b42c   0x00000001   PAD
    0x20009e54        -       0x00000004   Zero   RW         2754    .bss.reassdatagrams  ip4_frag.o
    0x20009e58        -       0x00000002   Zero   RW         2468    .bss.recv_acked     tcp_in.o
    0x20009e5a   0x0800b42c   0x00000002   PAD
    0x20009e5c        -       0x00000004   Zero   RW         2466    .bss.recv_data      tcp_in.o
    0x20009e60        -       0x00000001   Zero   RW         2467    .bss.recv_flags     tcp_in.o
    0x20009e61   0x0800b42c   0x00000003   PAD
    0x20009e64        -       0x00001dc4   Zero   RW          614    .bss.rx_buff        gd32f30x_enet.o
    0x2000bc28        -       0x00000050   Zero   RW          613    .bss.rxdesc_tab     gd32f30x_enet.o
    0x2000bc78        -       0x00000004   Zero   RW         2459    .bss.seqno          tcp_in.o
    0x2000bc7c        -       0x00000004   Zero   RW         2419    .bss.tcp_active_pcbs  tcp.o
    0x2000bc80        -       0x00000001   Zero   RW         2423    .bss.tcp_active_pcbs_changed  tcp.o
    0x2000bc81   0x0800b42c   0x00000003   PAD
    0x2000bc84        -       0x00000004   Zero   RW         2418    .bss.tcp_bound_pcbs  tcp.o
    0x2000bc88        -       0x00000004   Zero   RW         2469    .bss.tcp_input_pcb  tcp_in.o
    0x2000bc8c        -       0x00000004   Zero   RW         2417    .bss.tcp_listen_pcbs  tcp.o
    0x2000bc90        -       0x00000004   Zero   RW         2424    .bss.tcp_ticks      tcp.o
    0x2000bc94        -       0x00000001   Zero   RW         2422    .bss.tcp_timer      tcp.o
    0x2000bc95        -       0x00000001   Zero   RW         2425    .bss.tcp_timer_ctr  tcp.o
    0x2000bc96   0x0800b42c   0x00000002   PAD
    0x2000bc98        -       0x00000004   Zero   RW         2420    .bss.tcp_tw_pcbs    tcp.o
    0x2000bc9c        -       0x00000004   Zero   RW         2455    .bss.tcphdr         tcp_in.o
    0x2000bca0        -       0x00000002   Zero   RW         2458    .bss.tcphdr_opt1len  tcp_in.o
    0x2000bca2   0x0800b42c   0x00000002   PAD
    0x2000bca4        -       0x00000004   Zero   RW         2457    .bss.tcphdr_opt2    tcp_in.o
    0x2000bca8        -       0x00000002   Zero   RW         2456    .bss.tcphdr_optlen  tcp_in.o
    0x2000bcaa   0x0800b42c   0x00000002   PAD
    0x2000bcac        -       0x00000004   Zero   RW         3056    .bss.tcpip_init_done  tcpip.o
    0x2000bcb0        -       0x00000004   Zero   RW         3057    .bss.tcpip_init_done_arg  tcpip.o
    0x2000bcb4        -       0x00000004   Zero   RW         3054    .bss.tcpip_mbox     tcpip.o
    0x2000bcb8        -       0x00000001   Zero   RW         2544    .bss.tcpip_tcp_timer_active  timeouts.o
    0x2000bcb9   0x0800b42c   0x00000001   PAD
    0x2000bcba        -       0x00000002   Zero   RW         2462    .bss.tcplen         tcp_in.o
    0x2000bcbc        -       0x00001dc4   Zero   RW          611    .bss.tx_buff        gd32f30x_enet.o
    0x2000da80        -       0x00000050   Zero   RW          610    .bss.txdesc_tab     gd32f30x_enet.o
    0x2000dad0        -       0x00004000   Zero   RW         2013    .bss.ucHeap         heap_4.o
    0x20011ad0        -       0x00000001   Zero   RW         2051    .bss.ucMaxSysCallPriority  port.o
    0x20011ad1   0x0800b42c   0x00000003   PAD
    0x20011ad4        -       0x00000004   Zero   RW         2585    .bss.udp_pcbs       udp.o
    0x20011ad8        -       0x00000004   Zero   RW         2052    .bss.ulMaxPRIGROUPValue  port.o
    0x20011adc        -       0x00000004   Zero   RW         1905    .bss.uxCurrentNumberOfTasks  tasks.o
    0x20011ae0        -       0x00000004   Zero   RW         1904    .bss.uxDeletedTasksWaitingCleanUp  tasks.o
    0x20011ae4        -       0x00000004   Zero   RW         1906    .bss.uxSchedulerSuspended  tasks.o
    0x20011ae8        -       0x00000004   Zero   RW         1901    .bss.uxTaskNumber   tasks.o
    0x20011aec        -       0x00000004   Zero   RW         1909    .bss.uxTopReadyPriority  tasks.o
    0x20011af0        -       0x00000200   Zero   RW         1921    .bss.vApplicationGetIdleTaskMemory.uxIdleTaskStack  tasks.o
    0x20011cf0        -       0x00000068   Zero   RW         1920    .bss.vApplicationGetIdleTaskMemory.xIdleTaskTCB  tasks.o
    0x20011d58        -       0x00000200   Zero   RW         1923    .bss.vApplicationGetTimerTaskMemory.uxTimerTaskStack  tasks.o
    0x20011f58        -       0x00000068   Zero   RW         1922    .bss.vApplicationGetTimerTaskMemory.xTimerTaskTCB  tasks.o
    0x20011fc0        -       0x00000018   Zero   RW         1980    .bss.xActiveTimerList1  timers.o
    0x20011fd8        -       0x00000018   Zero   RW         1981    .bss.xActiveTimerList2  timers.o
    0x20011ff0        -       0x00000018   Zero   RW         1924    .bss.xDelayedTaskList1  tasks.o
    0x20012008        -       0x00000018   Zero   RW         1925    .bss.xDelayedTaskList2  tasks.o
    0x20012020        -       0x00000004   Zero   RW         2011    .bss.xFreeBytesRemaining  heap_4.o
    0x20012024        -       0x00000004   Zero   RW         1914    .bss.xIdleTaskHandles.0  tasks.o
    0x20012028        -       0x00000004   Zero   RW         2014    .bss.xMinimumEverFreeBytesRemaining  heap_4.o
    0x2001202c   0x0800b42c   0x00000004   PAD
    0x20012030        -       0x00000008   Zero   RW         1913    .bss.xNextTaskUnblockTime  tasks.o
    0x20012038        -       0x00000004   Zero   RW         1919    .bss.xNumOfOverflows  tasks.o
    0x2001203c        -       0x00000004   Zero   RW         2015    .bss.xNumberOfSuccessfulAllocations  heap_4.o
    0x20012040        -       0x00000004   Zero   RW         2016    .bss.xNumberOfSuccessfulFrees  heap_4.o
    0x20012044   0x0800b42c   0x00000004   PAD
    0x20012048        -       0x00000008   Zero   RW         1916    .bss.xPendedTicks   tasks.o
    0x20012050        -       0x00000018   Zero   RW         1912    .bss.xPendingReadyList  tasks.o
    0x20012068        -       0x00000004   Zero   RW         1902    .bss.xSchedulerRunning  tasks.o
    0x2001206c        -       0x00000008   Zero   RW         2012    .bss.xStart         heap_4.o
    0x20012074   0x0800b42c   0x00000004   PAD
    0x20012078        -       0x00000018   Zero   RW         1910    .bss.xSuspendedTaskList  tasks.o
    0x20012090        -       0x00000018   Zero   RW         1903    .bss.xTasksWaitingTermination  tasks.o
    0x200120a8        -       0x00000008   Zero   RW         1907    .bss.xTickCount     tasks.o
    0x200120b0        -       0x00000004   Zero   RW         1975    .bss.xTimerQueue    timers.o
    0x200120b4        -       0x00000004   Zero   RW         1976    .bss.xTimerTaskHandle  timers.o
    0x200120b8        -       0x00000004   Zero   RW         1911    .bss.xYieldPendings  tasks.o
    0x200120bc   0x0800b42c   0x00000004   PAD
    0x200120c0        -       0x00000400   Zero   RW           67    HEAP                startup_gd32f30x_hd.o
    0x200124c0        -       0x00000400   Zero   RW           66    STACK               startup_gd32f30x_hd.o


==============================================================================

Image component sizes


      Code (inc. data)   RO Data    RW Data    ZI Data      Debug   Object Name

         8          0          0          0          0       4362   def.o
      4706        280         17          4         45      27069   dhcp.o
       286          0          0          0          4       4653   enet_setup.o
      2146         16          0          0        241      13872   etharp.o
       236          0         12          0          0       3467   ethernet.o
       222          0          0          0          0       4768   ethernetif.o
      2238          6          0          0      15476      43681   gd32f30x_enet.o
       204          0          0          0          0       6190   gd32f30x_gpio.o
       136          0          0          0          0       7764   gd32f30x_misc.o
       396         20          8          0          0      17357   gd32f30x_rcu.o
       782          0          0          0      16412       5835   heap_4.o
       422          0          0          0          0       5279   icmp.o
       184          0          0          0          0       7414   inet_chksum.o
        34          0          0          0          0        572   init.o
         0          0          0          0         24       2261   ip.o
       816          0          0          0          2       7230   ip4.o
        44          0          8          0          0       6038   ip4_addr.o
      1846         28          0          0          6      11681   ip4_frag.o
       126          0          0          0          0       2155   list.o
        42          0          0          0          0       1441   main.o
       846          0          0          0      20515       5165   mem.o
       216         60        399          0      18659       5538   memp.o
       136          0          0          0         56       4214   netconf.o
       806        128          0          0          9      11006   netif.o
      1706        100        344          0          0      26765   pbuf.o
       900         16          0          4          5       4310   port.o
      2286          0          0          0          0      23815   queue.o
        64         26        304          0       2048        980   startup_gd32f30x_hd.o
       252          0          0          0          0       6884   sys_arch.o
       652          0          0          0          0       3230   system_gd32f30x.o
      3760          0          4          0       1544      37895   tasks.o
      3502        148         16          4         23      27335   tcp.o
      4414         16          0          0         44      12856   tcp_in.o
      2796          0          0          0          0      24795   tcp_out.o
       436         16          0          0         16       8442   tcpip.o
       682          0         40          0          9       6264   timeouts.o
      1170         18          0          0        392      15142   timers.o
      1562        388         31          2          4      11770   udp.o

    ----------------------------------------------------------------------
     41288       1266       1218         16      75592     419495   Object Totals
         0          0         32          0          0          0   (incl. Generated)
       228          0          3          2         58          0   (incl. Padding)

    ----------------------------------------------------------------------

      Code (inc. data)   RO Data    RW Data    ZI Data      Debug   Library Member Name

         8          0          0          0          0         68   __main.o
        40          0          0          0          0         84   __printf_nopercent.o
         0          0          0          0          0          0   __rtentry.o
        12          0          0          0          0          0   __rtentry2.o
         6          0          0          0          0          0   __rtentry4.o
        94          8          0          0          0          0   __scatter.o
        26          0          0          0          0          0   __scatter_copy.o
        28          0          0          0          0          0   __scatter_zi.o
        48          6          0          0          0         96   _printf_char_common.o
        36          4          0          0          0         80   _printf_char_file.o
        10          0          0          0          0         68   defsig_exit.o
        50          0          0          0          0         88   defsig_general.o
        80         58          0          0          0         76   defsig_rtmem_inner.o
        14          0          0          0          0         80   defsig_rtmem_outer.o
        52         38          0          0          0         76   defsig_rtred_inner.o
        14          0          0          0          0         80   defsig_rtred_outer.o
        18          0          0          0          0         80   exit.o
        76          0          0          0          0         88   fclose.o
         8          0          0          0          0         68   ferror.o
       482          0          0          0          0         92   flsbuf.o
       240          6          0          0          0        128   fopen.o
        28          0          0          0          0         68   fputc.o
       248          6          0          0          0         84   fseek.o
        66          0          0          0          0         76   ftell.o
        94          0          0          0          0         80   h1_alloc.o
        52          0          0          0          0         68   h1_extend.o
        78          0          0          0          0         80   h1_free.o
        12          0          0          0          0         84   h1_init.o
         6          0          0          0          0        152   heapauxi.o
         4          0          0          0          0        136   hguard.o
         0          0          0          0          0          0   indicate_semi.o
       138          0          0          0          0        168   init_alloc.o
       312         46          0          0          0        112   initio.o
         2          0          0          0          0          0   libinit.o
        18          0          0          0          0          0   libinit2.o
         2          0          0          0          0          0   libshutdown.o
         6          0          0          0          0          0   libshutdown2.o
         8          4          0          0         96         68   libspace.o
         0          0          0          0          0          0   maybetermalloc1.o
        88          0          0          0          0         76   memcmp.o
        24          4          0          0          0         84   noretval__2printf.o
         8          4          0          0          0         68   rt_errno_addr_intlibspace.o
         8          4          0          0          0         68   rt_heap_descriptor_intlibspace.o
        68          0          0          0          0         68   rt_memclr.o
        78          0          0          0          0         80   rt_memclr_w.o
       138          0          0          0          0         68   rt_memcpy_v6.o
       100          0          0          0          0         80   rt_memcpy_w.o
         2          0          0          0          0          0   rtexit.o
        10          0          0          0          0          0   rtexit2.o
        70          0          0          0          0         80   setvbuf.o
       264          6          0          0          0        160   stdio.o
         0          0          0         12        252          0   stdio_streams.o
        62          0          0          0          0         76   strlen.o
        12          4          0          0          0         68   sys_exit.o
       102          0          0          0          0        240   sys_io.o
         0          0         12          0          0          0   sys_io_names.o
        74          0          0          0          0         80   sys_stackheap_outer.o
        14          0          0          0          0         76   sys_wrch.o
         2          0          0          0          0         68   use_no_semi.o
        26          0          0          0          0        116   fpinit.o

    ----------------------------------------------------------------------
      3578        198         12         12        348       3984   Library Totals
        12          0          0          0          0          0   (incl. Padding)

    ----------------------------------------------------------------------

      Code (inc. data)   RO Data    RW Data    ZI Data      Debug   Library Name

      3540        198         12         12        348       3868   c_w.l
        26          0          0          0          0        116   fz_wm.l

    ----------------------------------------------------------------------
      3578        198         12         12        348       3984   Library Totals

    ----------------------------------------------------------------------

==============================================================================


      Code (inc. data)   RO Data    RW Data    ZI Data      Debug   

     44866       1464       1230         28      75940     420767   Grand Totals
     44866       1464       1230         28      75940     420767   ELF Image Totals
     44866       1464       1230         28          0          0   ROM Totals

==============================================================================

    Total RO  Size (Code + RO Data)                46096 (  45.02kB)
    Total RW  Size (RW Data + ZI Data)             75968 (  74.19kB)
    Total ROM Size (Code + RO Data + RW Data)      46124 (  45.04kB)

==============================================================================

